Component: ARM Compiler 5.06 update 6 (build 750) Tool: armlink [4d35ed]

==============================================================================

Section Cross References

    startup_stm32h743xx.o(RESET) refers to startup_stm32h743xx.o(STACK) for __initial_sp
    startup_stm32h743xx.o(RESET) refers to startup_stm32h743xx.o(.text) for Reset_Handler
    startup_stm32h743xx.o(RESET) refers to stm32h7xx_it.o(i.NMI_Handler) for NMI_Handler
    startup_stm32h743xx.o(RESET) refers to stm32h7xx_it.o(i.HardFault_Handler) for HardFault_Handler
    startup_stm32h743xx.o(RESET) refers to stm32h7xx_it.o(i.MemManage_Handler) for MemManage_Handler
    startup_stm32h743xx.o(RESET) refers to stm32h7xx_it.o(i.BusFault_Handler) for BusFault_Handler
    startup_stm32h743xx.o(RESET) refers to stm32h7xx_it.o(i.UsageFault_Handler) for UsageFault_Handler
    startup_stm32h743xx.o(RESET) refers to stm32h7xx_it.o(i.SVC_Handler) for SVC_Handler
    startup_stm32h743xx.o(RESET) refers to stm32h7xx_it.o(i.DebugMon_Handler) for DebugMon_Handler
    startup_stm32h743xx.o(RESET) refers to stm32h7xx_it.o(i.PendSV_Handler) for PendSV_Handler
    startup_stm32h743xx.o(RESET) refers to stm32h7xx_it.o(i.SysTick_Handler) for SysTick_Handler
    startup_stm32h743xx.o(RESET) refers to stm32h7xx_it.o(i.EXTI15_10_IRQHandler) for EXTI15_10_IRQHandler
    startup_stm32h743xx.o(RESET) refers to stm32h7xx_it.o(i.ETH_IRQHandler) for ETH_IRQHandler
    startup_stm32h743xx.o(.text) refers to system_stm32h7xx.o(i.SystemInit) for SystemInit
    startup_stm32h743xx.o(.text) refers to entry.o(.ARM.Collect$$$$00000000) for __main
    main.o(i.Error_Handler) refers to printf3.o(i.__0printf$3) for __2printf
    main.o(i.MPU_Config) refers to stm32h7xx_hal_cortex.o(i.HAL_MPU_Disable) for HAL_MPU_Disable
    main.o(i.MPU_Config) refers to stm32h7xx_hal_cortex.o(i.HAL_MPU_ConfigRegion) for HAL_MPU_ConfigRegion
    main.o(i.MPU_Config) refers to stm32h7xx_hal_cortex.o(i.HAL_MPU_Enable) for HAL_MPU_Enable
    main.o(i.SystemClock_Config) refers to memseta.o(.text) for __aeabi_memclr4
    main.o(i.SystemClock_Config) refers to stm32h7xx_hal_rcc.o(i.HAL_RCC_OscConfig) for HAL_RCC_OscConfig
    main.o(i.SystemClock_Config) refers to main.o(i.Error_Handler) for Error_Handler
    main.o(i.SystemClock_Config) refers to stm32h7xx_hal_rcc.o(i.HAL_RCC_ClockConfig) for HAL_RCC_ClockConfig
    main.o(i.SystemClock_Config) refers to stm32h7xx_hal_rcc_ex.o(i.HAL_RCCEx_PeriphCLKConfig) for HAL_RCCEx_PeriphCLKConfig
    main.o(i.main) refers to main.o(i.MPU_Config) for MPU_Config
    main.o(i.main) refers to stm32h7xx_hal.o(i.HAL_Init) for HAL_Init
    main.o(i.main) refers to main.o(i.SystemClock_Config) for SystemClock_Config
    main.o(i.main) refers to gpio.o(i.MX_GPIO_Init) for MX_GPIO_Init
    main.o(i.main) refers to usart.o(i.MX_USART1_UART_Init) for MX_USART1_UART_Init
    main.o(i.main) refers to lwip.o(i.MX_LWIP_Init) for MX_LWIP_Init
    main.o(i.main) refers to printf3.o(i.__0printf$3) for __2printf
    main.o(i.main) refers to tcp_echoserver.o(i.tcp_echoserver_init) for tcp_echoserver_init
    main.o(i.main) refers to lwip.o(i.MX_LWIP_Process) for MX_LWIP_Process
    gpio.o(i.MX_GPIO_Init) refers to memseta.o(.text) for __aeabi_memclr4
    gpio.o(i.MX_GPIO_Init) refers to stm32h7xx_hal_gpio.o(i.HAL_GPIO_Init) for HAL_GPIO_Init
    gpio.o(i.MX_GPIO_Init) refers to stm32h7xx_hal_cortex.o(i.HAL_NVIC_SetPriority) for HAL_NVIC_SetPriority
    gpio.o(i.MX_GPIO_Init) refers to stm32h7xx_hal_cortex.o(i.HAL_NVIC_EnableIRQ) for HAL_NVIC_EnableIRQ
    lwip.o(i.MX_LWIP_Init) refers to init.o(i.lwip_init) for lwip_init
    lwip.o(i.MX_LWIP_Init) refers to netif.o(i.netif_add) for netif_add
    lwip.o(i.MX_LWIP_Init) refers to netif.o(i.netif_set_default) for netif_set_default
    lwip.o(i.MX_LWIP_Init) refers to netif.o(i.netif_set_up) for netif_set_up
    lwip.o(i.MX_LWIP_Init) refers to netif.o(i.netif_set_down) for netif_set_down
    lwip.o(i.MX_LWIP_Init) refers to netif.o(i.netif_set_link_callback) for netif_set_link_callback
    lwip.o(i.MX_LWIP_Init) refers to lwip.o(.data) for .data
    lwip.o(i.MX_LWIP_Init) refers to ethernet.o(i.ethernet_input) for ethernet_input
    lwip.o(i.MX_LWIP_Init) refers to ethernetif.o(i.ethernetif_init) for ethernetif_init
    lwip.o(i.MX_LWIP_Init) refers to lwip.o(.bss) for .bss
    lwip.o(i.MX_LWIP_Init) refers to lwip.o(i.ethernet_link_status_updated) for ethernet_link_status_updated
    lwip.o(i.MX_LWIP_Process) refers to ethernetif.o(i.ethernetif_input) for ethernetif_input
    lwip.o(i.MX_LWIP_Process) refers to timeouts.o(i.sys_check_timeouts) for sys_check_timeouts
    lwip.o(i.MX_LWIP_Process) refers to stm32h7xx_hal.o(i.HAL_GetTick) for HAL_GetTick
    lwip.o(i.MX_LWIP_Process) refers to ethernetif.o(i.ethernet_link_check_state) for ethernet_link_check_state
    lwip.o(i.MX_LWIP_Process) refers to lwip.o(.bss) for .bss
    lwip.o(i.MX_LWIP_Process) refers to lwip.o(.data) for .data
[...]
    .ARM.__AT_0x30040060                     0x30040060   Section       96  ethernetif.o(.ARM.__AT_0x30040060)
    .ARM.__AT_0x30040200                     0x30040200   Section     6112  ethernetif.o(.ARM.__AT_0x30040200)

    Global Symbols

    Symbol Name                              Value     Ov Type        Size  Object(Section)

    BuildAttributes$$THM_ISAv4$E$P$D$K$B$S$7EM$VFPv5_D16$PE$PLD8$A:L22UL41UL21$X:L11$S22US41US21$IEEE1$IW$USESV6$~STKCKD$USESV7$~SHL$OSPACE$ROPI$EBA8$MICROLIB$REQ8$PRES8$EABIv2 0x00000000   Number         0  anon$$obj.o ABSOLUTE
    __ARM_use_no_argv                        0x00000000   Number         0  main.o ABSOLUTE
    _printf_a                                0x00000000   Number         0  stubs.o ABSOLUTE
    _printf_c                                0x00000000   Number         0  stubs.o ABSOLUTE
    _printf_charcount                        0x00000000   Number         0  stubs.o ABSOLUTE
    _printf_d                                0x00000000   Number         0  stubs.o ABSOLUTE
    _printf_e                                0x00000000   Number         0  stubs.o ABSOLUTE
    _printf_f                                0x00000000   Number         0  stubs.o ABSOLUTE
    _printf_flags                            0x00000000   Number         0  stubs.o ABSOLUTE
    _printf_fp_dec                           0x00000000   Number         0  stubs.o ABSOLUTE
    _printf_fp_hex                           0x00000000   Number         0  stubs.o ABSOLUTE
    _printf_g                                0x00000000   Number         0  stubs.o ABSOLUTE
    _printf_i                                0x00000000   Number         0  stubs.o ABSOLUTE
    _printf_int_dec                          0x00000000   Number         0  stubs.o ABSOLUTE
    _printf_l                                0x00000000   Number         0  stubs.o ABSOLUTE
    _printf_lc                               0x00000000   Number         0  stubs.o ABSOLUTE
    _printf_ll                               0x00000000   Number         0  stubs.o ABSOLUTE
    _printf_lld                              0x00000000   Number         0  stubs.o ABSOLUTE
    _printf_lli                              0x00000000   Number         0  stubs.o ABSOLUTE
    _printf_llo                              0x00000000   Number         0  stubs.o ABSOLUTE
    _printf_llu                              0x00000000   Number         0  stubs.o ABSOLUTE
    _printf_llx                              0x00000000   Number         0  stubs.o ABSOLUTE
    _printf_longlong_dec                     0x00000000   Number         0  stubs.o ABSOLUTE
    _printf_longlong_hex                     0x00000000   Number         0  stubs.o ABSOLUTE
    _printf_longlong_oct                     0x00000000   Number         0  stubs.o ABSOLUTE
    _printf_ls                               0x00000000   Number         0  stubs.o ABSOLUTE
    _printf_mbtowc                           0x00000000   Number         0  stubs.o ABSOLUTE
    _printf_n                                0x00000000   Number         0  stubs.o ABSOLUTE
    _printf_o                                0x00000000   Number         0  stubs.o ABSOLUTE
    _printf_p                                0x00000000   Number         0  stubs.o ABSOLUTE
    _printf_percent                          0x00000000   Number         0  stubs.o ABSOLUTE
    _printf_pre_padding                      0x00000000   Number         0  stubs.o ABSOLUTE
    _printf_return_value                     0x00000000   Number         0  stubs.o ABSOLUTE
    _printf_s                                0x00000000   Number         0  stubs.o ABSOLUTE
    _printf_sizespec                         0x00000000   Number         0  stubs.o ABSOLUTE
    _printf_str                              0x00000000   Number         0  stubs.o ABSOLUTE
    _printf_truncate_signed                  0x00000000   Number         0  stubs.o ABSOLUTE
    _printf_truncate_unsigned                0x00000000   Number         0  stubs.o ABSOLUTE
    _printf_u                                0x00000000   Number         0  stubs.o ABSOLUTE
    _printf_wc                               0x00000000   Number         0  stubs.o ABSOLUTE
    _printf_wctomb                           0x00000000   Number         0  stubs.o ABSOLUTE
    _printf_widthprec                        0x00000000   Number         0  stubs.o ABSOLUTE
    _printf_x                                0x00000000   Number         0  stubs.o ABSOLUTE
    __cpp_initialize__aeabi_                  - Undefined Weak Reference
    __cxa_finalize                            - Undefined Weak Reference
    __decompress                              - Undefined Weak Reference
    _clock_init                               - Undefined Weak Reference
    _microlib_exit                            - Undefined Weak Reference
    __Vectors_Size                           0x00000298   Number         0  startup_stm32h743xx.o ABSOLUTE
    __Vectors                                0x08000000   Data           4  startup_stm32h743xx.o(RESET)
    __Vectors_End                            0x08000298   Data           0  startup_stm32h743xx.o(RESET)
    __main                                   0x08000299   Thumb Code     0  entry.o(.ARM.Collect$$$$00000000)
    _main_stk                                0x08000299   Thumb Code     0  entry2.o(.ARM.Collect$$$$00000001)
    _main_scatterload                        0x0800029d   Thumb Code     0  entry5.o(.ARM.Collect$$$$00000004)
    __main_after_scatterload                 0x080002a1   Thumb Code     0  entry5.o(.ARM.Collect$$$$00000004)
    _main_clock                              0x080002a1   Thumb Code     0  entry7b.o(.ARM.Collect$$$$00000008)
    _main_cpp_init                           0x080002a1   Thumb Code     0  entry8b.o(.ARM.Collect$$$$0000000A)
    _main_init                               0x080002a1   Thumb Code     0  entry9a.o(.ARM.Collect$$$$0000000B)
    __rt_final_cpp                           0x080002a9   Thumb Code     0  entry10a.o(.ARM.Collect$$$$0000000D)
    __rt_final_exit                          0x080002a9   Thumb Code     0  entry11a.o(.ARM.Collect$$$$0000000F)
    Reset_Handler                            0x080002ad   Thumb Code     8  startup_stm32h743xx.o(.text)
    ADC3_IRQHandler                          0x080002c7   Thumb Code     0  startup_stm32h743xx.o(.text)
    ADC_IRQHandler                           0x080002c7   Thumb Code     0  startup_stm32h743xx.o(.text)
    BDMA_Channel0_IRQHandler                 0x080002c7   Thumb Code     0  startup_stm32h743xx.o(.text)
    BDMA_Channel1_IRQHandler                 0x080002c7   Thumb Code     0  startup_stm32h743xx.o(.text)
    BDMA_Channel2_IRQHandler                 0x080002c7   Thumb Code     0  startup_stm32h743xx.o(.text)
    BDMA_Channel3_IRQHandler                 0x080002c7   Thumb Code     0  startup_stm32h743xx.o(.text)
    BDMA_Channel4_IRQHandler                 0x080002c7   Thumb Code     0  startup_stm32h743xx.o(.text)
    BDMA_Channel5_IRQHandler                 0x080002c7   Thumb Code     0  startup_stm32h743xx.o(.text)
    BDMA_Channel6_IRQHandler                 0x080002c7   Thumb Code     0  startup_stm32h743xx.o(.text)
    BDMA_Channel7_IRQHandler                 0x080002c7   Thumb Code     0  startup_stm32h743xx.o(.text)
    CEC_IRQHandler                           0x080002c7   Thumb Code     0  startup_stm32h743xx.o(.text)
    COMP1_IRQHandler                         0x080002c7   Thumb Code     0  startup_stm32h743xx.o(.text)
    CRS_IRQHandler                           0x080002c7   Thumb Code     0  startup_stm32h743xx.o(.text)
    DCMI_IRQHandler                          0x080002c7   Thumb Code     0  startup_stm32h743xx.o(.text)
    DFSDM1_FLT0_IRQHandler                   0x080002c7   Thumb Code     0  startup_stm32h743xx.o(.text)
    DFSDM1_FLT1_IRQHandler                   0x080002c7   Thumb Code     0  startup_stm32h743xx.o(.text)
    DFSDM1_FLT2_IRQHandler                   0x080002c7   Thumb Code     0  startup_stm32h743xx.o(.text)
    DFSDM1_FLT3_IRQHandler                   0x080002c7   Thumb Code     0  startup_stm32h743xx.o(.text)
    DMA1_Stream0_IRQHandler                  0x080002c7   Thumb Code     0  startup_stm32h743xx.o(.text)
    DMA1_Stream1_IRQHandler                  0x080002c7   Thumb Code     0  startup_stm32h743xx.o(.text)
    DMA1_Stream2_IRQHandler                  0x080002c7   Thumb Code     0  startup_stm32h743xx.o(.text)
    DMA1_Stream3_IRQHandler                  0x080002c7   Thumb Code     0  startup_stm32h743xx.o(.text)
    DMA1_Stream4_IRQHandler                  0x080002c7   Thumb Code     0  startup_stm32h743xx.o(.text)
    DMA1_Stream5_IRQHandler                  0x080002c7   Thumb Code     0  startup_stm32h743xx.o(.text)
    DMA1_Stream6_IRQHandler                  0x080002c7   Thumb Code     0  startup_stm32h743xx.o(.text)
    DMA1_Stream7_IRQHandler                  0x080002c7   Thumb Code     0  startup_stm32h743xx.o(.text)
    DMA2D_IRQHandler                         0x080002c7   Thumb Code     0  startup_stm32h743xx.o(.text)
    DMA2_Stream0_IRQHandler                  0x080002c7   Thumb Code     0  startup_stm32h743xx.o(.text)
    DMA2_Stream1_IRQHandler                  0x080002c7   Thumb Code     0  startup_stm32h743xx.o(.text)
    DMA2_Stream2_IRQHandler                  0x080002c7   Thumb Code     0  startup_stm32h743xx.o(.text)
    DMA2_Stream3_IRQHandler                  0x080002c7   Thumb Code     0  startup_stm32h743xx.o(.text)
    DMA2_Stream4_IRQHandler                  0x080002c7   Thumb Code     0  startup_stm32h743xx.o(.text)
    DMA2_Stream5_IRQHandler                  0x080002c7   Thumb Code     0  startup_stm32h743xx.o(.text)
    DMA2_Stream6_IRQHandler                  0x080002c7   Thumb Code     0  startup_stm32h743xx.o(.text)
    DMA2_Stream7_IRQHandler                  0x080002c7   Thumb Code     0  startup_stm32h743xx.o(.text)
    DMAMUX1_OVR_IRQHandler                   0x080002c7   Thumb Code     0  startup_stm32h743xx.o(.text)
    DMAMUX2_OVR_IRQHandler                   0x080002c7   Thumb Code     0  startup_stm32h743xx.o(.text)
    ETH_WKUP_IRQHandler                      0x080002c7   Thumb Code     0  startup_stm32h743xx.o(.text)
    EXTI0_IRQHandler                         0x080002c7   Thumb Code     0  startup_stm32h743xx.o(.text)
    EXTI1_IRQHandler                         0x080002c7   Thumb Code     0  startup_stm32h743xx.o(.text)
    EXTI2_IRQHandler                         0x080002c7   Thumb Code     0  startup_stm32h743xx.o(.text)
    EXTI3_IRQHandler                         0x080002c7   Thumb Code     0  startup_stm32h743xx.o(.text)
    EXTI4_IRQHandler                         0x080002c7   Thumb Code     0  startup_stm32h743xx.o(.text)
    EXTI9_5_IRQHandler                       0x080002c7   Thumb Code     0  startup_stm32h743xx.o(.text)
    FDCAN1_IT0_IRQHandler                    0x080002c7   Thumb Code     0  startup_stm32h743xx.o(.text)
    FDCAN1_IT1_IRQHandler                    0x080002c7   Thumb Code     0  startup_stm32h743xx.o(.text)
    FDCAN2_IT0_IRQHandler                    0x080002c7   Thumb Code     0  startup_stm32h743xx.o(.text)
    FDCAN2_IT1_IRQHandler                    0x080002c7   Thumb Code     0  startup_stm32h743xx.o(.text)
    FDCAN_CAL_IRQHandler                     0x080002c7   Thumb Code     0  startup_stm32h743xx.o(.text)
    FLASH_IRQHandler                         0x080002c7   Thumb Code     0  startup_stm32h743xx.o(.text)
    FMC_IRQHandler                           0x080002c7   Thumb Code     0  startup_stm32h743xx.o(.text)
    FPU_IRQHandler                           0x080002c7   Thumb Code     0  startup_stm32h743xx.o(.text)
    HRTIM1_FLT_IRQHandler                    0x080002c7   Thumb Code     0  startup_stm32h743xx.o(.text)
    HRTIM1_Master_IRQHandler                 0x080002c7   Thumb Code     0  startup_stm32h743xx.o(.text)
    HRTIM1_TIMA_IRQHandler                   0x080002c7   Thumb Code     0  startup_stm32h743xx.o(.text)
    HRTIM1_TIMB_IRQHandler                   0x080002c7   Thumb Code     0  startup_stm32h743xx.o(.text)
    HRTIM1_TIMC_IRQHandler                   0x080002c7   Thumb Code     0  startup_stm32h743xx.o(.text)
    HRTIM1_TIMD_IRQHandler                   0x080002c7   Thumb Code     0  startup_stm32h743xx.o(.text)
    HRTIM1_TIME_IRQHandler                   0x080002c7   Thumb Code     0  startup_stm32h743xx.o(.text)
    HSEM1_IRQHandler                         0x080002c7   Thumb Code     0  startup_stm32h743xx.o(.text)
    I2C1_ER_IRQHandler                       0x080002c7   Thumb Code     0  startup_stm32h743xx.o(.text)
    I2C1_EV_IRQHandler                       0x080002c7   Thumb Code     0  startup_stm32h743xx.o(.text)
    I2C2_ER_IRQHandler                       0x080002c7   Thumb Code     0  startup_stm32h743xx.o(.text)
    I2C2_EV_IRQHandler                       0x080002c7   Thumb Code     0  startup_stm32h743xx.o(.text)
    I2C3_ER_IRQHandler                       0x080002c7   Thumb Code     0  startup_stm32h743xx.o(.text)
    I2C3_EV_IRQHandler                       0x080002c7   Thumb Code     0  startup_stm32h743xx.o(.text)
    I2C4_ER_IRQHandler                       0x080002c7   Thumb Code     0  startup_stm32h743xx.o(.text)
    I2C4_EV_IRQHandler                       0x080002c7   Thumb Code     0  startup_stm32h743xx.o(.text)
    JPEG_IRQHandler                          0x080002c7   Thumb Code     0  startup_stm32h743xx.o(.text)
    LPTIM1_IRQHandler                        0x080002c7   Thumb Code     0  startup_stm32h743xx.o(.text)
    LPTIM2_IRQHandler                        0x080002c7   Thumb Code     0  startup_stm32h743xx.o(.text)
    LPTIM3_IRQHandler                        0x080002c7   Thumb Code     0  startup_stm32h743xx.o(.text)
    LPTIM4_IRQHandler                        0x080002c7   Thumb Code     0  startup_stm32h743xx.o(.text)
    LPTIM5_IRQHandler                        0x080002c7   Thumb Code     0  startup_stm32h743xx.o(.text)
    LPUART1_IRQHandler                       0x080002c7   Thumb Code     0  startup_stm32h743xx.o(.text)
    LTDC_ER_IRQHandler                       0x080002c7   Thumb Code     0  startup_stm32h743xx.o(.text)
    LTDC_IRQHandler                          0x080002c7   Thumb Code     0  startup_stm32h743xx.o(.text)
    MDIOS_IRQHandler                         0x080002c7   Thumb Code     0  startup_stm32h743xx.o(.text)
    MDIOS_WKUP_IRQHandler                    0x080002c7   Thumb Code     0  startup_stm32h743xx.o(.text)
    MDMA_IRQHandler                          0x080002c7   Thumb Code     0  startup_stm32h743xx.o(.text)
    OTG_FS_EP1_IN_IRQHandler                 0x080002c7   Thumb Code     0  startup_stm32h743xx.o(.text)
    OTG_FS_EP1_OUT_IRQHandler                0x080002c7   Thumb Code     0  startup_stm32h743xx.o(.text)
    OTG_FS_IRQHandler                        0x080002c7   Thumb Code     0  startup_stm32h743xx.o(.text)
    OTG_FS_WKUP_IRQHandler                   0x080002c7   Thumb Code     0  startup_stm32h743xx.o(.text)
    OTG_HS_EP1_IN_IRQHandler                 0x080002c7   Thumb Code     0  startup_stm32h743xx.o(.text)
    OTG_HS_EP1_OUT_IRQHandler                0x080002c7   Thumb Code     0  startup_stm32h743xx.o(.text)
    OTG_HS_IRQHandler                        0x080002c7   Thumb Code     0  startup_stm32h743xx.o(.text)
    OTG_HS_WKUP_IRQHandler                   0x080002c7   Thumb Code     0  startup_stm32h743xx.o(.text)
    PVD_AVD_IRQHandler                       0x080002c7   Thumb Code     0  startup_stm32h743xx.o(.text)
    QUADSPI_IRQHandler                       0x080002c7   Thumb Code     0  startup_stm32h743xx.o(.text)
    RCC_IRQHandler                           0x080002c7   Thumb Code     0  startup_stm32h743xx.o(.text)
    RNG_IRQHandler                           0x080002c7   Thumb Code     0  startup_stm32h743xx.o(.text)
    RTC_Alarm_IRQHandler                     0x080002c7   Thumb Code     0  startup_stm32h743xx.o(.text)
    RTC_WKUP_IRQHandler                      0x080002c7   Thumb Code     0  startup_stm32h743xx.o(.text)
    SAI1_IRQHandler                          0x080002c7   Thumb Code     0  startup_stm32h743xx.o(.text)
    SAI2_IRQHandler                          0x080002c7   Thumb Code     0  startup_stm32h743xx.o(.text)
    SAI3_IRQHandler                          0x080002c7   Thumb Code     0  startup_stm32h743xx.o(.text)
    SAI4_IRQHandler                          0x080002c7   Thumb Code     0  startup_stm32h743xx.o(.text)
    SDMMC1_IRQHandler                        0x080002c7   Thumb Code     0  startup_stm32h743xx.o(.text)
    SDMMC2_IRQHandler                        0x080002c7   Thumb Code     0  startup_stm32h743xx.o(.text)
    SPDIF_RX_IRQHandler                      0x080002c7   Thumb Code     0  startup_stm32h743xx.o(.text)
    SPI1_IRQHandler                          0x080002c7   Thumb Code     0  startup_stm32h743xx.o(.text)
    SPI2_IRQHandler                          0x080002c7   Thumb Code     0  startup_stm32h743xx.o(.text)
    SPI3_IRQHandler                          0x080002c7   Thumb Code     0  startup_stm32h743xx.o(.text)
    SPI4_IRQHandler                          0x080002c7   Thumb Code     0  startup_stm32h743xx.o(.text)
    SPI5_IRQHandler                          0x080002c7   Thumb Code     0  startup_stm32h743xx.o(.text)
    SPI6_IRQHandler                          0x080002c7   Thumb Code     0  startup_stm32h743xx.o(.text)
    SWPMI1_IRQHandler                        0x080002c7   Thumb Code     0  startup_stm32h743xx.o(.text)
    TAMP_STAMP_IRQHandler                    0x080002c7   Thumb Code     0  startup_stm32h743xx.o(.text)
    TIM15_IRQHandler                         0x080002c7   Thumb Code     0  startup_stm32h743xx.o(.text)
    TIM16_IRQHandler                         0x080002c7   Thumb Code     0  startup_stm32h743xx.o(.text)
    TIM17_IRQHandler                         0x080002c7   Thumb Code     0  startup_stm32h743xx.o(.text)
    TIM1_BRK_IRQHandler                      0x080002c7   Thumb Code     0  startup_stm32h743xx.o(.text)
    TIM1_CC_IRQHandler                       0x080002c7   Thumb Code     0  startup_stm32h743xx.o(.text)
    TIM1_TRG_COM_IRQHandler                  0x080002c7   Thumb Code     0  startup_stm32h743xx.o(.text)
    TIM1_UP_IRQHandler                       0x080002c7   Thumb Code     0  startup_stm32h743xx.o(.text)
    TIM2_IRQHandler                          0x080002c7   Thumb Code     0  startup_stm32h743xx.o(.text)
    TIM3_IRQHandler                          0x080002c7   Thumb Code     0  startup_stm32h743xx.o(.text)
    TIM4_IRQHandler                          0x080002c7   Thumb Code     0  startup_stm32h743xx.o(.text)
    TIM5_IRQHandler                          0x080002c7   Thumb Code     0  startup_stm32h743xx.o(.text)
    TIM6_DAC_IRQHandler                      0x080002c7   Thumb Code     0  startup_stm32h743xx.o(.text)
    TIM7_IRQHandler                          0x080002c7   Thumb Code     0  startup_stm32h743xx.o(.text)
    TIM8_BRK_TIM12_IRQHandler                0x080002c7   Thumb Code     0  startup_stm32h743xx.o(.text)
    TIM8_CC_IRQHandler                       0x080002c7   Thumb Code     0  startup_stm32h743xx.o(.text)
    TIM8_TRG_COM_TIM14_IRQHandler            0x080002c7   Thumb Code     0  startup_stm32h743xx.o(.text)
    TIM8_UP_TIM13_IRQHandler                 0x080002c7   Thumb Code     0  startup_stm32h743xx.o(.text)
    UART4_IRQHandler                         0x080002c7   Thumb Code     0  startup_stm32h743xx.o(.text)
    UART5_IRQHandler                         0x080002c7   Thumb Code     0  startup_stm32h743xx.o(.text)
    UART7_IRQHandler                         0x080002c7   Thumb Code     0  startup_stm32h743xx.o(.text)
    UART8_IRQHandler                         0x080002c7   Thumb Code     0  startup_stm32h743xx.o(.text)
    USART1_IRQHandler                        0x080002c7   Thumb Code     0  startup_stm32h743xx.o(.text)
    USART2_IRQHandler                        0x080002c7   Thumb Code     0  startup_stm32h743xx.o(.text)
    USART3_IRQHandler                        0x080002c7   Thumb Code     0  startup_stm32h743xx.o(.text)
    USART6_IRQHandler                        0x080002c7   Thumb Code     0  startup_stm32h743xx.o(.text)
    WAKEUP_PIN_IRQHandler                    0x080002c7   Thumb Code     0  startup_stm32h743xx.o(.text)
    WWDG_IRQHandler                          0x080002c7   Thumb Code     0  startup_stm32h743xx.o(.text)
    __aeabi_uldivmod                         0x080002d1   Thumb Code    98  uldiv.o(.text)
    __aeabi_memcpy                           0x08000333   Thumb Code    36  memcpya.o(.text)
    __aeabi_memcpy4                          0x08000333   Thumb Code     0  memcpya.o(.text)
    __aeabi_memcpy8                          0x08000333   Thumb Code     0  memcpya.o(.text)
    __aeabi_memset                           0x08000357   Thumb Code    14  memseta.o(.text)
    __aeabi_memset4                          0x08000357   Thumb Code     0  memseta.o(.text)
    __aeabi_memset8                          0x08000357   Thumb Code     0  memseta.o(.text)
    __aeabi_memclr                           0x08000365   Thumb Code     4  memseta.o(.text)
    __aeabi_memclr4                          0x08000365   Thumb Code     0  memseta.o(.text)
    __aeabi_memclr8                          0x08000365   Thumb Code     0  memseta.o(.text)
    _memset$wrapper                          0x08000369   Thumb Code    18  memseta.o(.text)
    memcmp                                   0x0800037b   Thumb Code    26  memcmp.o(.text)
    __aeabi_uidiv                            0x08000395   Thumb Code     0  uidiv.o(.text)
    __aeabi_uidivmod                         0x08000395   Thumb Code    44  uidiv.o(.text)
    __aeabi_llsl                             0x080003c1   Thumb Code    30  llshl.o(.text)
    _ll_shift_l                              0x080003c1   Thumb Code     0  llshl.o(.text)
    __aeabi_llsr                             0x080003df   Thumb Code    32  llushr.o(.text)
    _ll_ushift_r                             0x080003df   Thumb Code     0  llushr.o(.text)
    __scatterload                            0x08000401   Thumb Code    28  init.o(.text)
    __scatterload_rt2                        0x08000401   Thumb Code     0  init.o(.text)
    BusFault_Handler                         0x08000425   Thumb Code     2  stm32h7xx_it.o(i.BusFault_Handler)
    DebugMon_Handler                         0x08000427   Thumb Code     2  stm32h7xx_it.o(i.DebugMon_Handler)
    ETH_IRQHandler                           0x08000429   Thumb Code     6  stm32h7xx_it.o(i.ETH_IRQHandler)
    ETH_PHY_IO_DeInit                        0x0800050d   Thumb Code     4  ethernetif.o(i.ETH_PHY_IO_DeInit)
    ETH_PHY_IO_GetTick                       0x08000511   Thumb Code     4  ethernetif.o(i.ETH_PHY_IO_GetTick)
    ETH_PHY_IO_Init                          0x08000515   Thumb Code    12  ethernetif.o(i.ETH_PHY_IO_Init)
    ETH_PHY_IO_ReadReg                       0x08000525   Thumb Code    24  ethernetif.o(i.ETH_PHY_IO_ReadReg)
    ETH_PHY_IO_WriteReg                      0x08000541   Thumb Code    24  ethernetif.o(i.ETH_PHY_IO_WriteReg)
    EXTI15_10_IRQHandler                     0x08000a79   Thumb Code     8  stm32h7xx_it.o(i.EXTI15_10_IRQHandler)
    Error_Handler                            0x08000a81   Thumb Code     6  main.o(i.Error_Handler)
    HAL_ETH_BuildRxDescriptors               0x08000a99   Thumb Code   120  stm32h7xx_hal_eth.o(i.HAL_ETH_BuildRxDescriptors)
    HAL_ETH_DMAErrorCallback                 0x08000b11   Thumb Code     2  stm32h7xx_hal_eth.o(i.HAL_ETH_DMAErrorCallback)
    HAL_ETH_DescAssignMemory                 0x08000b13   Thumb Code    56  stm32h7xx_hal_eth.o(i.HAL_ETH_DescAssignMemory)
    HAL_ETH_EEECallback                      0x08000b4b   Thumb Code     2  stm32h7xx_hal_eth.o(i.HAL_ETH_EEECallback)
    HAL_ETH_GetMACConfig                     0x08000b4d   Thumb Code   460  stm32h7xx_hal_eth.o(i.HAL_ETH_GetMACConfig)
    HAL_ETH_GetRxDataBuffer                  0x08000d19   Thumb Code   172  stm32h7xx_hal_eth.o(i.HAL_ETH_GetRxDataBuffer)
    HAL_ETH_GetRxDataLength                  0x08000dc5   Thumb Code    52  stm32h7xx_hal_eth.o(i.HAL_ETH_GetRxDataLength)
    HAL_ETH_IRQHandler                       0x08000df9   Thumb Code   324  stm32h7xx_hal_eth.o(i.HAL_ETH_IRQHandler)
    HAL_ETH_Init                             0x08000f3d   Thumb Code   484  stm32h7xx_hal_eth.o(i.HAL_ETH_Init)
    HAL_ETH_IsRxDataAvailable                0x08001149   Thumb Code   202  stm32h7xx_hal_eth.o(i.HAL_ETH_IsRxDataAvailable)
    HAL_ETH_MACErrorCallback                 0x08001213   Thumb Code     2  stm32h7xx_hal_eth.o(i.HAL_ETH_MACErrorCallback)
    HAL_ETH_MspInit                          0x08001215   Thumb Code   180  ethernetif.o(i.HAL_ETH_MspInit)
    HAL_ETH_PMTCallback                      0x080012e1   Thumb Code     2  stm32h7xx_hal_eth.o(i.HAL_ETH_PMTCallback)
    HAL_ETH_ReadPHYRegister                  0x080012e5   Thumb Code   100  stm32h7xx_hal_eth.o(i.HAL_ETH_ReadPHYRegister)
    HAL_ETH_RxCpltCallback                   0x08001349   Thumb Code     2  stm32h7xx_hal_eth.o(i.HAL_ETH_RxCpltCallback)
    HAL_ETH_SetMACConfig                     0x0800134b   Thumb Code    24  stm32h7xx_hal_eth.o(i.HAL_ETH_SetMACConfig)
    HAL_ETH_SetMDIOClockRange                0x08001365   Thumb Code    88  stm32h7xx_hal_eth.o(i.HAL_ETH_SetMDIOClockRange)
    HAL_ETH_Start                            0x080013dd   Thumb Code   124  stm32h7xx_hal_eth.o(i.HAL_ETH_Start)
    HAL_ETH_Stop                             0x08001459   Thumb Code   100  stm32h7xx_hal_eth.o(i.HAL_ETH_Stop)
    HAL_ETH_Transmit                         0x080014bd   Thumb Code   192  stm32h7xx_hal_eth.o(i.HAL_ETH_Transmit)
    HAL_ETH_TxCpltCallback                   0x0800157d   Thumb Code     2  stm32h7xx_hal_eth.o(i.HAL_ETH_TxCpltCallback)
    HAL_ETH_WakeUpCallback                   0x0800157f   Thumb Code     2  stm32h7xx_hal_eth.o(i.HAL_ETH_WakeUpCallback)
    HAL_ETH_WritePHYRegister                 0x08001581   Thumb Code    94  stm32h7xx_hal_eth.o(i.HAL_ETH_WritePHYRegister)
    HAL_GPIO_EXTI_Callback                   0x080015e5   Thumb Code     2  stm32h7xx_hal_gpio.o(i.HAL_GPIO_EXTI_Callback)
    HAL_GPIO_EXTI_IRQHandler                 0x080015e7   Thumb Code    24  stm32h7xx_hal_gpio.o(i.HAL_GPIO_EXTI_IRQHandler)
    HAL_GPIO_Init                            0x08001601   Thumb Code   450  stm32h7xx_hal_gpio.o(i.HAL_GPIO_Init)
    HAL_GetTick                              0x080017f5   Thumb Code     6  stm32h7xx_hal.o(i.HAL_GetTick)
    HAL_IncTick                              0x08001801   Thumb Code    12  stm32h7xx_hal.o(i.HAL_IncTick)
    HAL_Init                                 0x08001811   Thumb Code    28  stm32h7xx_hal.o(i.HAL_Init)
    HAL_InitTick                             0x0800182d   Thumb Code    54  stm32h7xx_hal.o(i.HAL_InitTick)
    HAL_MPU_ConfigRegion                     0x0800186d   Thumb Code    86  stm32h7xx_hal_cortex.o(i.HAL_MPU_ConfigRegion)
    HAL_MPU_Disable                          0x080018c9   Thumb Code    24  stm32h7xx_hal_cortex.o(i.HAL_MPU_Disable)
    HAL_MPU_Enable                           0x080018e5   Thumb Code    30  stm32h7xx_hal_cortex.o(i.HAL_MPU_Enable)
    HAL_MspInit                              0x08001909   Thumb Code    22  stm32h7xx_hal_msp.o(i.HAL_MspInit)
    HAL_NVIC_EnableIRQ                       0x08001925   Thumb Code    26  stm32h7xx_hal_cortex.o(i.HAL_NVIC_EnableIRQ)
    HAL_NVIC_SetPriority                     0x08001941   Thumb Code    60  stm32h7xx_hal_cortex.o(i.HAL_NVIC_SetPriority)
    HAL_NVIC_SetPriorityGrouping             0x08001981   Thumb Code    28  stm32h7xx_hal_cortex.o(i.HAL_NVIC_SetPriorityGrouping)
    HAL_RCCEx_GetD1SysClockFreq              0x080019a5   Thumb Code    40  stm32h7xx_hal_rcc_ex.o(i.HAL_RCCEx_GetD1SysClockFreq)
    HAL_RCCEx_GetD3PCLK1Freq                 0x080019d9   Thumb Code    34  stm32h7xx_hal_rcc_ex.o(i.HAL_RCCEx_GetD3PCLK1Freq)
    HAL_RCCEx_GetPLL2ClockFreq               0x08001a05   Thumb Code   268  stm32h7xx_hal_rcc_ex.o(i.HAL_RCCEx_GetPLL2ClockFreq)
    HAL_RCCEx_GetPLL3ClockFreq               0x08001b25   Thumb Code   268  stm32h7xx_hal_rcc_ex.o(i.HAL_RCCEx_GetPLL3ClockFreq)
    HAL_RCCEx_PeriphCLKConfig                0x08001c45   Thumb Code  2232  stm32h7xx_hal_rcc_ex.o(i.HAL_RCCEx_PeriphCLKConfig)
    HAL_RCC_ClockConfig                      0x080024fd   Thumb Code   458  stm32h7xx_hal_rcc.o(i.HAL_RCC_ClockConfig)
    HAL_RCC_GetHCLKFreq                      0x080026d9   Thumb Code    38  stm32h7xx_hal_rcc.o(i.HAL_RCC_GetHCLKFreq)
    HAL_RCC_GetPCLK1Freq                     0x0800270d   Thumb Code    34  stm32h7xx_hal_rcc.o(i.HAL_RCC_GetPCLK1Freq)
    HAL_RCC_GetPCLK2Freq                     0x08002739   Thumb Code    36  stm32h7xx_hal_rcc.o(i.HAL_RCC_GetPCLK2Freq)
    HAL_RCC_GetSysClockFreq                  0x08002765   Thumb Code   286  stm32h7xx_hal_rcc.o(i.HAL_RCC_GetSysClockFreq)
    HAL_RCC_OscConfig                        0x08002891   Thumb Code  1186  stm32h7xx_hal_rcc.o(i.HAL_RCC_OscConfig)
    HAL_SYSCFG_ETHInterfaceSelect            0x08002d39   Thumb Code    14  stm32h7xx_hal.o(i.HAL_SYSCFG_ETHInterfaceSelect)
    HAL_SYSTICK_Config                       0x08002d4d   Thumb Code    38  stm32h7xx_hal_cortex.o(i.HAL_SYSTICK_Config)
    HAL_UART_Init                            0x08002d73   Thumb Code   106  stm32h7xx_hal_uart.o(i.HAL_UART_Init)
    HAL_UART_MspInit                         0x08002ddd   Thumb Code    92  usart.o(i.HAL_UART_MspInit)
    HAL_UART_Transmit                        0x08002e45   Thumb Code   182  stm32h7xx_hal_uart.o(i.HAL_UART_Transmit)
    HardFault_Handler                        0x08002efb   Thumb Code     2  stm32h7xx_it.o(i.HardFault_Handler)
    LAN8742_GetLinkState                     0x08002efd   Thumb Code   150  lan8742.o(i.LAN8742_GetLinkState)
    LAN8742_Init                             0x08002f93   Thumb Code   210  lan8742.o(i.LAN8742_Init)
    LAN8742_RegisterBusIO                    0x08003065   Thumb Code    44  lan8742.o(i.LAN8742_RegisterBusIO)
    MX_GPIO_Init                             0x08003115   Thumb Code   150  gpio.o(i.MX_GPIO_Init)
    MX_LWIP_Init                             0x080031b9   Thumb Code   238  lwip.o(i.MX_LWIP_Init)
    MX_LWIP_Process                          0x080032bd   Thumb Code    46  lwip.o(i.MX_LWIP_Process)
    MX_USART1_UART_Init                      0x080032f5   Thumb Code    60  usart.o(i.MX_USART1_UART_Init)
    MemManage_Handler                        0x08003339   Thumb Code     2  stm32h7xx_it.o(i.MemManage_Handler)
    NMI_Handler                              0x0800333b   Thumb Code     2  stm32h7xx_it.o(i.NMI_Handler)
    PendSV_Handler                           0x0800333d   Thumb Code     2  stm32h7xx_it.o(i.PendSV_Handler)
    SVC_Handler                              0x0800357d   Thumb Code     2  stm32h7xx_it.o(i.SVC_Handler)
    SysTick_Handler                          0x0800357f   Thumb Code     4  stm32h7xx_it.o(i.SysTick_Handler)
    SystemClock_Config                       0x08003585   Thumb Code   176  main.o(i.SystemClock_Config)
    SystemInit                               0x08003639   Thumb Code   118  system_stm32h7xx.o(i.SystemInit)
    UART_AdvFeatureConfig                    0x080036c1   Thumb Code   200  stm32h7xx_hal_uart.o(i.UART_AdvFeatureConfig)
    UART_CheckIdleState                      0x08003789   Thumb Code    92  stm32h7xx_hal_uart.o(i.UART_CheckIdleState)
    UART_SetConfig                           0x080037e5   Thumb Code  1252  stm32h7xx_hal_uart.o(i.UART_SetConfig)
    UART_WaitOnFlagUntilTimeout              0x08003ccd   Thumb Code   100  stm32h7xx_hal_uart.o(i.UART_WaitOnFlagUntilTimeout)
    UsageFault_Handler                       0x08003d31   Thumb Code     2  stm32h7xx_it.o(i.UsageFault_Handler)
    __0printf$3                              0x08003d35   Thumb Code    22  printf3.o(i.__0printf$3)
    __1printf$3                              0x08003d35   Thumb Code     0  printf3.o(i.__0printf$3)
    __2printf                                0x08003d35   Thumb Code     0  printf3.o(i.__0printf$3)
    __scatterload_copy                       0x08003d77   Thumb Code    14  handlers.o(i.__scatterload_copy)
    __scatterload_null                       0x08003d85   Thumb Code     2  handlers.o(i.__scatterload_null)
    __scatterload_zeroinit                   0x08003d87   Thumb Code    14  handlers.o(i.__scatterload_zeroinit)
    etharp_cleanup_netif                     0x080040a9   Thumb Code    42  etharp.o(i.etharp_cleanup_netif)
    etharp_input                             0x08004355   Thumb Code   148  etharp.o(i.etharp_input)
    etharp_output                            0x08004459   Thumb Code   272  etharp.o(i.etharp_output)
    etharp_query                             0x08004711   Thumb Code   300  etharp.o(i.etharp_query)
    etharp_request                           0x08004a59   Thumb Code     6  etharp.o(i.etharp_request)
    etharp_tmr                               0x08004a85   Thumb Code    92  etharp.o(i.etharp_tmr)
    ethernet_input                           0x08004c01   Thumb Code   154  ethernet.o(i.ethernet_input)
    ethernet_link_check_state                0x08004ca1   Thumb Code   136  ethernetif.o(i.ethernet_link_check_state)
    ethernet_output                          0x08004d31   Thumb Code    98  ethernet.o(i.ethernet_output)
    ethernetif_init                          0x08004e29   Thumb Code    50  ethernetif.o(i.ethernetif_init)
    ethernetif_input                         0x08004eb1   Thumb Code    38  ethernetif.o(i.ethernetif_input)
    fputc                                    0x08004edd   Thumb Code    20  usart.o(i.fputc)
    icmp_dest_unreach                        0x08004ef5   Thumb Code     8  icmp.o(i.icmp_dest_unreach)
    icmp_input                               0x08004efd   Thumb Code   278  icmp.o(i.icmp_input)
    icmp_time_exceeded                       0x080051f1   Thumb Code     8  icmp.o(i.icmp_time_exceeded)
    ip4_addr_isbroadcast_u32                 0x080051f9   Thumb Code    46  ip4_addr.o(i.ip4_addr_isbroadcast_u32)
    ip4_frag                                 0x08005229   Thumb Code   390  ip4_frag.o(i.ip4_frag)
    ip4_input                                0x0800547d   Thumb Code   410  ip4.o(i.ip4_input)
    ip4_output_if                            0x08005621   Thumb Code    30  ip4.o(i.ip4_output_if)
    ip4_output_if_src                        0x08005641   Thumb Code   206  ip4.o(i.ip4_output_if_src)
    ip4_reass                                0x080057b1   Thumb Code   432  ip4_frag.o(i.ip4_reass)
    ip4_route                                0x08005965   Thumb Code    82  ip4.o(i.ip4_route)
    ip_reass_tmr                             0x08005f7d   Thumb Code    40  ip4_frag.o(i.ip_reass_tmr)
    lwip_htonl                               0x0800622d   Thumb Code     4  def.o(i.lwip_htonl)
    lwip_htons                               0x08006231   Thumb Code     4  def.o(i.lwip_htons)
    lwip_init                                0x08006235   Thumb Code    30  init.o(i.lwip_init)
    main                                     0x08006255   Thumb Code   174  main.o(i.main)
    mem_free                                 0x08006339   Thumb Code   110  mem.o(i.mem_free)
    mem_init                                 0x08006455   Thumb Code    42  mem.o(i.mem_init)
    mem_malloc                               0x08006489   Thumb Code   256  mem.o(i.mem_malloc)
    mem_trim                                 0x08006685   Thumb Code   246  mem.o(i.mem_trim)
    memp_free                                0x08006811   Thumb Code    34  memp.o(i.memp_free)
    memp_init                                0x080068ad   Thumb Code    26  memp.o(i.memp_init)
    memp_init_pool                           0x080068cd   Thumb Code    42  memp.o(i.memp_init_pool)
    memp_malloc                              0x080068f9   Thumb Code    38  memp.o(i.memp_malloc)
    netif_add                                0x0800699d   Thumb Code   106  netif.o(i.netif_add)
    netif_init                               0x08006a81   Thumb Code     2  netif.o(i.netif_init)
    netif_set_addr                           0x08006a9d   Thumb Code    72  netif.o(i.netif_set_addr)
    netif_set_default                        0x08006ae5   Thumb Code     6  netif.o(i.netif_set_default)
    netif_set_down                           0x08006af1   Thumb Code    26  netif.o(i.netif_set_down)
    netif_set_gw                             0x08006b0b   Thumb Code     8  netif.o(i.netif_set_gw)
    netif_set_ipaddr                         0x08006b15   Thumb Code    60  netif.o(i.netif_set_ipaddr)
    netif_set_link_callback                  0x08006b55   Thumb Code     8  netif.o(i.netif_set_link_callback)
    netif_set_link_down                      0x08006b5d   Thumb Code    26  netif.o(i.netif_set_link_down)
    netif_set_link_up                        0x08006b77   Thumb Code    48  netif.o(i.netif_set_link_up)
    netif_set_netmask                        0x08006ba7   Thumb Code     8  netif.o(i.netif_set_netmask)
    netif_set_up                             0x08006baf   Thumb Code    28  netif.o(i.netif_set_up)
    pbuf_alloc                               0x08006bcd   Thumb Code   460  pbuf.o(i.pbuf_alloc)
    pbuf_alloced_custom                      0x08006f31   Thumb Code    98  pbuf.o(i.pbuf_alloced_custom)
    pbuf_cat                                 0x08007011   Thumb Code    96  pbuf.o(i.pbuf_cat)
    pbuf_chain                               0x08007141   Thumb Code    18  pbuf.o(i.pbuf_chain)
    pbuf_clen                                0x08007153   Thumb Code    18  pbuf.o(i.pbuf_clen)
    pbuf_copy                                0x08007165   Thumb Code   242  pbuf.o(i.pbuf_copy)
    pbuf_copy_partial                        0x08007351   Thumb Code   126  pbuf.o(i.pbuf_copy_partial)
    pbuf_free                                0x0800746d   Thumb Code   174  pbuf.o(i.pbuf_free)
    pbuf_free_custom                         0x080075d5   Thumb Code    20  ethernetif.o(i.pbuf_free_custom)
    pbuf_header                              0x080075e9   Thumb Code     6  pbuf.o(i.pbuf_header)
    pbuf_header_force                        0x080075ef   Thumb Code     6  pbuf.o(i.pbuf_header_force)
    pbuf_realloc                             0x08007719   Thumb Code   196  pbuf.o(i.pbuf_realloc)
    pbuf_ref                                 0x080078b1   Thumb Code    32  pbuf.o(i.pbuf_ref)
    sys_check_timeouts                       0x08007ab9   Thumb Code    68  timeouts.o(i.sys_check_timeouts)
    sys_now                                  0x08007b01   Thumb Code     4  ethernetif.o(i.sys_now)
    sys_timeout                              0x08007b05   Thumb Code   156  timeouts.o(i.sys_timeout)
    sys_timeouts_init                        0x08007c41   Thumb Code    38  timeouts.o(i.sys_timeouts_init)
    tcp_abandon                              0x08007c75   Thumb Code   222  tcp.o(i.tcp_abandon)
    tcp_abort                                0x08007de5   Thumb Code     6  tcp.o(i.tcp_abort)
    tcp_accept                               0x08007deb   Thumb Code    14  tcp.o(i.tcp_accept)
    tcp_alloc                                0x08007e09   Thumb Code   246  tcp.o(i.tcp_alloc)
    tcp_arg                                  0x08007f0d   Thumb Code     8  tcp.o(i.tcp_arg)
    tcp_bind                                 0x08007f15   Thumb Code   152  tcp.o(i.tcp_bind)
    tcp_close                                0x08008039   Thumb Code    20  tcp.o(i.tcp_close)
    tcp_echoserver_init                      0x08008465   Thumb Code    58  tcp_echoserver.o(i.tcp_echoserver_init)
    tcp_eff_send_mss_impl                    0x0800862f   Thumb Code    34  tcp.o(i.tcp_eff_send_mss_impl)
    tcp_enqueue_flags                        0x08008651   Thumb Code   262  tcp_out.o(i.tcp_enqueue_flags)
    tcp_err                                  0x08008861   Thumb Code    34  tcp.o(i.tcp_err)
    tcp_fasttmr                              0x08008905   Thumb Code   102  tcp.o(i.tcp_fasttmr)
    tcp_init                                 0x080089a1   Thumb Code     2  tcp.o(i.tcp_init)
    tcp_input                                0x080089a5   Thumb Code  1496  tcp_in.o(i.tcp_input)
    tcp_keepalive                            0x08008fbd   Thumb Code    82  tcp_out.o(i.tcp_keepalive)
    tcp_listen_with_backlog                  0x0800928d   Thumb Code     6  tcp.o(i.tcp_listen_with_backlog)
    tcp_listen_with_backlog_and_err          0x08009295   Thumb Code   158  tcp.o(i.tcp_listen_with_backlog_and_err)
    tcp_netif_ip_addr_changed                0x080093b9   Thumb Code    72  tcp.o(i.tcp_netif_ip_addr_changed)
    tcp_new                                  0x08009427   Thumb Code     6  tcp.o(i.tcp_new)
    tcp_next_iss                             0x08009489   Thumb Code    12  tcp.o(i.tcp_next_iss)
    tcp_output                               0x08009499   Thumb Code   562  tcp_out.o(i.tcp_output)
    tcp_pcb_purge                            0x08009a79   Thumb Code    58  tcp.o(i.tcp_pcb_purge)
    tcp_pcb_remove                           0x08009ab5   Thumb Code   122  tcp.o(i.tcp_pcb_remove)
    tcp_poll                                 0x08009bbd   Thumb Code    36  tcp.o(i.tcp_poll)
    tcp_process_refused_data                 0x0800a0e1   Thumb Code   104  tcp.o(i.tcp_process_refused_data)
    tcp_recv                                 0x0800a7c1   Thumb Code    32  tcp.o(i.tcp_recv)
    tcp_recv_null                            0x0800a861   Thumb Code    36  tcp.o(i.tcp_recv_null)
    tcp_recved                               0x0800a885   Thumb Code   106  tcp.o(i.tcp_recved)
    tcp_rexmit                               0x0800a995   Thumb Code    86  tcp_out.o(i.tcp_rexmit)
    tcp_rexmit_fast                          0x0800a9eb   Thumb Code    88  tcp_out.o(i.tcp_rexmit_fast)
    tcp_rexmit_rto                           0x0800aa43   Thumb Code    48  tcp_out.o(i.tcp_rexmit_rto)
    tcp_rst                                  0x0800aa75   Thumb Code   148  tcp_out.o(i.tcp_rst)
    tcp_seg_free                             0x0800ab95   Thumb Code    28  tcp.o(i.tcp_seg_free)
    tcp_segs_free                            0x0800abb1   Thumb Code    18  tcp.o(i.tcp_segs_free)
    tcp_send_empty_ack                       0x0800abc3   Thumb Code   114  tcp_out.o(i.tcp_send_empty_ack)
    tcp_send_fin                             0x0800ac35   Thumb Code    68  tcp_out.o(i.tcp_send_fin)
    tcp_sent                                 0x0800ac79   Thumb Code    32  tcp.o(i.tcp_sent)
    tcp_setprio                              0x0800ad19   Thumb Code     4  tcp.o(i.tcp_setprio)
    tcp_slowtmr                              0x0800ad1d   Thumb Code   754  tcp.o(i.tcp_slowtmr)
    tcp_timer_needed                         0x0800b1d9   Thumb Code    36  timeouts.o(i.tcp_timer_needed)
    tcp_tmr                                  0x0800b275   Thumb Code    28  tcp.o(i.tcp_tmr)
    tcp_trigger_input_pcb_close              0x0800b295   Thumb Code    12  tcp_in.o(i.tcp_trigger_input_pcb_close)
    tcp_update_rcv_ann_wnd                   0x0800b2a5   Thumb Code    76  tcp.o(i.tcp_update_rcv_ann_wnd)
    tcp_write                                0x0800b365   Thumb Code  1680  tcp_out.o(i.tcp_write)
    tcp_zero_window_probe                    0x0800bb35   Thumb Code   174  tcp_out.o(i.tcp_zero_window_probe)
    udp_init                                 0x0800bc1d   Thumb Code     2  udp.o(i.udp_init)
    udp_input                                0x0800bc21   Thumb Code   294  udp.o(i.udp_input)
    udp_netif_ip_addr_changed                0x0800bdbd   Thumb Code    48  udp.o(i.udp_netif_ip_addr_changed)
    D1CorePrescTable                         0x0800be08   Data          16  system_stm32h7xx.o(.constdata)
    ethbroadcast                             0x0800be18   Data           6  ethernet.o(.constdata)
    ethzero                                  0x0800be1e   Data           6  ethernet.o(.constdata)
    memp_UDP_PCB                             0x0800be24   Data          12  memp.o(.constdata)
    memp_TCP_PCB                             0x0800be30   Data          12  memp.o(.constdata)
    memp_TCP_PCB_LISTEN                      0x0800be3c   Data          12  memp.o(.constdata)
    memp_TCP_SEG                             0x0800be48   Data          12  memp.o(.constdata)
    memp_REASSDATA                           0x0800be54   Data          12  memp.o(.constdata)
    memp_FRAG_PBUF                           0x0800be60   Data          12  memp.o(.constdata)
    memp_SYS_TIMEOUT                         0x0800be6c   Data          12  memp.o(.constdata)
    memp_PBUF                                0x0800be78   Data          12  memp.o(.constdata)
    memp_PBUF_POOL                           0x0800be84   Data          12  memp.o(.constdata)
    memp_pools                               0x0800be90   Data          36  memp.o(.constdata)
    tcp_pcb_lists                            0x0800bef8   Data          16  tcp.o(.constdata)
    lwip_cyclic_timers                       0x0800bf08   Data          24  timeouts.o(.constdata)
    ip_addr_any                              0x0800bf20   Data           4  ip4_addr.o(.constdata)
    Region$$Table$$Base                      0x0800c038   Number         0  anon$$obj.o(Region$$Table)
    Region$$Table$$Limit                     0x0800c058   Number         0  anon$$obj.o(Region$$Table)
    EthernetLinkTimer                        0x24000000   Data           4  lwip.o(.data)
    ipaddr                                   0x24000004   Data           4  lwip.o(.data)
    netmask                                  0x24000008   Data           4  lwip.o(.data)
    gw                                       0x2400000c   Data           4  lwip.o(.data)
    IP_ADDRESS                               0x24000010   Data           4  lwip.o(.data)
    NETMASK_ADDRESS                          0x24000014   Data           4  lwip.o(.data)
    GATEWAY_ADDRESS                          0x24000018   Data           4  lwip.o(.data)
    current_pbuf_idx                         0x2400001c   Data           4  ethernetif.o(.data)
    LAN8742_IOCtx                            0x24000020   Data          20  ethernetif.o(.data)
    SystemCoreClock                          0x24000040   Data           4  system_stm32h7xx.o(.data)
    SystemD2Clock                            0x24000044   Data           4  system_stm32h7xx.o(.data)
    netif_list                               0x2400007c   Data           4  netif.o(.data)
    netif_default                            0x24000080   Data           4  netif.o(.data)
    tcp_active_pcbs_changed                  0x24000084   Data           1  tcp.o(.data)
    tcp_ticks                                0x24000090   Data           4  tcp.o(.data)
    tcp_bound_pcbs                           0x24000094   Data           4  tcp.o(.data)
    tcp_listen_pcbs                          0x24000098   Data           4  tcp.o(.data)
    tcp_active_pcbs                          0x2400009c   Data           4  tcp.o(.data)
    tcp_tw_pcbs                              0x240000a0   Data           4  tcp.o(.data)
    tcp_input_pcb                            0x240000c4   Data           4  tcp_in.o(.data)
    udp_pcbs                                 0x240000d8   Data           4  udp.o(.data)
    __stdout                                 0x240000ec   Data           4  stdout.o(.data)
    gnetif                                   0x240000f0   Data          52  lwip.o(.bss)
    heth                                     0x24000124   Data         104  ethernetif.o(.bss)
    TxConfig                                 0x2400018c   Data          52  ethernetif.o(.bss)
    rx_pbuf                                  0x240001c0   Data          80  ethernetif.o(.bss)
    LAN8742                                  0x24000210   Data          32  ethernetif.o(.bss)
    huart1                                   0x24000230   Data         128  usart.o(.bss)
    ip_data                                  0x240002b0   Data          24  ip.o(.bss)
    ram_heap                                 0x240002c8   Data        1619  mem.o(.bss)
    memp_memory_UDP_PCB_base                 0x2400091b   Data         131  memp.o(.bss)
    memp_memory_TCP_PCB_base                 0x2400099e   Data         743  memp.o(.bss)
    memp_memory_TCP_PCB_LISTEN_base          0x24000c85   Data         227  memp.o(.bss)
    memp_memory_TCP_SEG_base                 0x24000d68   Data         259  memp.o(.bss)
    memp_memory_REASSDATA_base               0x24000e6b   Data         163  memp.o(.bss)
    memp_memory_FRAG_PBUF_base               0x24000f0e   Data         363  memp.o(.bss)
    memp_memory_SYS_TIMEOUT_base             0x24001079   Data          51  memp.o(.bss)
    memp_memory_PBUF_base                    0x240010ac   Data         259  memp.o(.bss)
    memp_memory_PBUF_POOL_base               0x240011af   Data        9731  memp.o(.bss)
    __initial_sp                             0x24003cb8   Data           0  startup_stm32h743xx.o(STACK)
    DMARxDscrTab                             0x30040000   Data          96  ethernetif.o(.ARM.__AT_0x30040000)
    DMATxDscrTab                             0x30040060   Data          96  ethernetif.o(.ARM.__AT_0x30040060)
    Rx_Buff                                  0x30040200   Data        6112  ethernetif.o(.ARM.__AT_0x30040200)



==============================================================================

Memory Map of the image

  Image Entry point : 0x08000299

  Load Region LR_IROM1 (Base: 0x08000000, Size: 0x0000c148, Max: 0x00200000, ABSOLUTE)

    Execution Region ER_IROM1 (Exec base: 0x08000000, Load base: 0x08000000, Size: 0x0000c058, Max: 0x00200000, ABSOLUTE)

    Exec Addr    Load Addr    Size         Type   Attr      Idx    E Section Name        Object

    0x08000000   0x08000000   0x00000298   Data   RO            3    RESET               startup_stm32h743xx.o
    0x08000298   0x08000298   0x00000000   Code   RO         7014  * .ARM.Collect$$$$00000000  mc_w.l(entry.o)
    0x08000298   0x08000298   0x00000004   Code   RO         7292    .ARM.Collect$$$$00000001  mc_w.l(entry2.o)
    0x0800029c   0x0800029c   0x00000004   Code   RO         7295    .ARM.Collect$$$$00000004  mc_w.l(entry5.o)
    0x080002a0   0x080002a0   0x00000000   Code   RO         7297    .ARM.Collect$$$$00000008  mc_w.l(entry7b.o)
    0x080002a0   0x080002a0   0x00000000   Code   RO         7299    .ARM.Collect$$$$0000000A  mc_w.l(entry8b.o)
    0x080002a0   0x080002a0   0x00000008   Code   RO         7300    .ARM.Collect$$$$0000000B  mc_w.l(entry9a.o)
    0x080002a8   0x080002a8   0x00000000   Code   RO         7302    .ARM.Collect$$$$0000000D  mc_w.l(entry10a.o)
    0x080002a8   0x080002a8   0x00000000   Code   RO         7304    .ARM.Collect$$$$0000000F  mc_w.l(entry11a.o)
    0x080002a8   0x080002a8   0x00000004   Code   RO         7293    .ARM.Collect$$$$00002712  mc_w.l(entry2.o)
    0x080002ac   0x080002ac   0x00000024   Code   RO            4    .text               startup_stm32h743xx.o
    0x080002d0   0x080002d0   0x00000062   Code   RO         7017    .text               mc_w.l(uldiv.o)
    0x08000332   0x08000332   0x00000024   Code   RO         7019    .text               mc_w.l(memcpya.o)
    0x08000356   0x08000356   0x00000024   Code   RO         7021    .text               mc_w.l(memseta.o)
    0x0800037a   0x0800037a   0x0000001a   Code   RO         7025    .text               mc_w.l(memcmp.o)
    0x08000394   0x08000394   0x0000002c   Code   RO         7307    .text               mc_w.l(uidiv.o)
    0x080003c0   0x080003c0   0x0000001e   Code   RO         7309    .text               mc_w.l(llshl.o)
    0x080003de   0x080003de   0x00000020   Code   RO         7311    .text               mc_w.l(llushr.o)
    0x080003fe   0x080003fe   0x00000002   PAD
    0x08000400   0x08000400   0x00000024   Code   RO         7324    .text               mc_w.l(init.o)
    0x08000424   0x08000424   0x00000002   Code   RO          557    i.BusFault_Handler  stm32h7xx_it.o
    0x08000426   0x08000426   0x00000002   Code   RO          558    i.DebugMon_Handler  stm32h7xx_it.o
    0x08000428   0x08000428   0x0000000c   Code   RO          559    i.ETH_IRQHandler    stm32h7xx_it.o
    0x08000434   0x08000434   0x000000d8   Code   RO          669    i.ETH_MACDMAConfig  stm32h7xx_hal_eth.o
    0x0800050c   0x0800050c   0x00000004   Code   RO          366    i.ETH_PHY_IO_DeInit  ethernetif.o
    0x08000510   0x08000510   0x00000004   Code   RO          367    i.ETH_PHY_IO_GetTick  ethernetif.o
    0x08000514   0x08000514   0x00000010   Code   RO          368    i.ETH_PHY_IO_Init   ethernetif.o
    0x08000524   0x08000524   0x0000001c   Code   RO          369    i.ETH_PHY_IO_ReadReg  ethernetif.o
    0x08000540   0x08000540   0x0000001c   Code   RO          370    i.ETH_PHY_IO_WriteReg  ethernetif.o
    0x0800055c   0x0800055c   0x000002c0   Code   RO          670    i.ETH_Prepare_Tx_Descriptors  stm32h7xx_hal_eth.o
    0x0800081c   0x0800081c   0x000000b4   Code   RO          671    i.ETH_SetDMAConfig  stm32h7xx_hal_eth.o
    0x080008d0   0x080008d0   0x000001a8   Code   RO          672    i.ETH_SetMACConfig  stm32h7xx_hal_eth.o
    0x08000a78   0x08000a78   0x00000008   Code   RO          560    i.EXTI15_10_IRQHandler  stm32h7xx_it.o
    0x08000a80   0x08000a80   0x00000018   Code   RO           13    i.Error_Handler     main.o
    0x08000a98   0x08000a98   0x00000078   Code   RO          673    i.HAL_ETH_BuildRxDescriptors  stm32h7xx_hal_eth.o
    0x08000b10   0x08000b10   0x00000002   Code   RO          674    i.HAL_ETH_DMAErrorCallback  stm32h7xx_hal_eth.o
    0x08000b12   0x08000b12   0x00000038   Code   RO          676    i.HAL_ETH_DescAssignMemory  stm32h7xx_hal_eth.o
    0x08000b4a   0x08000b4a   0x00000002   Code   RO          677    i.HAL_ETH_EEECallback  stm32h7xx_hal_eth.o
    0x08000b4c   0x08000b4c   0x000001cc   Code   RO          683    i.HAL_ETH_GetMACConfig  stm32h7xx_hal_eth.o
    0x08000d18   0x08000d18   0x000000ac   Code   RO          687    i.HAL_ETH_GetRxDataBuffer  stm32h7xx_hal_eth.o
    0x08000dc4   0x08000dc4   0x00000034   Code   RO          689    i.HAL_ETH_GetRxDataLength  stm32h7xx_hal_eth.o
    0x08000df8   0x08000df8   0x00000144   Code   RO          691    i.HAL_ETH_IRQHandler  stm32h7xx_hal_eth.o
    0x08000f3c   0x08000f3c   0x0000020c   Code   RO          692    i.HAL_ETH_Init      stm32h7xx_hal_eth.o
    0x08001148   0x08001148   0x000000ca   Code   RO          693    i.HAL_ETH_IsRxDataAvailable  stm32h7xx_hal_eth.o
    0x08001212   0x08001212   0x00000002   Code   RO          694    i.HAL_ETH_MACErrorCallback  stm32h7xx_hal_eth.o
    0x08001214   0x08001214   0x000000cc   Code   RO          372    i.HAL_ETH_MspInit   ethernetif.o
    0x080012e0   0x080012e0   0x00000002   Code   RO          697    i.HAL_ETH_PMTCallback  stm32h7xx_hal_eth.o
    0x080012e2   0x080012e2   0x00000002   PAD
    0x080012e4   0x080012e4   0x00000064   Code   RO          698    i.HAL_ETH_ReadPHYRegister  stm32h7xx_hal_eth.o
    0x08001348   0x08001348   0x00000002   Code   RO          699    i.HAL_ETH_RxCpltCallback  stm32h7xx_hal_eth.o
    0x0800134a   0x0800134a   0x00000018   Code   RO          702    i.HAL_ETH_SetMACConfig  stm32h7xx_hal_eth.o
    0x08001362   0x08001362   0x00000002   PAD
    0x08001364   0x08001364   0x00000078   Code   RO          704    i.HAL_ETH_SetMDIOClockRange  stm32h7xx_hal_eth.o
    0x080013dc   0x080013dc   0x0000007c   Code   RO          708    i.HAL_ETH_Start     stm32h7xx_hal_eth.o
    0x08001458   0x08001458   0x00000064   Code   RO          710    i.HAL_ETH_Stop      stm32h7xx_hal_eth.o
    0x080014bc   0x080014bc   0x000000c0   Code   RO          712    i.HAL_ETH_Transmit  stm32h7xx_hal_eth.o
    0x0800157c   0x0800157c   0x00000002   Code   RO          714    i.HAL_ETH_TxCpltCallback  stm32h7xx_hal_eth.o
    0x0800157e   0x0800157e   0x00000002   Code   RO          715    i.HAL_ETH_WakeUpCallback  stm32h7xx_hal_eth.o
    0x08001580   0x08001580   0x00000064   Code   RO          716    i.HAL_ETH_WritePHYRegister  stm32h7xx_hal_eth.o
    0x080015e4   0x080015e4   0x00000002   Code   RO         2161    i.HAL_GPIO_EXTI_Callback  stm32h7xx_hal_gpio.o
    0x080015e6   0x080015e6   0x00000018   Code   RO         2162    i.HAL_GPIO_EXTI_IRQHandler  stm32h7xx_hal_gpio.o
    0x080015fe   0x080015fe   0x00000002   PAD
    0x08001600   0x08001600   0x000001f4   Code   RO         2163    i.HAL_GPIO_Init     stm32h7xx_hal_gpio.o
    0x080017f4   0x080017f4   0x0000000c   Code   RO         3034    i.HAL_GetTick       stm32h7xx_hal.o
    0x08001800   0x08001800   0x00000010   Code   RO         3037    i.HAL_IncTick       stm32h7xx_hal.o
    0x08001810   0x08001810   0x0000001c   Code   RO         3038    i.HAL_Init          stm32h7xx_hal.o
    0x0800182c   0x0800182c   0x00000040   Code   RO         3039    i.HAL_InitTick      stm32h7xx_hal.o
    0x0800186c   0x0800186c   0x0000005c   Code   RO         1110    i.HAL_MPU_ConfigRegion  stm32h7xx_hal_cortex.o
    0x080018c8   0x080018c8   0x0000001c   Code   RO         1111    i.HAL_MPU_Disable   stm32h7xx_hal_cortex.o
    0x080018e4   0x080018e4   0x00000024   Code   RO         1112    i.HAL_MPU_Enable    stm32h7xx_hal_cortex.o
    0x08001908   0x08001908   0x0000001c   Code   RO          645    i.HAL_MspInit       stm32h7xx_hal_msp.o
    0x08001924   0x08001924   0x0000001a   Code   RO         1115    i.HAL_NVIC_EnableIRQ  stm32h7xx_hal_cortex.o
    0x0800193e   0x0800193e   0x00000002   PAD
    0x08001940   0x08001940   0x00000040   Code   RO         1121    i.HAL_NVIC_SetPriority  stm32h7xx_hal_cortex.o
    0x08001980   0x08001980   0x00000024   Code   RO         1122    i.HAL_NVIC_SetPriorityGrouping  stm32h7xx_hal_cortex.o
    0x080019a4   0x080019a4   0x00000034   Code   RO         1799    i.HAL_RCCEx_GetD1SysClockFreq  stm32h7xx_hal_rcc_ex.o
    0x080019d8   0x080019d8   0x0000002c   Code   RO         1800    i.HAL_RCCEx_GetD3PCLK1Freq  stm32h7xx_hal_rcc_ex.o
    0x08001a04   0x08001a04   0x00000120   Code   RO         1802    i.HAL_RCCEx_GetPLL2ClockFreq  stm32h7xx_hal_rcc_ex.o
    0x08001b24   0x08001b24   0x00000120   Code   RO         1803    i.HAL_RCCEx_GetPLL3ClockFreq  stm32h7xx_hal_rcc_ex.o
    0x08001c44   0x08001c44   0x000008b8   Code   RO         1807    i.HAL_RCCEx_PeriphCLKConfig  stm32h7xx_hal_rcc_ex.o
    0x080024fc   0x080024fc   0x000001dc   Code   RO         1692    i.HAL_RCC_ClockConfig  stm32h7xx_hal_rcc.o
    0x080026d8   0x080026d8   0x00000034   Code   RO         1696    i.HAL_RCC_GetHCLKFreq  stm32h7xx_hal_rcc.o
    0x0800270c   0x0800270c   0x0000002c   Code   RO         1698    i.HAL_RCC_GetPCLK1Freq  stm32h7xx_hal_rcc.o
    0x08002738   0x08002738   0x0000002c   Code   RO         1699    i.HAL_RCC_GetPCLK2Freq  stm32h7xx_hal_rcc.o
    0x08002764   0x08002764   0x0000012c   Code   RO         1700    i.HAL_RCC_GetSysClockFreq  stm32h7xx_hal_rcc.o
    0x08002890   0x08002890   0x000004a8   Code   RO         1703    i.HAL_RCC_OscConfig  stm32h7xx_hal_rcc.o
    0x08002d38   0x08002d38   0x00000014   Code   RO         3050    i.HAL_SYSCFG_ETHInterfaceSelect  stm32h7xx_hal.o
    0x08002d4c   0x08002d4c   0x00000026   Code   RO         1126    i.HAL_SYSTICK_Config  stm32h7xx_hal_cortex.o
    0x08002d72   0x08002d72   0x0000006a   Code   RO         1312    i.HAL_UART_Init     stm32h7xx_hal_uart.o
    0x08002ddc   0x08002ddc   0x00000068   Code   RO          510    i.HAL_UART_MspInit  usart.o
    0x08002e44   0x08002e44   0x000000b6   Code   RO         1320    i.HAL_UART_Transmit  stm32h7xx_hal_uart.o
    0x08002efa   0x08002efa   0x00000002   Code   RO          561    i.HardFault_Handler  stm32h7xx_it.o
    0x08002efc   0x08002efc   0x00000096   Code   RO         6859    i.LAN8742_GetLinkState  lan8742.o
    0x08002f92   0x08002f92   0x000000d2   Code   RO         6860    i.LAN8742_Init      lan8742.o
    0x08003064   0x08003064   0x0000002c   Code   RO         6861    i.LAN8742_RegisterBusIO  lan8742.o
    0x08003090   0x08003090   0x00000084   Code   RO           14    i.MPU_Config        main.o
    0x08003114   0x08003114   0x000000a4   Code   RO          269    i.MX_GPIO_Init      gpio.o
    0x080031b8   0x080031b8   0x00000104   Code   RO          297    i.MX_LWIP_Init      lwip.o
    0x080032bc   0x080032bc   0x00000038   Code   RO          298    i.MX_LWIP_Process   lwip.o
    0x080032f4   0x080032f4   0x00000044   Code   RO          511    i.MX_USART1_UART_Init  usart.o
    0x08003338   0x08003338   0x00000002   Code   RO          562    i.MemManage_Handler  stm32h7xx_it.o
    0x0800333a   0x0800333a   0x00000002   Code   RO          563    i.NMI_Handler       stm32h7xx_it.o
    0x0800333c   0x0800333c   0x00000002   Code   RO          564    i.PendSV_Handler    stm32h7xx_it.o
    0x0800333e   0x0800333e   0x00000002   PAD
    0x08003340   0x08003340   0x000000fc   Code   RO         1810    i.RCCEx_PLL2_Config  stm32h7xx_hal_rcc_ex.o
    0x0800343c   0x0800343c   0x000000fc   Code   RO         1811    i.RCCEx_PLL3_Config  stm32h7xx_hal_rcc_ex.o
    0x08003538   0x08003538   0x00000044   Code   RO          373    i.SCB_CleanInvalidateDCache  ethernetif.o
    0x0800357c   0x0800357c   0x00000002   Code   RO          565    i.SVC_Handler       stm32h7xx_it.o
    0x0800357e   0x0800357e   0x00000004   Code   RO          566    i.SysTick_Handler   stm32h7xx_it.o
    0x08003582   0x08003582   0x00000002   PAD
    0x08003584   0x08003584   0x000000b4   Code   RO           15    i.SystemClock_Config  main.o
    0x08003638   0x08003638   0x00000088   Code   RO         3808    i.SystemInit        system_stm32h7xx.o
    0x080036c0   0x080036c0   0x000000c8   Code   RO         1325    i.UART_AdvFeatureConfig  stm32h7xx_hal_uart.o
    0x08003788   0x08003788   0x0000005c   Code   RO         1326    i.UART_CheckIdleState  stm32h7xx_hal_uart.o
    0x080037e4   0x080037e4   0x000004e8   Code   RO         1340    i.UART_SetConfig    stm32h7xx_hal_uart.o
    0x08003ccc   0x08003ccc   0x00000064   Code   RO         1342    i.UART_WaitOnFlagUntilTimeout  stm32h7xx_hal_uart.o
    0x08003d30   0x08003d30   0x00000002   Code   RO          567    i.UsageFault_Handler  stm32h7xx_it.o
    0x08003d32   0x08003d32   0x00000002   PAD
    0x08003d34   0x08003d34   0x00000020   Code   RO         7120    i.__0printf$3       mc_w.l(printf3.o)
    0x08003d54   0x08003d54   0x00000022   Code   RO         1128    i.__NVIC_SetPriority  stm32h7xx_hal_cortex.o
    0x08003d76   0x08003d76   0x0000000e   Code   RO         7332    i.__scatterload_copy  mc_w.l(handlers.o)
    0x08003d84   0x08003d84   0x00000002   Code   RO         7333    i.__scatterload_null  mc_w.l(handlers.o)
    0x08003d86   0x08003d86   0x0000000e   Code   RO         7334    i.__scatterload_zeroinit  mc_w.l(handlers.o)
    0x08003d94   0x08003d94   0x000001b8   Code   RO         7127    i._printf_core      mc_w.l(printf3.o)
    0x08003f4c   0x08003f4c   0x0000001c   Code   RO         5893    i.cyclic_timer      timeouts.o
    0x08003f68   0x08003f68   0x0000009c   Code   RO         4934    i.do_memp_free_pool  memp.o
    0x08004004   0x08004004   0x000000a4   Code   RO         4935    i.do_memp_malloc_pool  memp.o
    0x080040a8   0x080040a8   0x00000030   Code   RO         6122    i.etharp_cleanup_netif  etharp.o
    0x080040d8   0x080040d8   0x00000258   Code   RO         6124    i.etharp_find_entry  etharp.o
    0x08004330   0x08004330   0x00000024   Code   RO         6125    i.etharp_free_entry  etharp.o
    0x08004354   0x08004354   0x00000104   Code   RO         6127    i.etharp_input      etharp.o
    0x08004458   0x08004458   0x000001a8   Code   RO         6128    i.etharp_output     etharp.o
    0x08004600   0x08004600   0x00000110   Code   RO         6129    i.etharp_output_to_arp_index  etharp.o
    0x08004710   0x08004710   0x000001d8   Code   RO         6130    i.etharp_query      etharp.o
    0x080048e8   0x080048e8   0x00000170   Code   RO         6131    i.etharp_raw        etharp.o
    0x08004a58   0x08004a58   0x0000000c   Code   RO         6132    i.etharp_request    etharp.o
    0x08004a64   0x08004a64   0x00000020   Code   RO         6133    i.etharp_request_dst  etharp.o
    0x08004a84   0x08004a84   0x00000060   Code   RO         6134    i.etharp_tmr        etharp.o
    0x08004ae4   0x08004ae4   0x0000011c   Code   RO         6135    i.etharp_update_arp_entry  etharp.o
    0x08004c00   0x08004c00   0x000000a0   Code   RO         4283    i.ethernet_input    ethernet.o
    0x08004ca0   0x08004ca0   0x0000008c   Code   RO          374    i.ethernet_link_check_state  ethernetif.o
    0x08004d2c   0x08004d2c   0x00000002   Code   RO          299    i.ethernet_link_status_updated  lwip.o
    0x08004d2e   0x08004d2e   0x00000002   PAD
    0x08004d30   0x08004d30   0x000000f8   Code   RO         4284    i.ethernet_output   ethernet.o
    0x08004e28   0x08004e28   0x00000088   Code   RO          375    i.ethernetif_init   ethernetif.o
    0x08004eb0   0x08004eb0   0x0000002c   Code   RO          376    i.ethernetif_input  ethernetif.o
    0x08004edc   0x08004edc   0x00000018   Code   RO          512    i.fputc             usart.o
    0x08004ef4   0x08004ef4   0x00000008   Code   RO         6222    i.icmp_dest_unreach  icmp.o
    0x08004efc   0x08004efc   0x000001e8   Code   RO         6223    i.icmp_input        icmp.o
    0x080050e4   0x080050e4   0x0000010c   Code   RO         6224    i.icmp_send_response  icmp.o
    0x080051f0   0x080051f0   0x00000008   Code   RO         6225    i.icmp_time_exceeded  icmp.o
    0x080051f8   0x080051f8   0x0000002e   Code   RO         6341    i.ip4_addr_isbroadcast_u32  ip4_addr.o
    0x08005226   0x08005226   0x00000002   PAD
    0x08005228   0x08005228   0x00000254   Code   RO         6407    i.ip4_frag          ip4_frag.o
    0x0800547c   0x0800547c   0x000001a4   Code   RO         6288    i.ip4_input         ip4.o
    0x08005620   0x08005620   0x0000001e   Code   RO         6290    i.ip4_output_if     ip4.o
    0x0800563e   0x0800563e   0x00000002   PAD
    0x08005640   0x08005640   0x00000170   Code   RO         6291    i.ip4_output_if_src  ip4.o
    0x080057b0   0x080057b0   0x000001b4   Code   RO         6408    i.ip4_reass         ip4_frag.o
    0x08005964   0x08005964   0x0000005c   Code   RO         6292    i.ip4_route         ip4.o
    0x080059c0   0x080059c0   0x00000090   Code   RO         6409    i.ip_frag_free_pbuf_custom_ref  ip4_frag.o
    0x08005a50   0x08005a50   0x00000260   Code   RO         6410    i.ip_reass_chain_frag_into_datagram_and_validate  ip4_frag.o
    0x08005cb0   0x08005cb0   0x000000bc   Code   RO         6411    i.ip_reass_dequeue_datagram  ip4_frag.o
    0x08005d6c   0x08005d6c   0x00000190   Code   RO         6412    i.ip_reass_free_complete_datagram  ip4_frag.o
    0x08005efc   0x08005efc   0x00000080   Code   RO         6413    i.ip_reass_remove_oldest_datagram  ip4_frag.o
    0x08005f7c   0x08005f7c   0x0000002c   Code   RO         6414    i.ip_reass_tmr      ip4_frag.o
    0x08005fa8   0x08005fa8   0x00000098   Code   RO         6415    i.ipfrag_free_pbuf_custom  ip4_frag.o
    0x08006040   0x08006040   0x00000124   Code   RO          377    i.low_level_init    ethernetif.o
    0x08006164   0x08006164   0x00000064   Code   RO          378    i.low_level_input   ethernetif.o
    0x080061c8   0x080061c8   0x00000064   Code   RO          379    i.low_level_output  ethernetif.o
    0x0800622c   0x0800622c   0x00000004   Code   RO         4606    i.lwip_htonl        def.o
    0x08006230   0x08006230   0x00000004   Code   RO         4607    i.lwip_htons        def.o
    0x08006234   0x08006234   0x0000001e   Code   RO         4759    i.lwip_init         init.o
    0x08006252   0x08006252   0x00000002   PAD
    0x08006254   0x08006254   0x000000e4   Code   RO           16    i.main              main.o
    0x08006338   0x08006338   0x0000011c   Code   RO         4868    i.mem_free          mem.o
    0x08006454   0x08006454   0x00000034   Code   RO         4869    i.mem_init          mem.o
    0x08006488   0x08006488   0x000001fc   Code   RO         4870    i.mem_malloc        mem.o
    0x08006684   0x08006684   0x0000018c   Code   RO         4871    i.mem_trim          mem.o
    0x08006810   0x08006810   0x0000009c   Code   RO         4936    i.memp_free         memp.o
    0x080068ac   0x080068ac   0x00000020   Code   RO         4938    i.memp_init         memp.o
    0x080068cc   0x080068cc   0x0000002a   Code   RO         4939    i.memp_init_pool    memp.o
    0x080068f6   0x080068f6   0x00000002   PAD
    0x080068f8   0x080068f8   0x000000a4   Code   RO         4940    i.memp_malloc       memp.o
    0x0800699c   0x0800699c   0x000000e4   Code   RO         5065    i.netif_add         netif.o
    0x08006a80   0x08006a80   0x00000002   Code   RO         5067    i.netif_init        netif.o
    0x08006a82   0x08006a82   0x0000001a   Code   RO         5069    i.netif_issue_reports  netif.o
    0x08006a9c   0x08006a9c   0x00000048   Code   RO         5071    i.netif_set_addr    netif.o
    0x08006ae4   0x08006ae4   0x0000000c   Code   RO         5072    i.netif_set_default  netif.o
    0x08006af0   0x08006af0   0x0000001a   Code   RO         5073    i.netif_set_down    netif.o
    0x08006b0a   0x08006b0a   0x00000008   Code   RO         5074    i.netif_set_gw      netif.o
    0x08006b12   0x08006b12   0x00000002   PAD
    0x08006b14   0x08006b14   0x00000040   Code   RO         5075    i.netif_set_ipaddr  netif.o
    0x08006b54   0x08006b54   0x00000008   Code   RO         5076    i.netif_set_link_callback  netif.o
    0x08006b5c   0x08006b5c   0x0000001a   Code   RO         5077    i.netif_set_link_down  netif.o
    0x08006b76   0x08006b76   0x00000030   Code   RO         5078    i.netif_set_link_up  netif.o
    0x08006ba6   0x08006ba6   0x00000008   Code   RO         5079    i.netif_set_netmask  netif.o
    0x08006bae   0x08006bae   0x0000001c   Code   RO         5080    i.netif_set_up      netif.o
    0x08006bca   0x08006bca   0x00000002   PAD
    0x08006bcc   0x08006bcc   0x00000364   Code   RO         5199    i.pbuf_alloc        pbuf.o
    0x08006f30   0x08006f30   0x000000e0   Code   RO         5200    i.pbuf_alloced_custom  pbuf.o
    0x08007010   0x08007010   0x00000130   Code   RO         5201    i.pbuf_cat          pbuf.o
    0x08007140   0x08007140   0x00000012   Code   RO         5202    i.pbuf_chain        pbuf.o
    0x08007152   0x08007152   0x00000012   Code   RO         5203    i.pbuf_clen         pbuf.o
    0x08007164   0x08007164   0x000001ec   Code   RO         5205    i.pbuf_copy         pbuf.o
    0x08007350   0x08007350   0x0000011c   Code   RO         5206    i.pbuf_copy_partial  pbuf.o
    0x0800746c   0x0800746c   0x00000168   Code   RO         5208    i.pbuf_free         pbuf.o
    0x080075d4   0x080075d4   0x00000014   Code   RO          380    i.pbuf_free_custom  ethernetif.o
    0x080075e8   0x080075e8   0x00000006   Code   RO         5210    i.pbuf_header       pbuf.o
    0x080075ee   0x080075ee   0x00000006   Code   RO         5211    i.pbuf_header_force  pbuf.o
    0x080075f4   0x080075f4   0x00000124   Code   RO         5212    i.pbuf_header_impl  pbuf.o
    0x08007718   0x08007718   0x00000198   Code   RO         5216    i.pbuf_realloc      pbuf.o
    0x080078b0   0x080078b0   0x0000008c   Code   RO         5217    i.pbuf_ref          pbuf.o
    0x0800793c   0x0800793c   0x0000017c   Code   RO         4872    i.plug_holes        mem.o
    0x08007ab8   0x08007ab8   0x00000048   Code   RO         5894    i.sys_check_timeouts  timeouts.o
    0x08007b00   0x08007b00   0x00000004   Code   RO          382    i.sys_now           ethernetif.o
    0x08007b04   0x08007b04   0x0000013c   Code   RO         5896    i.sys_timeout       timeouts.o
    0x08007c40   0x08007c40   0x00000034   Code   RO         5897    i.sys_timeouts_init  timeouts.o
    0x08007c74   0x08007c74   0x00000170   Code   RO         5420    i.tcp_abandon       tcp.o
    0x08007de4   0x08007de4   0x00000006   Code   RO         5421    i.tcp_abort         tcp.o
    0x08007dea   0x08007dea   0x0000000e   Code   RO         5422    i.tcp_accept        tcp.o
    0x08007df8   0x08007df8   0x0000000e   Code   RO         5423    i.tcp_accept_null   tcp.o
    0x08007e06   0x08007e06   0x00000002   PAD
    0x08007e08   0x08007e08   0x00000104   Code   RO         5424    i.tcp_alloc         tcp.o
    0x08007f0c   0x08007f0c   0x00000008   Code   RO         5425    i.tcp_arg           tcp.o
    0x08007f14   0x08007f14   0x00000124   Code   RO         5426    i.tcp_bind          tcp.o
    0x08008038   0x08008038   0x00000014   Code   RO         5427    i.tcp_close         tcp.o
    0x0800804c   0x0800804c   0x0000018c   Code   RO         5428    i.tcp_close_shutdown  tcp.o
    0x080081d8   0x080081d8   0x000000c4   Code   RO         5429    i.tcp_close_shutdown_fin  tcp.o
    0x0800829c   0x0800829c   0x00000120   Code   RO         5776    i.tcp_create_segment  tcp_out.o
    0x080083bc   0x080083bc   0x0000005c   Code   RO         6943    i.tcp_echoserver_accept  tcp_echoserver.o
    0x08008418   0x08008418   0x00000040   Code   RO         6944    i.tcp_echoserver_connection_close  tcp_echoserver.o
    0x08008458   0x08008458   0x0000000a   Code   RO         6945    i.tcp_echoserver_error  tcp_echoserver.o
    0x08008462   0x08008462   0x00000002   PAD
    0x08008464   0x08008464   0x00000048   Code   RO         6946    i.tcp_echoserver_init  tcp_echoserver.o
    0x080084ac   0x080084ac   0x00000030   Code   RO         6947    i.tcp_echoserver_poll  tcp_echoserver.o
    0x080084dc   0x080084dc   0x000000e4   Code   RO         6948    i.tcp_echoserver_recv  tcp_echoserver.o
    0x080085c0   0x080085c0   0x0000004c   Code   RO         6949    i.tcp_echoserver_send  tcp_echoserver.o
    0x0800860c   0x0800860c   0x00000022   Code   RO         6950    i.tcp_echoserver_sent  tcp_echoserver.o
    0x0800862e   0x0800862e   0x00000022   Code   RO         5432    i.tcp_eff_send_mss_impl  tcp.o
    0x08008650   0x08008650   0x00000210   Code   RO         5777    i.tcp_enqueue_flags  tcp_out.o
    0x08008860   0x08008860   0x000000a4   Code   RO         5433    i.tcp_err           tcp.o
    0x08008904   0x08008904   0x0000006c   Code   RO         5434    i.tcp_fasttmr       tcp.o
    0x08008970   0x08008970   0x00000030   Code   RO         5697    i.tcp_getoptbyte    tcp_in.o
    0x080089a0   0x080089a0   0x00000002   Code   RO         5435    i.tcp_init          tcp.o
    0x080089a2   0x080089a2   0x00000002   PAD
    0x080089a4   0x080089a4   0x000005d8   Code   RO         5698    i.tcp_input         tcp_in.o
    0x08008f7c   0x08008f7c   0x00000040   Code   RO         5699    i.tcp_input_delayed_close  tcp_in.o
    0x08008fbc   0x08008fbc   0x00000052   Code   RO         5778    i.tcp_keepalive     tcp_out.o
    0x0800900e   0x0800900e   0x00000002   PAD
    0x08009010   0x08009010   0x000000bc   Code   RO         5436    i.tcp_kill_state    tcp.o
    0x080090cc   0x080090cc   0x000000cc   Code   RO         5437    i.tcp_listen_closed  tcp.o
    0x08009198   0x08009198   0x000000f4   Code   RO         5700    i.tcp_listen_input  tcp_in.o
    0x0800928c   0x0800928c   0x00000006   Code   RO         5438    i.tcp_listen_with_backlog  tcp.o
    0x08009292   0x08009292   0x00000002   PAD
    0x08009294   0x08009294   0x00000124   Code   RO         5439    i.tcp_listen_with_backlog_and_err  tcp.o
    0x080093b8   0x080093b8   0x0000004c   Code   RO         5440    i.tcp_netif_ip_addr_changed  tcp.o
    0x08009404   0x08009404   0x00000022   Code   RO         5441    i.tcp_netif_ip_addr_changed_pcblist  tcp.o
    0x08009426   0x08009426   0x00000006   Code   RO         5442    i.tcp_new           tcp.o
    0x0800942c   0x0800942c   0x0000005c   Code   RO         5444    i.tcp_new_port      tcp.o
    0x08009488   0x08009488   0x00000010   Code   RO         5445    i.tcp_next_iss      tcp.o
    0x08009498   0x08009498   0x000002d4   Code   RO         5779    i.tcp_output        tcp_out.o
    0x0800976c   0x0800976c   0x00000110   Code   RO         5780    i.tcp_output_alloc_header  tcp_out.o
    0x0800987c   0x0800987c   0x000000b0   Code   RO         5781    i.tcp_output_segment  tcp_out.o
    0x0800992c   0x0800992c   0x00000074   Code   RO         5701    i.tcp_parseopt      tcp_in.o
    0x080099a0   0x080099a0   0x000000d8   Code   RO         5782    i.tcp_pbuf_prealloc  tcp_out.o
    0x08009a78   0x08009a78   0x0000003a   Code   RO         5446    i.tcp_pcb_purge     tcp.o
    0x08009ab2   0x08009ab2   0x00000002   PAD
    0x08009ab4   0x08009ab4   0x00000108   Code   RO         5447    i.tcp_pcb_remove    tcp.o
    0x08009bbc   0x08009bbc   0x0000009c   Code   RO         5448    i.tcp_poll          tcp.o
    0x08009c58   0x08009c58   0x00000488   Code   RO         5702    i.tcp_process       tcp_in.o
    0x0800a0e0   0x0800a0e0   0x00000068   Code   RO         5449    i.tcp_process_refused_data  tcp.o
    0x0800a148   0x0800a148   0x00000678   Code   RO         5703    i.tcp_receive       tcp_in.o
    0x0800a7c0   0x0800a7c0   0x000000a0   Code   RO         5450    i.tcp_recv          tcp.o
    0x0800a860   0x0800a860   0x00000024   Code   RO         5451    i.tcp_recv_null     tcp.o
    0x0800a884   0x0800a884   0x00000110   Code   RO         5452    i.tcp_recved        tcp.o
    0x0800a994   0x0800a994   0x00000056   Code   RO         5783    i.tcp_rexmit        tcp_out.o
    0x0800a9ea   0x0800a9ea   0x00000058   Code   RO         5784    i.tcp_rexmit_fast   tcp_out.o
    0x0800aa42   0x0800aa42   0x00000030   Code   RO         5785    i.tcp_rexmit_rto    tcp_out.o
    0x0800aa72   0x0800aa72   0x00000002   PAD
    0x0800aa74   0x0800aa74   0x00000120   Code   RO         5786    i.tcp_rst           tcp_out.o
    0x0800ab94   0x0800ab94   0x0000001c   Code   RO         5453    i.tcp_seg_free      tcp.o
    0x0800abb0   0x0800abb0   0x00000012   Code   RO         5454    i.tcp_segs_free     tcp.o
    0x0800abc2   0x0800abc2   0x00000072   Code   RO         5787    i.tcp_send_empty_ack  tcp_out.o
    0x0800ac34   0x0800ac34   0x00000044   Code   RO         5788    i.tcp_send_fin      tcp_out.o
    0x0800ac78   0x0800ac78   0x000000a0   Code   RO         5455    i.tcp_sent          tcp.o
    0x0800ad18   0x0800ad18   0x00000004   Code   RO         5456    i.tcp_setprio       tcp.o
    0x0800ad1c   0x0800ad1c   0x000004bc   Code   RO         5458    i.tcp_slowtmr       tcp.o
    0x0800b1d8   0x0800b1d8   0x00000034   Code   RO         5900    i.tcp_timer_needed  timeouts.o
    0x0800b20c   0x0800b20c   0x00000068   Code   RO         5704    i.tcp_timewait_input  tcp_in.o
    0x0800b274   0x0800b274   0x00000020   Code   RO         5459    i.tcp_tmr           tcp.o
    0x0800b294   0x0800b294   0x00000010   Code   RO         5705    i.tcp_trigger_input_pcb_close  tcp_in.o
    0x0800b2a4   0x0800b2a4   0x000000c0   Code   RO         5461    i.tcp_update_rcv_ann_wnd  tcp.o
    0x0800b364   0x0800b364   0x00000690   Code   RO         5789    i.tcp_write         tcp_out.o
    0x0800b9f4   0x0800b9f4   0x00000140   Code   RO         5790    i.tcp_write_checks  tcp_out.o
    0x0800bb34   0x0800bb34   0x000000ae   Code   RO         5791    i.tcp_zero_window_probe  tcp_out.o
    0x0800bbe2   0x0800bbe2   0x00000002   PAD
    0x0800bbe4   0x0800bbe4   0x00000038   Code   RO         5901    i.tcpip_tcp_timer   timeouts.o
    0x0800bc1c   0x0800bc1c   0x00000002   Code   RO         5976    i.udp_init          udp.o
    0x0800bc1e   0x0800bc1e   0x00000002   PAD
    0x0800bc20   0x0800bc20   0x0000019c   Code   RO         5977    i.udp_input         udp.o
    0x0800bdbc   0x0800bdbc   0x00000034   Code   RO         5978    i.udp_netif_ip_addr_changed  udp.o
    0x0800bdf0   0x0800bdf0   0x00000018   Data   RO         1343    .constdata          stm32h7xx_hal_uart.o
    0x0800be08   0x0800be08   0x00000010   Data   RO         3809    .constdata          system_stm32h7xx.o
    0x0800be18   0x0800be18   0x00000006   Data   RO         4285    .constdata          ethernet.o
    0x0800be1e   0x0800be1e   0x00000006   Data   RO         4286    .constdata          ethernet.o
    0x0800be24   0x0800be24   0x0000000c   Data   RO         4951    .constdata          memp.o
    0x0800be30   0x0800be30   0x0000000c   Data   RO         4952    .constdata          memp.o
    0x0800be3c   0x0800be3c   0x0000000c   Data   RO         4953    .constdata          memp.o
    0x0800be48   0x0800be48   0x0000000c   Data   RO         4954    .constdata          memp.o
    0x0800be54   0x0800be54   0x0000000c   Data   RO         4955    .constdata          memp.o
    0x0800be60   0x0800be60   0x0000000c   Data   RO         4956    .constdata          memp.o
    0x0800be6c   0x0800be6c   0x0000000c   Data   RO         4957    .constdata          memp.o
    0x0800be78   0x0800be78   0x0000000c   Data   RO         4958    .constdata          memp.o
    0x0800be84   0x0800be84   0x0000000c   Data   RO         4959    .constdata          memp.o
    0x0800be90   0x0800be90   0x00000024   Data   RO         4960    .constdata          memp.o
    0x0800beb4   0x0800beb4   0x00000054   Data   RO         5462    .constdata          tcp.o
    0x0800bf08   0x0800bf08   0x00000018   Data   RO         5902    .constdata          timeouts.o
    0x0800bf20   0x0800bf20   0x00000004   Data   RO         6348    .constdata          ip4_addr.o
    0x0800bf24   0x0800bf24   0x00000075   Data   RO         5463    .conststring        tcp.o
    0x0800bf99   0x0800bf99   0x00000003   PAD
    0x0800bf9c   0x0800bf9c   0x00000055   Data   RO         5792    .conststring        tcp_out.o
    0x0800bff1   0x0800bff1   0x00000003   PAD
    0x0800bff4   0x0800bff4   0x00000041   Data   RO         6137    .conststring        etharp.o
    0x0800c035   0x0800c035   0x00000003   PAD
    0x0800c038   0x0800c038   0x00000020   Data   RO         7330    Region$$Table       anon$$obj.o


    Execution Region RW_IRAM2 (Exec base: 0x24000000, Load base: 0x0800c058, Size: 0x00003cb8, Max: 0x00080000, ABSOLUTE)

    Exec Addr    Load Addr    Size         Type   Attr      Idx    E Section Name        Object

    0x24000000   0x0800c058   0x0000001c   Data   RW          305    .data               lwip.o
    0x2400001c   0x0800c074   0x00000018   Data   RW          387    .data               ethernetif.o
    0x24000034   0x0800c08c   0x0000000c   Data   RW         3060    .data               stm32h7xx_hal.o
    0x24000040   0x0800c098   0x00000004   Data   RW         3810    .data               system_stm32h7xx.o
    0x24000044   0x0800c09c   0x00000004   Data   RW         3811    .data               system_stm32h7xx.o
    0x24000048   0x0800c0a0   0x0000000c   Data   RW         4874    .data               mem.o
    0x24000054   0x0800c0ac   0x00000004   Data   RW         4961    .data               memp.o
    0x24000058   0x0800c0b0   0x00000004   Data   RW         4962    .data               memp.o
    0x2400005c   0x0800c0b4   0x00000004   Data   RW         4963    .data               memp.o
    0x24000060   0x0800c0b8   0x00000004   Data   RW         4964    .data               memp.o
    0x24000064   0x0800c0bc   0x00000004   Data   RW         4965    .data               memp.o
    0x24000068   0x0800c0c0   0x00000004   Data   RW         4966    .data               memp.o
    0x2400006c   0x0800c0c4   0x00000004   Data   RW         4967    .data               memp.o
    0x24000070   0x0800c0c8   0x00000004   Data   RW         4968    .data               memp.o
    0x24000074   0x0800c0cc   0x00000004   Data   RW         4969    .data               memp.o
    0x24000078   0x0800c0d0   0x0000000c   Data   RW         5081    .data               netif.o
    0x24000084   0x0800c0dc   0x00000020   Data   RW         5464    .data               tcp.o
    0x240000a4   0x0800c0fc   0x00000024   Data   RW         5707    .data               tcp_in.o
    0x240000c8   0x0800c120   0x0000000c   Data   RW         5903    .data               timeouts.o
    0x240000d4   0x0800c12c   0x00000008   Data   RW         5987    .data               udp.o
    0x240000dc   0x0800c134   0x00000001   Data   RW         6138    .data               etharp.o
    0x240000dd   0x0800c135   0x00000001   PAD
    0x240000de   0x0800c136   0x00000002   Data   RW         6293    .data               ip4.o
    0x240000e0   0x0800c138   0x00000008   Data   RW         6416    .data               ip4_frag.o
    0x240000e8   0x0800c140   0x00000004   Data   RW         6951    .data               tcp_echoserver.o
    0x240000ec   0x0800c144   0x00000004   Data   RW         7306    .data               mc_w.l(stdout.o)
    0x240000f0        -       0x00000034   Zero   RW          304    .bss                lwip.o
    0x24000124        -       0x0000010c   Zero   RW          386    .bss                ethernetif.o
    0x24000230        -       0x00000080   Zero   RW          513    .bss                usart.o
    0x240002b0        -       0x00000018   Zero   RW         4836    .bss                ip.o
    0x240002c8        -       0x00000653   Zero   RW         4873    .bss                mem.o
    0x2400091b        -       0x00000083   Zero   RW         4942    .bss                memp.o
    0x2400099e        -       0x000002e7   Zero   RW         4943    .bss                memp.o
    0x24000c85        -       0x000000e3   Zero   RW         4944    .bss                memp.o
    0x24000d68        -       0x00000103   Zero   RW         4945    .bss                memp.o
    0x24000e6b        -       0x000000a3   Zero   RW         4946    .bss                memp.o
    0x24000f0e        -       0x0000016b   Zero   RW         4947    .bss                memp.o
    0x24001079        -       0x00000033   Zero   RW         4948    .bss                memp.o
    0x240010ac        -       0x00000103   Zero   RW         4949    .bss                memp.o
    0x240011af        -       0x00002603   Zero   RW         4950    .bss                memp.o
    0x240037b2   0x0800c148   0x00000002   PAD
    0x240037b4        -       0x00000010   Zero   RW         5706    .bss                tcp_in.o
    0x240037c4        -       0x000000f0   Zero   RW         6136    .bss                etharp.o
    0x240038b4   0x0800c148   0x00000004   PAD
    0x240038b8        -       0x00000400   Zero   RW            1    STACK               startup_stm32h743xx.o



  Load Region LR$$.ARM.__AT_0x30040000 (Base: 0x30040000, Size: 0x00000000, Max: 0x00000060, ABSOLUTE)

    Execution Region ER$$.ARM.__AT_0x30040000 (Exec base: 0x30040000, Load base: 0x30040000, Size: 0x00000060, Max: 0x00000060, ABSOLUTE, UNINIT)

    Exec Addr    Load Addr    Size         Type   Attr      Idx    E Section Name        Object

    0x30040000        -       0x00000060   Zero   RW          383    .ARM.__AT_0x30040000  ethernetif.o



  Load Region LR$$.ARM.__AT_0x30040060 (Base: 0x30040060, Size: 0x00000000, Max: 0x00000060, ABSOLUTE)

    Execution Region ER$$.ARM.__AT_0x30040060 (Exec base: 0x30040060, Load base: 0x30040060, Size: 0x00000060, Max: 0x00000060, ABSOLUTE, UNINIT)

    Exec Addr    Load Addr    Size         Type   Attr      Idx    E Section Name        Object

    0x30040060        -       0x00000060   Zero   RW          384    .ARM.__AT_0x30040060  ethernetif.o



  Load Region LR$$.ARM.__AT_0x30040200 (Base: 0x30040200, Size: 0x00000000, Max: 0x000017e0, ABSOLUTE)

    Execution Region ER$$.ARM.__AT_0x30040200 (Exec base: 0x30040200, Load base: 0x30040200, Size: 0x000017e0, Max: 0x000017e0, ABSOLUTE, UNINIT)

    Exec Addr    Load Addr    Size         Type   Attr      Idx    E Section Name        Object

    0x30040200        -       0x000017e0   Zero   RW          385    .ARM.__AT_0x30040200  ethernetif.o


==============================================================================

Image component sizes


      Code (inc. data)   RO Data    RW Data    ZI Data      Debug   Object Name

         0          0          0          0          0       1684   auth.o
         8          0          0          0          0       1226   def.o
         0          0          0          0          0        700   err.o
      2904       1170         65          1        240      13559   etharp.o
       408        156         12          0          0       2962   ethernet.o
      1188        182          0         24       6572      20487   ethernetif.o
       164         14          0          0          0       1103   gpio.o
       772        350          0          0          0       4786   icmp.o
        30          0          0          0          0       3520   init.o
         0          0          0          0         24       6217   ip.o
       910        182          0          2          0       5452   ip4.o
        46          0          4          0          0       7294   ip4_addr.o
      2696       1020          0          8          0      12286   ip4_frag.o
       404          0          0          0          0       3310   lan8742.o
       318         32          0         28         52       2841   lwip.o
       564         84          0          0          0    1244086   main.o
      1620        804          0         12       1619       6193   mem.o
       714        498        144         36      11927      10806   memp.o
       556        132          0         12          0      12597   netif.o
      3420       1816          0          0          0      14219   pbuf.o
         0          0          0          0          0       1168   slipif.o
        36          8        664          0       1024        896   startup_stm32h743xx.o
       140         26          0         12          0       4382   stm32h7xx_hal.o
       354         28          0          0          0      41229   stm32h7xx_hal_cortex.o
      4208        104          0          0          0      25218   stm32h7xx_hal_eth.o
       526         50          0          0          0       3396   stm32h7xx_hal_gpio.o
        28          6          0          0          0        906   stm32h7xx_hal_msp.o
      2108         78          0          0          0       6804   stm32h7xx_hal_rcc.o
      3408        108          0          0          0       8839   stm32h7xx_hal_rcc_ex.o
      1936        114         24          0          0      28417   stm32h7xx_hal_uart.o
        40          6          0          0          0       5678   stm32h7xx_it.o
       136         18         16          8          0       1486   system_stm32h7xx.o
      5492       2316        201         32          0      42772   tcp.o
       624        114          0          4          0      10134   tcp_echoserver.o
      4904       1116          0         36         16      19839   tcp_in.o
      5152       1722         85          0          0      28626   tcp_out.o
       576        216         24         12          0       6415   timeouts.o
       466        122          0          8          0       5387   udp.o
       196         24          0          0        128       2486   usart.o

    ----------------------------------------------------------------------
     47098      12616       1280        236      21608    1619406   Object Totals
         0          0         32          0          0          0   (incl. Generated)
        46          0          9          1          6          0   (incl. Padding)

    ----------------------------------------------------------------------

      Code (inc. data)   RO Data    RW Data    ZI Data      Debug   Library Member Name

         0          0          0          0          0          0   entry.o
         0          0          0          0          0          0   entry10a.o
         0          0          0          0          0          0   entry11a.o
         8          4          0          0          0          0   entry2.o
         4          0          0          0          0          0   entry5.o
         0          0          0          0          0          0   entry7b.o
         0          0          0          0          0          0   entry8b.o
         8          4          0          0          0          0   entry9a.o
        30          0          0          0          0          0   handlers.o
        36          8          0          0          0         68   init.o
        30          0          0          0          0         68   llshl.o
        32          0          0          0          0         68   llushr.o
        26          0          0          0          0         80   memcmp.o
        36          0          0          0          0         68   memcpya.o
        36          0          0          0          0        108   memseta.o
       472         14          0          0          0        184   printf3.o
         0          0          0          4          0          0   stdout.o
        44          0          0          0          0         80   uidiv.o
        98          0          0          0          0         92   uldiv.o

    ----------------------------------------------------------------------
       862         30          0          4          0        816   Library Totals
         2          0          0          0          0          0   (incl. Padding)

    ----------------------------------------------------------------------

      Code (inc. data)   RO Data    RW Data    ZI Data      Debug   Library Name

       860         30          0          4          0        816   mc_w.l

    ----------------------------------------------------------------------
       862         30          0          4          0        816   Library Totals

    ----------------------------------------------------------------------

==============================================================================


      Code (inc. data)   RO Data    RW Data    ZI Data      Debug   

     47960      12646       1280        240      21608    1595662   Grand Totals
     47960      12646       1280        240      21608    1595662   ELF Image Totals
     47960      12646       1280        240          0          0   ROM Totals

==============================================================================

    Total RO  Size (Code + RO Data)                49240 (  48.09kB)
    Total RW  Size (RW Data + ZI Data)             21848 (  21.34kB)
    Total ROM Size (Code + RO Data + RW Data)      49480 (  48.32kB)

==============================================================================

