Component: ARM Compiler 5.06 update 6 (build 750) Tool: armlink [4d35ed]

==============================================================================

Section Cross References

    startup_stm32h743xx.o(RESET) refers to startup_stm32h743xx.o(STACK) for __initial_sp
    startup_stm32h743xx.o(RESET) refers to startup_stm32h743xx.o(.text) for Reset_Handler
    startup_stm32h743xx.o(RESET) refers to stm32h7xx_it.o(i.NMI_Handler) for NMI_Handler
    startup_stm32h743xx.o(RESET) refers to stm32h7xx_it.o(i.HardFault_Handler) for HardFault_Handler
    startup_stm32h743xx.o(RESET) refers to stm32h7xx_it.o(i.MemManage_Handler) for MemManage_Handler
    startup_stm32h743xx.o(RESET) refers to stm32h7xx_it.o(i.BusFault_Handler) for BusFault_Handler
    startup_stm32h743xx.o(RESET) refers to stm32h7xx_it.o(i.UsageFault_Handler) for UsageFault_Handler
    startup_stm32h743xx.o(RESET) refers to stm32h7xx_it.o(i.SVC_Handler) for SVC_Handler
    startup_stm32h743xx.o(RESET) refers to stm32h7xx_it.o(i.DebugMon_Handler) for DebugMon_Handler
    startup_stm32h743xx.o(RESET) refers to stm32h7xx_it.o(i.PendSV_Handler) for PendSV_Handler
    startup_stm32h743xx.o(RESET) refers to stm32h7xx_it.o(i.SysTick_Handler) for SysTick_Handler
    startup_stm32h743xx.o(RESET) refers to stm32h7xx_it.o(i.EXTI15_10_IRQHandler) for EXTI15_10_IRQHandler
    startup_stm32h743xx.o(RESET) refers to stm32h7xx_it.o(i.ETH_IRQHandler) for ETH_IRQHandler
    startup_stm32h743xx.o(.text) refers to system_stm32h7xx.o(i.SystemInit) for SystemInit
    startup_stm32h743xx.o(.text) refers to entry.o(.ARM.Collect$$$$00000000) for __main
    main.o(i.Error_Handler) refers to printf3.o(i.__0printf$3) for __2printf
    main.o(i.MPU_Config) refers to stm32h7xx_hal_cortex.o(i.HAL_MPU_Disable) for HAL_MPU_Disable
    main.o(i.MPU_Config) refers to stm32h7xx_hal_cortex.o(i.HAL_MPU_ConfigRegion) for HAL_MPU_ConfigRegion
    main.o(i.MPU_Config) refers to stm32h7xx_hal_cortex.o(i.HAL_MPU_Enable) for HAL_MPU_Enable
    main.o(i.SystemClock_Config) refers to memseta.o(.text) for __aeabi_memclr4
    main.o(i.SystemClock_Config) refers to stm32h7xx_hal_rcc.o(i.HAL_RCC_OscConfig) for HAL_RCC_OscConfig
    main.o(i.SystemClock_Config) refers to main.o(i.Error_Handler) for Error_Handler
    main.o(i.SystemClock_Config) refers to stm32h7xx_hal_rcc.o(i.HAL_RCC_ClockConfig) for HAL_RCC_ClockConfig
    main.o(i.SystemClock_Config) refers to stm32h7xx_hal_rcc_ex.o(i.HAL_RCCEx_PeriphCLKConfig) for HAL_RCCEx_PeriphCLKConfig
    main.o(i.main) refers to main.o(i.MPU_Config) for MPU_Config
    main.o(i.main) refers to stm32h7xx_hal.o(i.HAL_Init) for HAL_Init
    main.o(i.main) refers to main.o(i.SystemClock_Config) for SystemClock_Config
    main.o(i.main) refers to gpio.o(i.MX_GPIO_Init) for MX_GPIO_Init
    main.o(i.main) refers to usart.o(i.MX_USART1_UART_Init) for MX_USART1_UART_Init
    main.o(i.main) refers to lwip.o(i.MX_LWIP_Init) for MX_LWIP_Init
    main.o(i.main) refers to printf3.o(i.__0printf$3) for __2printf
    main.o(i.main) refers to tcp_echoserver.o(i.tcp_echoserver_init) for tcp_echoserver_init
    main.o(i.main) refers to lwip.o(i.MX_LWIP_Process) for MX_LWIP_Process
    main.o(i.main) refers to stm32h7xx_hal.o(i.HAL_GetTick) for HAL_GetTick
    main.o(i.main) refers to lwip.o(.bss) for gnetif
    gpio.o(i.MX_GPIO_Init) refers to memseta.o(.text) for __aeabi_memclr4
    gpio.o(i.MX_GPIO_Init) refers to stm32h7xx_hal_gpio.o(i.HAL_GPIO_Init) for HAL_GPIO_Init
    gpio.o(i.MX_GPIO_Init) refers to stm32h7xx_hal_cortex.o(i.HAL_NVIC_SetPriority) for HAL_NVIC_SetPriority
    gpio.o(i.MX_GPIO_Init) refers to stm32h7xx_hal_cortex.o(i.HAL_NVIC_EnableIRQ) for HAL_NVIC_EnableIRQ
    lwip.o(i.MX_LWIP_Init) refers to init.o(i.lwip_init) for lwip_init
    lwip.o(i.MX_LWIP_Init) refers to netif.o(i.netif_add) for netif_add
    lwip.o(i.MX_LWIP_Init) refers to netif.o(i.netif_set_default) for netif_set_default
    lwip.o(i.MX_LWIP_Init) refers to netif.o(i.netif_set_up) for netif_set_up
    lwip.o(i.MX_LWIP_Init) refers to netif.o(i.netif_set_down) for netif_set_down
    lwip.o(i.MX_LWIP_Init) refers to netif.o(i.netif_set_link_callback) for netif_set_link_callback
    lwip.o(i.MX_LWIP_Init) refers to dhcp.o(i.dhcp_start) for dhcp_start
    lwip.o(i.MX_LWIP_Init) refers to ethernet.o(i.ethernet_input) for ethernet_input
    lwip.o(i.MX_LWIP_Init) refers to ethernetif.o(i.ethernetif_init) for ethernetif_init
    lwip.o(i.MX_LWIP_Init) refers to lwip.o(.data) for .data
    lwip.o(i.MX_LWIP_Init) refers to lwip.o(.bss) for .bss
    lwip.o(i.MX_LWIP_Init) refers to lwip.o(i.ethernet_link_status_updated) for ethernet_link_status_updated
    lwip.o(i.MX_LWIP_Process) refers to ethernetif.o(i.ethernetif_input) for ethernetif_input
    lwip.o(i.MX_LWIP_Process) refers to timeouts.o(i.sys_check_timeouts) for sys_check_timeouts
    lwip.o(i.MX_LWIP_Process) refers to stm32h7xx_hal.o(i.HAL_GetTick) for HAL_GetTick
[...]
    DMA1_Stream5_IRQHandler                  0x080002c7   Thumb Code     0  startup_stm32h743xx.o(.text)
    DMA1_Stream6_IRQHandler                  0x080002c7   Thumb Code     0  startup_stm32h743xx.o(.text)
    DMA1_Stream7_IRQHandler                  0x080002c7   Thumb Code     0  startup_stm32h743xx.o(.text)
    DMA2D_IRQHandler                         0x080002c7   Thumb Code     0  startup_stm32h743xx.o(.text)
    DMA2_Stream0_IRQHandler                  0x080002c7   Thumb Code     0  startup_stm32h743xx.o(.text)
    DMA2_Stream1_IRQHandler                  0x080002c7   Thumb Code     0  startup_stm32h743xx.o(.text)
    DMA2_Stream2_IRQHandler                  0x080002c7   Thumb Code     0  startup_stm32h743xx.o(.text)
    DMA2_Stream3_IRQHandler                  0x080002c7   Thumb Code     0  startup_stm32h743xx.o(.text)
    DMA2_Stream4_IRQHandler                  0x080002c7   Thumb Code     0  startup_stm32h743xx.o(.text)
    DMA2_Stream5_IRQHandler                  0x080002c7   Thumb Code     0  startup_stm32h743xx.o(.text)
    DMA2_Stream6_IRQHandler                  0x080002c7   Thumb Code     0  startup_stm32h743xx.o(.text)
    DMA2_Stream7_IRQHandler                  0x080002c7   Thumb Code     0  startup_stm32h743xx.o(.text)
    DMAMUX1_OVR_IRQHandler                   0x080002c7   Thumb Code     0  startup_stm32h743xx.o(.text)
    DMAMUX2_OVR_IRQHandler                   0x080002c7   Thumb Code     0  startup_stm32h743xx.o(.text)
    ETH_WKUP_IRQHandler                      0x080002c7   Thumb Code     0  startup_stm32h743xx.o(.text)
    EXTI0_IRQHandler                         0x080002c7   Thumb Code     0  startup_stm32h743xx.o(.text)
    EXTI1_IRQHandler                         0x080002c7   Thumb Code     0  startup_stm32h743xx.o(.text)
    EXTI2_IRQHandler                         0x080002c7   Thumb Code     0  startup_stm32h743xx.o(.text)
    EXTI3_IRQHandler                         0x080002c7   Thumb Code     0  startup_stm32h743xx.o(.text)
    EXTI4_IRQHandler                         0x080002c7   Thumb Code     0  startup_stm32h743xx.o(.text)
    EXTI9_5_IRQHandler                       0x080002c7   Thumb Code     0  startup_stm32h743xx.o(.text)
    FDCAN1_IT0_IRQHandler                    0x080002c7   Thumb Code     0  startup_stm32h743xx.o(.text)
    FDCAN1_IT1_IRQHandler                    0x080002c7   Thumb Code     0  startup_stm32h743xx.o(.text)
    FDCAN2_IT0_IRQHandler                    0x080002c7   Thumb Code     0  startup_stm32h743xx.o(.text)
    FDCAN2_IT1_IRQHandler                    0x080002c7   Thumb Code     0  startup_stm32h743xx.o(.text)
    FDCAN_CAL_IRQHandler                     0x080002c7   Thumb Code     0  startup_stm32h743xx.o(.text)
    FLASH_IRQHandler                         0x080002c7   Thumb Code     0  startup_stm32h743xx.o(.text)
    FMC_IRQHandler                           0x080002c7   Thumb Code     0  startup_stm32h743xx.o(.text)
    FPU_IRQHandler                           0x080002c7   Thumb Code     0  startup_stm32h743xx.o(.text)
    HRTIM1_FLT_IRQHandler                    0x080002c7   Thumb Code     0  startup_stm32h743xx.o(.text)
    HRTIM1_Master_IRQHandler                 0x080002c7   Thumb Code     0  startup_stm32h743xx.o(.text)
    HRTIM1_TIMA_IRQHandler                   0x080002c7   Thumb Code     0  startup_stm32h743xx.o(.text)
    HRTIM1_TIMB_IRQHandler                   0x080002c7   Thumb Code     0  startup_stm32h743xx.o(.text)
    HRTIM1_TIMC_IRQHandler                   0x080002c7   Thumb Code     0  startup_stm32h743xx.o(.text)
    HRTIM1_TIMD_IRQHandler                   0x080002c7   Thumb Code     0  startup_stm32h743xx.o(.text)
    HRTIM1_TIME_IRQHandler                   0x080002c7   Thumb Code     0  startup_stm32h743xx.o(.text)
    HSEM1_IRQHandler                         0x080002c7   Thumb Code     0  startup_stm32h743xx.o(.text)
    I2C1_ER_IRQHandler                       0x080002c7   Thumb Code     0  startup_stm32h743xx.o(.text)
    I2C1_EV_IRQHandler                       0x080002c7   Thumb Code     0  startup_stm32h743xx.o(.text)
    I2C2_ER_IRQHandler                       0x080002c7   Thumb Code     0  startup_stm32h743xx.o(.text)
    I2C2_EV_IRQHandler                       0x080002c7   Thumb Code     0  startup_stm32h743xx.o(.text)
    I2C3_ER_IRQHandler                       0x080002c7   Thumb Code     0  startup_stm32h743xx.o(.text)
    I2C3_EV_IRQHandler                       0x080002c7   Thumb Code     0  startup_stm32h743xx.o(.text)
    I2C4_ER_IRQHandler                       0x080002c7   Thumb Code     0  startup_stm32h743xx.o(.text)
    I2C4_EV_IRQHandler                       0x080002c7   Thumb Code     0  startup_stm32h743xx.o(.text)
    JPEG_IRQHandler                          0x080002c7   Thumb Code     0  startup_stm32h743xx.o(.text)
    LPTIM1_IRQHandler                        0x080002c7   Thumb Code     0  startup_stm32h743xx.o(.text)
    LPTIM2_IRQHandler                        0x080002c7   Thumb Code     0  startup_stm32h743xx.o(.text)
    LPTIM3_IRQHandler                        0x080002c7   Thumb Code     0  startup_stm32h743xx.o(.text)
    LPTIM4_IRQHandler                        0x080002c7   Thumb Code     0  startup_stm32h743xx.o(.text)
    LPTIM5_IRQHandler                        0x080002c7   Thumb Code     0  startup_stm32h743xx.o(.text)
    LPUART1_IRQHandler                       0x080002c7   Thumb Code     0  startup_stm32h743xx.o(.text)
    LTDC_ER_IRQHandler                       0x080002c7   Thumb Code     0  startup_stm32h743xx.o(.text)
    LTDC_IRQHandler                          0x080002c7   Thumb Code     0  startup_stm32h743xx.o(.text)
    MDIOS_IRQHandler                         0x080002c7   Thumb Code     0  startup_stm32h743xx.o(.text)
    MDIOS_WKUP_IRQHandler                    0x080002c7   Thumb Code     0  startup_stm32h743xx.o(.text)
    MDMA_IRQHandler                          0x080002c7   Thumb Code     0  startup_stm32h743xx.o(.text)
    OTG_FS_EP1_IN_IRQHandler                 0x080002c7   Thumb Code     0  startup_stm32h743xx.o(.text)
    OTG_FS_EP1_OUT_IRQHandler                0x080002c7   Thumb Code     0  startup_stm32h743xx.o(.text)
    OTG_FS_IRQHandler                        0x080002c7   Thumb Code     0  startup_stm32h743xx.o(.text)
    OTG_FS_WKUP_IRQHandler                   0x080002c7   Thumb Code     0  startup_stm32h743xx.o(.text)
    OTG_HS_EP1_IN_IRQHandler                 0x080002c7   Thumb Code     0  startup_stm32h743xx.o(.text)
    OTG_HS_EP1_OUT_IRQHandler                0x080002c7   Thumb Code     0  startup_stm32h743xx.o(.text)
    OTG_HS_IRQHandler                        0x080002c7   Thumb Code     0  startup_stm32h743xx.o(.text)
    OTG_HS_WKUP_IRQHandler                   0x080002c7   Thumb Code     0  startup_stm32h743xx.o(.text)
    PVD_AVD_IRQHandler                       0x080002c7   Thumb Code     0  startup_stm32h743xx.o(.text)
    QUADSPI_IRQHandler                       0x080002c7   Thumb Code     0  startup_stm32h743xx.o(.text)
    RCC_IRQHandler                           0x080002c7   Thumb Code     0  startup_stm32h743xx.o(.text)
    RNG_IRQHandler                           0x080002c7   Thumb Code     0  startup_stm32h743xx.o(.text)
    RTC_Alarm_IRQHandler                     0x080002c7   Thumb Code     0  startup_stm32h743xx.o(.text)
    RTC_WKUP_IRQHandler                      0x080002c7   Thumb Code     0  startup_stm32h743xx.o(.text)
    SAI1_IRQHandler                          0x080002c7   Thumb Code     0  startup_stm32h743xx.o(.text)
    SAI2_IRQHandler                          0x080002c7   Thumb Code     0  startup_stm32h743xx.o(.text)
    SAI3_IRQHandler                          0x080002c7   Thumb Code     0  startup_stm32h743xx.o(.text)
    SAI4_IRQHandler                          0x080002c7   Thumb Code     0  startup_stm32h743xx.o(.text)
    SDMMC1_IRQHandler                        0x080002c7   Thumb Code     0  startup_stm32h743xx.o(.text)
    SDMMC2_IRQHandler                        0x080002c7   Thumb Code     0  startup_stm32h743xx.o(.text)
    SPDIF_RX_IRQHandler                      0x080002c7   Thumb Code     0  startup_stm32h743xx.o(.text)
    SPI1_IRQHandler                          0x080002c7   Thumb Code     0  startup_stm32h743xx.o(.text)
    SPI2_IRQHandler                          0x080002c7   Thumb Code     0  startup_stm32h743xx.o(.text)
    SPI3_IRQHandler                          0x080002c7   Thumb Code     0  startup_stm32h743xx.o(.text)
    SPI4_IRQHandler                          0x080002c7   Thumb Code     0  startup_stm32h743xx.o(.text)
    SPI5_IRQHandler                          0x080002c7   Thumb Code     0  startup_stm32h743xx.o(.text)
    SPI6_IRQHandler                          0x080002c7   Thumb Code     0  startup_stm32h743xx.o(.text)
    SWPMI1_IRQHandler                        0x080002c7   Thumb Code     0  startup_stm32h743xx.o(.text)
    TAMP_STAMP_IRQHandler                    0x080002c7   Thumb Code     0  startup_stm32h743xx.o(.text)
    TIM15_IRQHandler                         0x080002c7   Thumb Code     0  startup_stm32h743xx.o(.text)
    TIM16_IRQHandler                         0x080002c7   Thumb Code     0  startup_stm32h743xx.o(.text)
    TIM17_IRQHandler                         0x080002c7   Thumb Code     0  startup_stm32h743xx.o(.text)
    TIM1_BRK_IRQHandler                      0x080002c7   Thumb Code     0  startup_stm32h743xx.o(.text)
    TIM1_CC_IRQHandler                       0x080002c7   Thumb Code     0  startup_stm32h743xx.o(.text)
    TIM1_TRG_COM_IRQHandler                  0x080002c7   Thumb Code     0  startup_stm32h743xx.o(.text)
    TIM1_UP_IRQHandler                       0x080002c7   Thumb Code     0  startup_stm32h743xx.o(.text)
    TIM2_IRQHandler                          0x080002c7   Thumb Code     0  startup_stm32h743xx.o(.text)
    TIM3_IRQHandler                          0x080002c7   Thumb Code     0  startup_stm32h743xx.o(.text)
    TIM4_IRQHandler                          0x080002c7   Thumb Code     0  startup_stm32h743xx.o(.text)
    TIM5_IRQHandler                          0x080002c7   Thumb Code     0  startup_stm32h743xx.o(.text)
    TIM6_DAC_IRQHandler                      0x080002c7   Thumb Code     0  startup_stm32h743xx.o(.text)
    TIM7_IRQHandler                          0x080002c7   Thumb Code     0  startup_stm32h743xx.o(.text)
    TIM8_BRK_TIM12_IRQHandler                0x080002c7   Thumb Code     0  startup_stm32h743xx.o(.text)
    TIM8_CC_IRQHandler                       0x080002c7   Thumb Code     0  startup_stm32h743xx.o(.text)
    TIM8_TRG_COM_TIM14_IRQHandler            0x080002c7   Thumb Code     0  startup_stm32h743xx.o(.text)
    TIM8_UP_TIM13_IRQHandler                 0x080002c7   Thumb Code     0  startup_stm32h743xx.o(.text)
    UART4_IRQHandler                         0x080002c7   Thumb Code     0  startup_stm32h743xx.o(.text)
    UART5_IRQHandler                         0x080002c7   Thumb Code     0  startup_stm32h743xx.o(.text)
    UART7_IRQHandler                         0x080002c7   Thumb Code     0  startup_stm32h743xx.o(.text)
    UART8_IRQHandler                         0x080002c7   Thumb Code     0  startup_stm32h743xx.o(.text)
    USART1_IRQHandler                        0x080002c7   Thumb Code     0  startup_stm32h743xx.o(.text)
    USART2_IRQHandler                        0x080002c7   Thumb Code     0  startup_stm32h743xx.o(.text)
    USART3_IRQHandler                        0x080002c7   Thumb Code     0  startup_stm32h743xx.o(.text)
    USART6_IRQHandler                        0x080002c7   Thumb Code     0  startup_stm32h743xx.o(.text)
    WAKEUP_PIN_IRQHandler                    0x080002c7   Thumb Code     0  startup_stm32h743xx.o(.text)
    WWDG_IRQHandler                          0x080002c7   Thumb Code     0  startup_stm32h743xx.o(.text)
    __aeabi_uldivmod                         0x080002d1   Thumb Code    98  uldiv.o(.text)
    rand                                     0x08000335   Thumb Code    20  rand.o(.text)
    srand                                    0x08000349   Thumb Code     6  rand.o(.text)
    __aeabi_memcpy                           0x08000359   Thumb Code    36  memcpya.o(.text)
    __aeabi_memcpy4                          0x08000359   Thumb Code     0  memcpya.o(.text)
    __aeabi_memcpy8                          0x08000359   Thumb Code     0  memcpya.o(.text)
    __aeabi_memset                           0x0800037d   Thumb Code    14  memseta.o(.text)
    __aeabi_memset4                          0x0800037d   Thumb Code     0  memseta.o(.text)
    __aeabi_memset8                          0x0800037d   Thumb Code     0  memseta.o(.text)
    __aeabi_memclr                           0x0800038b   Thumb Code     4  memseta.o(.text)
    __aeabi_memclr4                          0x0800038b   Thumb Code     0  memseta.o(.text)
    __aeabi_memclr8                          0x0800038b   Thumb Code     0  memseta.o(.text)
    _memset$wrapper                          0x0800038f   Thumb Code    18  memseta.o(.text)
    memcmp                                   0x080003a1   Thumb Code    26  memcmp.o(.text)
    atoi                                     0x080003bb   Thumb Code    26  atoi.o(.text)
    __aeabi_uidiv                            0x080003d5   Thumb Code     0  uidiv.o(.text)
    __aeabi_uidivmod                         0x080003d5   Thumb Code    44  uidiv.o(.text)
    __aeabi_llsl                             0x08000401   Thumb Code    30  llshl.o(.text)
    _ll_shift_l                              0x08000401   Thumb Code     0  llshl.o(.text)
    __aeabi_llsr                             0x0800041f   Thumb Code    32  llushr.o(.text)
    _ll_ushift_r                             0x0800041f   Thumb Code     0  llushr.o(.text)
    strtol                                   0x0800043f   Thumb Code   112  strtol.o(.text)
    __scatterload                            0x080004b1   Thumb Code    28  init.o(.text)
    __scatterload_rt2                        0x080004b1   Thumb Code     0  init.o(.text)
    __rt_ctype_table                         0x080004d5   Thumb Code     4  ctype_o.o(.text)
    _strtoul                                 0x080004dd   Thumb Code   158  _strtoul.o(.text)
    _chval                                   0x0800057b   Thumb Code    28  _chval.o(.text)
    BusFault_Handler                         0x08000597   Thumb Code     2  stm32h7xx_it.o(i.BusFault_Handler)
    DebugMon_Handler                         0x08000599   Thumb Code     2  stm32h7xx_it.o(i.DebugMon_Handler)
    ETH_IRQHandler                           0x0800059d   Thumb Code     6  stm32h7xx_it.o(i.ETH_IRQHandler)
    ETH_PHY_IO_DeInit                        0x08000681   Thumb Code     4  ethernetif.o(i.ETH_PHY_IO_DeInit)
    ETH_PHY_IO_GetTick                       0x08000685   Thumb Code     4  ethernetif.o(i.ETH_PHY_IO_GetTick)
    ETH_PHY_IO_Init                          0x08000689   Thumb Code    12  ethernetif.o(i.ETH_PHY_IO_Init)
    ETH_PHY_IO_ReadReg                       0x08000699   Thumb Code    24  ethernetif.o(i.ETH_PHY_IO_ReadReg)
    ETH_PHY_IO_WriteReg                      0x080006b5   Thumb Code    24  ethernetif.o(i.ETH_PHY_IO_WriteReg)
    EXTI15_10_IRQHandler                     0x08000bed   Thumb Code     8  stm32h7xx_it.o(i.EXTI15_10_IRQHandler)
    Error_Handler                            0x08000bf5   Thumb Code     6  main.o(i.Error_Handler)
    HAL_ETH_BuildRxDescriptors               0x08000c0d   Thumb Code   120  stm32h7xx_hal_eth.o(i.HAL_ETH_BuildRxDescriptors)
    HAL_ETH_DMAErrorCallback                 0x08000c85   Thumb Code     2  stm32h7xx_hal_eth.o(i.HAL_ETH_DMAErrorCallback)
    HAL_ETH_DescAssignMemory                 0x08000c87   Thumb Code    56  stm32h7xx_hal_eth.o(i.HAL_ETH_DescAssignMemory)
    HAL_ETH_EEECallback                      0x08000cbf   Thumb Code     2  stm32h7xx_hal_eth.o(i.HAL_ETH_EEECallback)
    HAL_ETH_GetMACConfig                     0x08000cc1   Thumb Code   460  stm32h7xx_hal_eth.o(i.HAL_ETH_GetMACConfig)
    HAL_ETH_GetRxDataBuffer                  0x08000e8d   Thumb Code   172  stm32h7xx_hal_eth.o(i.HAL_ETH_GetRxDataBuffer)
    HAL_ETH_GetRxDataLength                  0x08000f39   Thumb Code    52  stm32h7xx_hal_eth.o(i.HAL_ETH_GetRxDataLength)
    HAL_ETH_IRQHandler                       0x08000f6d   Thumb Code   324  stm32h7xx_hal_eth.o(i.HAL_ETH_IRQHandler)
    HAL_ETH_Init                             0x080010b1   Thumb Code   484  stm32h7xx_hal_eth.o(i.HAL_ETH_Init)
    HAL_ETH_IsRxDataAvailable                0x080012bd   Thumb Code   202  stm32h7xx_hal_eth.o(i.HAL_ETH_IsRxDataAvailable)
    HAL_ETH_MACErrorCallback                 0x08001387   Thumb Code     2  stm32h7xx_hal_eth.o(i.HAL_ETH_MACErrorCallback)
    HAL_ETH_MspInit                          0x08001389   Thumb Code   180  ethernetif.o(i.HAL_ETH_MspInit)
    HAL_ETH_PMTCallback                      0x08001455   Thumb Code     2  stm32h7xx_hal_eth.o(i.HAL_ETH_PMTCallback)
    HAL_ETH_ReadPHYRegister                  0x08001459   Thumb Code   100  stm32h7xx_hal_eth.o(i.HAL_ETH_ReadPHYRegister)
    HAL_ETH_RxCpltCallback                   0x080014bd   Thumb Code     2  stm32h7xx_hal_eth.o(i.HAL_ETH_RxCpltCallback)
    HAL_ETH_SetMACConfig                     0x080014bf   Thumb Code    24  stm32h7xx_hal_eth.o(i.HAL_ETH_SetMACConfig)
    HAL_ETH_SetMDIOClockRange                0x080014d9   Thumb Code    88  stm32h7xx_hal_eth.o(i.HAL_ETH_SetMDIOClockRange)
    HAL_ETH_Start                            0x08001551   Thumb Code   124  stm32h7xx_hal_eth.o(i.HAL_ETH_Start)
    HAL_ETH_Stop                             0x080015cd   Thumb Code   100  stm32h7xx_hal_eth.o(i.HAL_ETH_Stop)
    HAL_ETH_Transmit                         0x08001631   Thumb Code   192  stm32h7xx_hal_eth.o(i.HAL_ETH_Transmit)
    HAL_ETH_TxCpltCallback                   0x080016f1   Thumb Code     2  stm32h7xx_hal_eth.o(i.HAL_ETH_TxCpltCallback)
    HAL_ETH_WakeUpCallback                   0x080016f3   Thumb Code     2  stm32h7xx_hal_eth.o(i.HAL_ETH_WakeUpCallback)
    HAL_ETH_WritePHYRegister                 0x080016f5   Thumb Code    94  stm32h7xx_hal_eth.o(i.HAL_ETH_WritePHYRegister)
    HAL_GPIO_EXTI_Callback                   0x08001759   Thumb Code     2  stm32h7xx_hal_gpio.o(i.HAL_GPIO_EXTI_Callback)
    HAL_GPIO_EXTI_IRQHandler                 0x0800175b   Thumb Code    24  stm32h7xx_hal_gpio.o(i.HAL_GPIO_EXTI_IRQHandler)
    HAL_GPIO_Init                            0x08001775   Thumb Code   450  stm32h7xx_hal_gpio.o(i.HAL_GPIO_Init)
    HAL_GetTick                              0x08001969   Thumb Code     6  stm32h7xx_hal.o(i.HAL_GetTick)
    HAL_IncTick                              0x08001975   Thumb Code    12  stm32h7xx_hal.o(i.HAL_IncTick)
    HAL_Init                                 0x08001985   Thumb Code    28  stm32h7xx_hal.o(i.HAL_Init)
    HAL_InitTick                             0x080019a1   Thumb Code    54  stm32h7xx_hal.o(i.HAL_InitTick)
    HAL_MPU_ConfigRegion                     0x080019e1   Thumb Code    86  stm32h7xx_hal_cortex.o(i.HAL_MPU_ConfigRegion)
    HAL_MPU_Disable                          0x08001a3d   Thumb Code    24  stm32h7xx_hal_cortex.o(i.HAL_MPU_Disable)
    HAL_MPU_Enable                           0x08001a59   Thumb Code    30  stm32h7xx_hal_cortex.o(i.HAL_MPU_Enable)
    HAL_MspInit                              0x08001a7d   Thumb Code    22  stm32h7xx_hal_msp.o(i.HAL_MspInit)
    HAL_NVIC_EnableIRQ                       0x08001a99   Thumb Code    26  stm32h7xx_hal_cortex.o(i.HAL_NVIC_EnableIRQ)
    HAL_NVIC_SetPriority                     0x08001ab5   Thumb Code    60  stm32h7xx_hal_cortex.o(i.HAL_NVIC_SetPriority)
    HAL_NVIC_SetPriorityGrouping             0x08001af5   Thumb Code    28  stm32h7xx_hal_cortex.o(i.HAL_NVIC_SetPriorityGrouping)
    HAL_RCCEx_GetD1SysClockFreq              0x08001b19   Thumb Code    40  stm32h7xx_hal_rcc_ex.o(i.HAL_RCCEx_GetD1SysClockFreq)
    HAL_RCCEx_GetD3PCLK1Freq                 0x08001b4d   Thumb Code    34  stm32h7xx_hal_rcc_ex.o(i.HAL_RCCEx_GetD3PCLK1Freq)
    HAL_RCCEx_GetPLL2ClockFreq               0x08001b79   Thumb Code   268  stm32h7xx_hal_rcc_ex.o(i.HAL_RCCEx_GetPLL2ClockFreq)
    HAL_RCCEx_GetPLL3ClockFreq               0x08001c99   Thumb Code   268  stm32h7xx_hal_rcc_ex.o(i.HAL_RCCEx_GetPLL3ClockFreq)
    HAL_RCCEx_PeriphCLKConfig                0x08001db9   Thumb Code  2232  stm32h7xx_hal_rcc_ex.o(i.HAL_RCCEx_PeriphCLKConfig)
    HAL_RCC_ClockConfig                      0x08002671   Thumb Code   458  stm32h7xx_hal_rcc.o(i.HAL_RCC_ClockConfig)
    HAL_RCC_GetHCLKFreq                      0x0800284d   Thumb Code    38  stm32h7xx_hal_rcc.o(i.HAL_RCC_GetHCLKFreq)
    HAL_RCC_GetPCLK1Freq                     0x08002881   Thumb Code    34  stm32h7xx_hal_rcc.o(i.HAL_RCC_GetPCLK1Freq)
    HAL_RCC_GetPCLK2Freq                     0x080028ad   Thumb Code    36  stm32h7xx_hal_rcc.o(i.HAL_RCC_GetPCLK2Freq)
    HAL_RCC_GetSysClockFreq                  0x080028d9   Thumb Code   286  stm32h7xx_hal_rcc.o(i.HAL_RCC_GetSysClockFreq)
    HAL_RCC_OscConfig                        0x08002a05   Thumb Code  1186  stm32h7xx_hal_rcc.o(i.HAL_RCC_OscConfig)
    HAL_SYSCFG_ETHInterfaceSelect            0x08002ead   Thumb Code    14  stm32h7xx_hal.o(i.HAL_SYSCFG_ETHInterfaceSelect)
    HAL_SYSTICK_Config                       0x08002ec1   Thumb Code    38  stm32h7xx_hal_cortex.o(i.HAL_SYSTICK_Config)
    HAL_UART_Init                            0x08002ee7   Thumb Code   106  stm32h7xx_hal_uart.o(i.HAL_UART_Init)
    HAL_UART_MspInit                         0x08002f51   Thumb Code    92  usart.o(i.HAL_UART_MspInit)
    HAL_UART_Transmit                        0x08002fb9   Thumb Code   182  stm32h7xx_hal_uart.o(i.HAL_UART_Transmit)
    HardFault_Handler                        0x0800306f   Thumb Code     2  stm32h7xx_it.o(i.HardFault_Handler)
    LAN8742_GetLinkState                     0x08003071   Thumb Code   150  lan8742.o(i.LAN8742_GetLinkState)
    LAN8742_Init                             0x08003107   Thumb Code   210  lan8742.o(i.LAN8742_Init)
    LAN8742_RegisterBusIO                    0x080031d9   Thumb Code    44  lan8742.o(i.LAN8742_RegisterBusIO)
    MX_GPIO_Init                             0x08003289   Thumb Code   150  gpio.o(i.MX_GPIO_Init)
    MX_LWIP_Init                             0x0800332d   Thumb Code    84  lwip.o(i.MX_LWIP_Init)
    MX_LWIP_Process                          0x08003395   Thumb Code    46  lwip.o(i.MX_LWIP_Process)
    MX_USART1_UART_Init                      0x080033cd   Thumb Code    60  usart.o(i.MX_USART1_UART_Init)
    MemManage_Handler                        0x08003411   Thumb Code     2  stm32h7xx_it.o(i.MemManage_Handler)
    NMI_Handler                              0x08003413   Thumb Code     2  stm32h7xx_it.o(i.NMI_Handler)
    PendSV_Handler                           0x08003415   Thumb Code     2  stm32h7xx_it.o(i.PendSV_Handler)
    SVC_Handler                              0x08003655   Thumb Code     2  stm32h7xx_it.o(i.SVC_Handler)
    SysTick_Handler                          0x08003657   Thumb Code     4  stm32h7xx_it.o(i.SysTick_Handler)
    SystemClock_Config                       0x0800365d   Thumb Code   176  main.o(i.SystemClock_Config)
    SystemInit                               0x08003711   Thumb Code   118  system_stm32h7xx.o(i.SystemInit)
    UART_AdvFeatureConfig                    0x08003799   Thumb Code   200  stm32h7xx_hal_uart.o(i.UART_AdvFeatureConfig)
    UART_CheckIdleState                      0x08003861   Thumb Code    92  stm32h7xx_hal_uart.o(i.UART_CheckIdleState)
    UART_SetConfig                           0x080038bd   Thumb Code  1252  stm32h7xx_hal_uart.o(i.UART_SetConfig)
    UART_WaitOnFlagUntilTimeout              0x08003da5   Thumb Code   100  stm32h7xx_hal_uart.o(i.UART_WaitOnFlagUntilTimeout)
    UsageFault_Handler                       0x08003e09   Thumb Code     2  stm32h7xx_it.o(i.UsageFault_Handler)
    __0printf$3                              0x08003e0d   Thumb Code    22  printf3.o(i.__0printf$3)
    __1printf$3                              0x08003e0d   Thumb Code     0  printf3.o(i.__0printf$3)
    __2printf                                0x08003e0d   Thumb Code     0  printf3.o(i.__0printf$3)
    __aeabi_errno_addr                       0x08003e51   Thumb Code     4  errno.o(i.__aeabi_errno_addr)
    __rt_errno_addr                          0x08003e51   Thumb Code     0  errno.o(i.__aeabi_errno_addr)
    __scatterload_copy                       0x08003e59   Thumb Code    14  handlers.o(i.__scatterload_copy)
    __scatterload_null                       0x08003e67   Thumb Code     2  handlers.o(i.__scatterload_null)
    __scatterload_zeroinit                   0x08003e69   Thumb Code    14  handlers.o(i.__scatterload_zeroinit)
    dhcp_arp_reply                           0x0800404d   Thumb Code    42  dhcp.o(i.dhcp_arp_reply)
    dhcp_coarse_tmr                          0x080042a1   Thumb Code   168  dhcp.o(i.dhcp_coarse_tmr)
    dhcp_fine_tmr                            0x08004945   Thumb Code    46  dhcp.o(i.dhcp_fine_tmr)
    dhcp_network_changed                     0x08004ac9   Thumb Code    48  dhcp.o(i.dhcp_network_changed)
    dhcp_release                             0x08005629   Thumb Code   160  dhcp.o(i.dhcp_release)
    dhcp_renew                               0x080056d1   Thumb Code   178  dhcp.o(i.dhcp_renew)
    dhcp_start                               0x08005891   Thumb Code   164  dhcp.o(i.dhcp_start)
    dhcp_stop                                0x080059f5   Thumb Code    72  dhcp.o(i.dhcp_stop)
    dhcp_supplied_address                    0x08005acd   Thumb Code    28  dhcp.o(i.dhcp_supplied_address)
    etharp_cleanup_netif                     0x08005c91   Thumb Code    42  etharp.o(i.etharp_cleanup_netif)
    etharp_input                             0x08005f3d   Thumb Code   166  etharp.o(i.etharp_input)
    etharp_output                            0x08006055   Thumb Code   272  etharp.o(i.etharp_output)
    etharp_query                             0x0800630d   Thumb Code   300  etharp.o(i.etharp_query)
    etharp_request                           0x08006655   Thumb Code     6  etharp.o(i.etharp_request)
    etharp_tmr                               0x08006681   Thumb Code    92  etharp.o(i.etharp_tmr)
    ethernet_input                           0x080067fd   Thumb Code   154  ethernet.o(i.ethernet_input)
    ethernet_link_check_state                0x0800689d   Thumb Code   136  ethernetif.o(i.ethernet_link_check_state)
    ethernet_output                          0x0800692d   Thumb Code    98  ethernet.o(i.ethernet_output)
    ethernetif_init                          0x08006a25   Thumb Code    50  ethernetif.o(i.ethernetif_init)
    ethernetif_input                         0x08006aad   Thumb Code    38  ethernetif.o(i.ethernetif_input)
    fputc                                    0x08006ad9   Thumb Code    20  usart.o(i.fputc)
    icmp_dest_unreach                        0x08006af1   Thumb Code     8  icmp.o(i.icmp_dest_unreach)
    icmp_input                               0x08006af9   Thumb Code   278  icmp.o(i.icmp_input)
    icmp_time_exceeded                       0x08006ded   Thumb Code     8  icmp.o(i.icmp_time_exceeded)
    ip4_addr_isbroadcast_u32                 0x08006df5   Thumb Code    46  ip4_addr.o(i.ip4_addr_isbroadcast_u32)
    ip4_frag                                 0x08006e25   Thumb Code   390  ip4_frag.o(i.ip4_frag)
    ip4_input                                0x08007079   Thumb Code   438  ip4.o(i.ip4_input)
    ip4_output_if                            0x08007239   Thumb Code    30  ip4.o(i.ip4_output_if)
    ip4_output_if_src                        0x08007259   Thumb Code   206  ip4.o(i.ip4_output_if_src)
    ip4_reass                                0x080073c9   Thumb Code   432  ip4_frag.o(i.ip4_reass)
    ip4_route                                0x0800757d   Thumb Code    82  ip4.o(i.ip4_route)
    ip_reass_tmr                             0x08007b95   Thumb Code    40  ip4_frag.o(i.ip_reass_tmr)
    lwip_htonl                               0x08007e45   Thumb Code     4  def.o(i.lwip_htonl)
    lwip_htons                               0x08007e49   Thumb Code     4  def.o(i.lwip_htons)
    lwip_init                                0x08007e4d   Thumb Code    30  init.o(i.lwip_init)
    main                                     0x08007e6d   Thumb Code   218  main.o(i.main)
    mem_free                                 0x08007f8d   Thumb Code   110  mem.o(i.mem_free)
    mem_init                                 0x080080a9   Thumb Code    42  mem.o(i.mem_init)
    mem_malloc                               0x080080dd   Thumb Code   256  mem.o(i.mem_malloc)
    mem_trim                                 0x080082d9   Thumb Code   246  mem.o(i.mem_trim)
    memp_free                                0x08008465   Thumb Code    34  memp.o(i.memp_free)
    memp_init                                0x08008501   Thumb Code    26  memp.o(i.memp_init)
    memp_init_pool                           0x08008521   Thumb Code    42  memp.o(i.memp_init_pool)
    memp_malloc                              0x0800854d   Thumb Code    38  memp.o(i.memp_malloc)
    netif_add                                0x080085f1   Thumb Code   110  netif.o(i.netif_add)
    netif_init                               0x080086d9   Thumb Code     2  netif.o(i.netif_init)
    netif_set_addr                           0x080086f5   Thumb Code    72  netif.o(i.netif_set_addr)
    netif_set_default                        0x0800873d   Thumb Code     6  netif.o(i.netif_set_default)
    netif_set_down                           0x08008749   Thumb Code    46  netif.o(i.netif_set_down)
    netif_set_gw                             0x08008777   Thumb Code     8  netif.o(i.netif_set_gw)
    netif_set_ipaddr                         0x08008781   Thumb Code    70  netif.o(i.netif_set_ipaddr)
    netif_set_link_callback                  0x080087cd   Thumb Code     8  netif.o(i.netif_set_link_callback)
    netif_set_link_down                      0x080087d5   Thumb Code    26  netif.o(i.netif_set_link_down)
    netif_set_link_up                        0x080087ef   Thumb Code    58  netif.o(i.netif_set_link_up)
    netif_set_netmask                        0x08008829   Thumb Code     8  netif.o(i.netif_set_netmask)
    netif_set_up                             0x08008831   Thumb Code    50  netif.o(i.netif_set_up)
    pbuf_alloc                               0x08008865   Thumb Code   460  pbuf.o(i.pbuf_alloc)
    pbuf_alloced_custom                      0x08008bc9   Thumb Code    98  pbuf.o(i.pbuf_alloced_custom)
    pbuf_cat                                 0x08008ca9   Thumb Code    96  pbuf.o(i.pbuf_cat)
    pbuf_chain                               0x08008dd9   Thumb Code    18  pbuf.o(i.pbuf_chain)
    pbuf_clen                                0x08008deb   Thumb Code    18  pbuf.o(i.pbuf_clen)
    pbuf_copy                                0x08008dfd   Thumb Code   242  pbuf.o(i.pbuf_copy)
    pbuf_copy_partial                        0x08008fe9   Thumb Code   126  pbuf.o(i.pbuf_copy_partial)
    pbuf_free                                0x08009105   Thumb Code   174  pbuf.o(i.pbuf_free)
    pbuf_free_custom                         0x0800926d   Thumb Code    20  ethernetif.o(i.pbuf_free_custom)
    pbuf_header                              0x08009281   Thumb Code     6  pbuf.o(i.pbuf_header)
    pbuf_header_force                        0x08009287   Thumb Code     6  pbuf.o(i.pbuf_header_force)
    pbuf_realloc                             0x080093b1   Thumb Code   196  pbuf.o(i.pbuf_realloc)
    pbuf_ref                                 0x08009549   Thumb Code    32  pbuf.o(i.pbuf_ref)
    sys_check_timeouts                       0x08009751   Thumb Code    68  timeouts.o(i.sys_check_timeouts)
    sys_now                                  0x08009799   Thumb Code     4  ethernetif.o(i.sys_now)
    sys_timeout                              0x0800979d   Thumb Code   156  timeouts.o(i.sys_timeout)
    sys_timeouts_init                        0x080098d9   Thumb Code    38  timeouts.o(i.sys_timeouts_init)
    tcp_abandon                              0x0800990d   Thumb Code   222  tcp.o(i.tcp_abandon)
    tcp_abort                                0x08009a7d   Thumb Code     6  tcp.o(i.tcp_abort)
    tcp_accept                               0x08009a83   Thumb Code    14  tcp.o(i.tcp_accept)
    tcp_alloc                                0x08009aa1   Thumb Code   246  tcp.o(i.tcp_alloc)
    tcp_arg                                  0x08009ba5   Thumb Code     8  tcp.o(i.tcp_arg)
    tcp_bind                                 0x08009bad   Thumb Code   152  tcp.o(i.tcp_bind)
    tcp_close                                0x08009cd1   Thumb Code    20  tcp.o(i.tcp_close)
    tcp_echoserver_init                      0x0800a0fd   Thumb Code    58  tcp_echoserver.o(i.tcp_echoserver_init)
    tcp_eff_send_mss_impl                    0x0800a333   Thumb Code    34  tcp.o(i.tcp_eff_send_mss_impl)
    tcp_enqueue_flags                        0x0800a355   Thumb Code   262  tcp_out.o(i.tcp_enqueue_flags)
    tcp_err                                  0x0800a565   Thumb Code    34  tcp.o(i.tcp_err)
    tcp_fasttmr                              0x0800a609   Thumb Code   102  tcp.o(i.tcp_fasttmr)
    tcp_init                                 0x0800a6a5   Thumb Code     2  tcp.o(i.tcp_init)
    tcp_input                                0x0800a6a9   Thumb Code  1496  tcp_in.o(i.tcp_input)
    tcp_keepalive                            0x0800acc1   Thumb Code    82  tcp_out.o(i.tcp_keepalive)
    tcp_listen_with_backlog                  0x0800af91   Thumb Code     6  tcp.o(i.tcp_listen_with_backlog)
    tcp_listen_with_backlog_and_err          0x0800af99   Thumb Code   158  tcp.o(i.tcp_listen_with_backlog_and_err)
    tcp_netif_ip_addr_changed                0x0800b0bd   Thumb Code    72  tcp.o(i.tcp_netif_ip_addr_changed)
    tcp_new                                  0x0800b12b   Thumb Code     6  tcp.o(i.tcp_new)
    tcp_next_iss                             0x0800b18d   Thumb Code    12  tcp.o(i.tcp_next_iss)
    tcp_output                               0x0800b19d   Thumb Code   562  tcp_out.o(i.tcp_output)
    tcp_pcb_purge                            0x0800b77d   Thumb Code    58  tcp.o(i.tcp_pcb_purge)
    tcp_pcb_remove                           0x0800b7b9   Thumb Code   122  tcp.o(i.tcp_pcb_remove)
    tcp_poll                                 0x0800b8c1   Thumb Code    36  tcp.o(i.tcp_poll)
    tcp_process_refused_data                 0x0800bde5   Thumb Code   104  tcp.o(i.tcp_process_refused_data)
    tcp_recv                                 0x0800c4c5   Thumb Code    32  tcp.o(i.tcp_recv)
    tcp_recv_null                            0x0800c565   Thumb Code    36  tcp.o(i.tcp_recv_null)
    tcp_recved                               0x0800c589   Thumb Code   106  tcp.o(i.tcp_recved)
    tcp_rexmit                               0x0800c699   Thumb Code    86  tcp_out.o(i.tcp_rexmit)
    tcp_rexmit_fast                          0x0800c6ef   Thumb Code    88  tcp_out.o(i.tcp_rexmit_fast)
    tcp_rexmit_rto                           0x0800c747   Thumb Code    48  tcp_out.o(i.tcp_rexmit_rto)
    tcp_rst                                  0x0800c779   Thumb Code   148  tcp_out.o(i.tcp_rst)
    tcp_seg_free                             0x0800c899   Thumb Code    28  tcp.o(i.tcp_seg_free)
    tcp_segs_free                            0x0800c8b5   Thumb Code    18  tcp.o(i.tcp_segs_free)
    tcp_send_empty_ack                       0x0800c8c7   Thumb Code   114  tcp_out.o(i.tcp_send_empty_ack)
    tcp_send_fin                             0x0800c939   Thumb Code    68  tcp_out.o(i.tcp_send_fin)
    tcp_sent                                 0x0800c97d   Thumb Code    32  tcp.o(i.tcp_sent)
    tcp_setprio                              0x0800ca1d   Thumb Code     4  tcp.o(i.tcp_setprio)
    tcp_slowtmr                              0x0800ca21   Thumb Code   754  tcp.o(i.tcp_slowtmr)
    tcp_timer_needed                         0x0800cedd   Thumb Code    36  timeouts.o(i.tcp_timer_needed)
    tcp_tmr                                  0x0800cf79   Thumb Code    28  tcp.o(i.tcp_tmr)
    tcp_trigger_input_pcb_close              0x0800cf99   Thumb Code    12  tcp_in.o(i.tcp_trigger_input_pcb_close)
    tcp_update_rcv_ann_wnd                   0x0800cfa9   Thumb Code    76  tcp.o(i.tcp_update_rcv_ann_wnd)
    tcp_write                                0x0800d069   Thumb Code  1680  tcp_out.o(i.tcp_write)
    tcp_zero_window_probe                    0x0800d839   Thumb Code   174  tcp_out.o(i.tcp_zero_window_probe)
    udp_bind                                 0x0800d921   Thumb Code   174  udp.o(i.udp_bind)
    udp_connect                              0x0800d9d9   Thumb Code    76  udp.o(i.udp_connect)
    udp_init                                 0x0800da29   Thumb Code     2  udp.o(i.udp_init)
    udp_input                                0x0800da2d   Thumb Code   294  udp.o(i.udp_input)
    udp_netif_ip_addr_changed                0x0800dbc9   Thumb Code    48  udp.o(i.udp_netif_ip_addr_changed)
    udp_new                                  0x0800dbfd   Thumb Code    26  udp.o(i.udp_new)
    udp_recv                                 0x0800dc17   Thumb Code     6  udp.o(i.udp_recv)
    udp_remove                               0x0800dc1d   Thumb Code    42  udp.o(i.udp_remove)
    udp_sendto_if                            0x0800dc4d   Thumb Code    54  udp.o(i.udp_sendto_if)
    udp_sendto_if_src                        0x0800dc85   Thumb Code   186  udp.o(i.udp_sendto_if_src)
    D1CorePrescTable                         0x0800ddc8   Data          16  system_stm32h7xx.o(.constdata)
    ethbroadcast                             0x0800ddf0   Data           6  ethernet.o(.constdata)
    ethzero                                  0x0800ddf6   Data           6  ethernet.o(.constdata)
    memp_UDP_PCB                             0x0800ddfc   Data          12  memp.o(.constdata)
    memp_TCP_PCB                             0x0800de08   Data          12  memp.o(.constdata)
    memp_TCP_PCB_LISTEN                      0x0800de14   Data          12  memp.o(.constdata)
    memp_TCP_SEG                             0x0800de20   Data          12  memp.o(.constdata)
    memp_REASSDATA                           0x0800de2c   Data          12  memp.o(.constdata)
    memp_FRAG_PBUF                           0x0800de38   Data          12  memp.o(.constdata)
    memp_SYS_TIMEOUT                         0x0800de44   Data          12  memp.o(.constdata)
    memp_PBUF                                0x0800de50   Data          12  memp.o(.constdata)
    memp_PBUF_POOL                           0x0800de5c   Data          12  memp.o(.constdata)
    memp_pools                               0x0800de68   Data          36  memp.o(.constdata)
    tcp_pcb_lists                            0x0800ded0   Data          16  tcp.o(.constdata)
    lwip_cyclic_timers                       0x0800dee0   Data          40  timeouts.o(.constdata)
    ip_addr_any                              0x0800df08   Data           4  ip4_addr.o(.constdata)
    ip_addr_broadcast                        0x0800df0c   Data           4  ip4_addr.o(.constdata)
    __ctype_table                            0x0800df10   Data         129  ctype_o.o(.constdata)
    Region$$Table$$Base                      0x0800e138   Number         0  anon$$obj.o(Region$$Table)
    Region$$Table$$Limit                     0x0800e158   Number         0  anon$$obj.o(Region$$Table)
    EthernetLinkTimer                        0x24000000   Data           4  lwip.o(.data)
    ipaddr                                   0x24000004   Data           4  lwip.o(.data)
    netmask                                  0x24000008   Data           4  lwip.o(.data)
    gw                                       0x2400000c   Data           4  lwip.o(.data)
    current_pbuf_idx                         0x24000010   Data           4  ethernetif.o(.data)
    LAN8742_IOCtx                            0x24000014   Data          20  ethernetif.o(.data)
    SystemCoreClock                          0x24000028   Data           4  system_stm32h7xx.o(.data)
    SystemD2Clock                            0x2400002c   Data           4  system_stm32h7xx.o(.data)
    netif_list                               0x24000074   Data           4  netif.o(.data)
    netif_default                            0x24000078   Data           4  netif.o(.data)
    tcp_active_pcbs_changed                  0x2400007c   Data           1  tcp.o(.data)
    tcp_ticks                                0x24000088   Data           4  tcp.o(.data)
    tcp_bound_pcbs                           0x2400008c   Data           4  tcp.o(.data)
    tcp_listen_pcbs                          0x24000090   Data           4  tcp.o(.data)
    tcp_active_pcbs                          0x24000094   Data           4  tcp.o(.data)
    tcp_tw_pcbs                              0x24000098   Data           4  tcp.o(.data)
    tcp_input_pcb                            0x240000bc   Data           4  tcp_in.o(.data)
    udp_pcbs                                 0x240000d0   Data           4  udp.o(.data)
    dhcp_rx_options_given                    0x240000e0   Data           8  dhcp.o(.data)
    __stdout                                 0x240000f8   Data           4  stdout.o(.data)
    gnetif                                   0x24000100   Data          60  lwip.o(.bss)
    heth                                     0x2400013c   Data         104  ethernetif.o(.bss)
    TxConfig                                 0x240001a4   Data          52  ethernetif.o(.bss)
    rx_pbuf                                  0x240001d8   Data          80  ethernetif.o(.bss)
    LAN8742                                  0x24000228   Data          32  ethernetif.o(.bss)
    huart1                                   0x24000248   Data         128  usart.o(.bss)
    ip_data                                  0x240002c8   Data          24  ip.o(.bss)
    ram_heap                                 0x240002e0   Data        1619  mem.o(.bss)
    memp_memory_UDP_PCB_base                 0x24000933   Data         131  memp.o(.bss)
    memp_memory_TCP_PCB_base                 0x240009b6   Data         743  memp.o(.bss)
    memp_memory_TCP_PCB_LISTEN_base          0x24000c9d   Data         227  memp.o(.bss)
    memp_memory_TCP_SEG_base                 0x24000d80   Data         259  memp.o(.bss)
    memp_memory_REASSDATA_base               0x24000e83   Data         163  memp.o(.bss)
    memp_memory_FRAG_PBUF_base               0x24000f26   Data         363  memp.o(.bss)
    memp_memory_SYS_TIMEOUT_base             0x24001091   Data          83  memp.o(.bss)
    memp_memory_PBUF_base                    0x240010e4   Data         259  memp.o(.bss)
    memp_memory_PBUF_POOL_base               0x240011e7   Data        9731  memp.o(.bss)
    dhcp_rx_options_val                      0x240037fc   Data          32  dhcp.o(.bss)
    __initial_sp                             0x24003d10   Data           0  startup_stm32h743xx.o(STACK)
    DMARxDscrTab                             0x30040000   Data          96  ethernetif.o(.ARM.__AT_0x30040000)
    DMATxDscrTab                             0x30040060   Data          96  ethernetif.o(.ARM.__AT_0x30040060)
    Rx_Buff                                  0x30040200   Data        6112  ethernetif.o(.ARM.__AT_0x30040200)



==============================================================================

Memory Map of the image

  Image Entry point : 0x08000299

  Load Region LR_IROM1 (Base: 0x08000000, Size: 0x0000e258, Max: 0x00200000, ABSOLUTE)

    Execution Region ER_IROM1 (Exec base: 0x08000000, Load base: 0x08000000, Size: 0x0000e158, Max: 0x00200000, ABSOLUTE)

    Exec Addr    Load Addr    Size         Type   Attr      Idx    E Section Name        Object

    0x08000000   0x08000000   0x00000298   Data   RO            3    RESET               startup_stm32h743xx.o
    0x08000298   0x08000298   0x00000000   Code   RO         7232  * .ARM.Collect$$$$00000000  mc_w.l(entry.o)
    0x08000298   0x08000298   0x00000004   Code   RO         7515    .ARM.Collect$$$$00000001  mc_w.l(entry2.o)
    0x0800029c   0x0800029c   0x00000004   Code   RO         7518    .ARM.Collect$$$$00000004  mc_w.l(entry5.o)
    0x080002a0   0x080002a0   0x00000000   Code   RO         7520    .ARM.Collect$$$$00000008  mc_w.l(entry7b.o)
    0x080002a0   0x080002a0   0x00000000   Code   RO         7522    .ARM.Collect$$$$0000000A  mc_w.l(entry8b.o)
    0x080002a0   0x080002a0   0x00000008   Code   RO         7523    .ARM.Collect$$$$0000000B  mc_w.l(entry9a.o)
    0x080002a8   0x080002a8   0x00000000   Code   RO         7525    .ARM.Collect$$$$0000000D  mc_w.l(entry10a.o)
    0x080002a8   0x080002a8   0x00000000   Code   RO         7527    .ARM.Collect$$$$0000000F  mc_w.l(entry11a.o)
    0x080002a8   0x080002a8   0x00000004   Code   RO         7516    .ARM.Collect$$$$00002712  mc_w.l(entry2.o)
    0x080002ac   0x080002ac   0x00000024   Code   RO            4    .text               startup_stm32h743xx.o
    0x080002d0   0x080002d0   0x00000062   Code   RO         7235    .text               mc_w.l(uldiv.o)
    0x08000332   0x08000332   0x00000002   PAD
    0x08000334   0x08000334   0x00000024   Code   RO         7237    .text               mc_w.l(rand.o)
    0x08000358   0x08000358   0x00000024   Code   RO         7240    .text               mc_w.l(memcpya.o)
    0x0800037c   0x0800037c   0x00000024   Code   RO         7242    .text               mc_w.l(memseta.o)
    0x080003a0   0x080003a0   0x0000001a   Code   RO         7246    .text               mc_w.l(memcmp.o)
    0x080003ba   0x080003ba   0x0000001a   Code   RO         7513    .text               mc_w.l(atoi.o)
    0x080003d4   0x080003d4   0x0000002c   Code   RO         7530    .text               mc_w.l(uidiv.o)
    0x08000400   0x08000400   0x0000001e   Code   RO         7532    .text               mc_w.l(llshl.o)
    0x0800041e   0x0800041e   0x00000020   Code   RO         7534    .text               mc_w.l(llushr.o)
    0x0800043e   0x0800043e   0x00000070   Code   RO         7543    .text               mc_w.l(strtol.o)
    0x080004ae   0x080004ae   0x00000002   PAD
    0x080004b0   0x080004b0   0x00000024   Code   RO         7556    .text               mc_w.l(init.o)
    0x080004d4   0x080004d4   0x00000008   Code   RO         7560    .text               mc_w.l(ctype_o.o)
    0x080004dc   0x080004dc   0x0000009e   Code   RO         7588    .text               mc_w.l(_strtoul.o)
    0x0800057a   0x0800057a   0x0000001c   Code   RO         7592    .text               mc_w.l(_chval.o)
    0x08000596   0x08000596   0x00000002   Code   RO          576    i.BusFault_Handler  stm32h7xx_it.o
    0x08000598   0x08000598   0x00000002   Code   RO          577    i.DebugMon_Handler  stm32h7xx_it.o
    0x0800059a   0x0800059a   0x00000002   PAD
    0x0800059c   0x0800059c   0x0000000c   Code   RO          578    i.ETH_IRQHandler    stm32h7xx_it.o
    0x080005a8   0x080005a8   0x000000d8   Code   RO          925    i.ETH_MACDMAConfig  stm32h7xx_hal_eth.o
    0x08000680   0x08000680   0x00000004   Code   RO          385    i.ETH_PHY_IO_DeInit  ethernetif.o
    0x08000684   0x08000684   0x00000004   Code   RO          386    i.ETH_PHY_IO_GetTick  ethernetif.o
    0x08000688   0x08000688   0x00000010   Code   RO          387    i.ETH_PHY_IO_Init   ethernetif.o
    0x08000698   0x08000698   0x0000001c   Code   RO          388    i.ETH_PHY_IO_ReadReg  ethernetif.o
    0x080006b4   0x080006b4   0x0000001c   Code   RO          389    i.ETH_PHY_IO_WriteReg  ethernetif.o
    0x080006d0   0x080006d0   0x000002c0   Code   RO          926    i.ETH_Prepare_Tx_Descriptors  stm32h7xx_hal_eth.o
    0x08000990   0x08000990   0x000000b4   Code   RO          927    i.ETH_SetDMAConfig  stm32h7xx_hal_eth.o
    0x08000a44   0x08000a44   0x000001a8   Code   RO          928    i.ETH_SetMACConfig  stm32h7xx_hal_eth.o
    0x08000bec   0x08000bec   0x00000008   Code   RO          579    i.EXTI15_10_IRQHandler  stm32h7xx_it.o
    0x08000bf4   0x08000bf4   0x00000018   Code   RO           13    i.Error_Handler     main.o
    0x08000c0c   0x08000c0c   0x00000078   Code   RO          929    i.HAL_ETH_BuildRxDescriptors  stm32h7xx_hal_eth.o
    0x08000c84   0x08000c84   0x00000002   Code   RO          930    i.HAL_ETH_DMAErrorCallback  stm32h7xx_hal_eth.o
    0x08000c86   0x08000c86   0x00000038   Code   RO          932    i.HAL_ETH_DescAssignMemory  stm32h7xx_hal_eth.o
    0x08000cbe   0x08000cbe   0x00000002   Code   RO          933    i.HAL_ETH_EEECallback  stm32h7xx_hal_eth.o
    0x08000cc0   0x08000cc0   0x000001cc   Code   RO          939    i.HAL_ETH_GetMACConfig  stm32h7xx_hal_eth.o
    0x08000e8c   0x08000e8c   0x000000ac   Code   RO          943    i.HAL_ETH_GetRxDataBuffer  stm32h7xx_hal_eth.o
    0x08000f38   0x08000f38   0x00000034   Code   RO          945    i.HAL_ETH_GetRxDataLength  stm32h7xx_hal_eth.o
    0x08000f6c   0x08000f6c   0x00000144   Code   RO          947    i.HAL_ETH_IRQHandler  stm32h7xx_hal_eth.o
    0x080010b0   0x080010b0   0x0000020c   Code   RO          948    i.HAL_ETH_Init      stm32h7xx_hal_eth.o
    0x080012bc   0x080012bc   0x000000ca   Code   RO          949    i.HAL_ETH_IsRxDataAvailable  stm32h7xx_hal_eth.o
    0x08001386   0x08001386   0x00000002   Code   RO          950    i.HAL_ETH_MACErrorCallback  stm32h7xx_hal_eth.o
    0x08001388   0x08001388   0x000000cc   Code   RO          391    i.HAL_ETH_MspInit   ethernetif.o
    0x08001454   0x08001454   0x00000002   Code   RO          953    i.HAL_ETH_PMTCallback  stm32h7xx_hal_eth.o
    0x08001456   0x08001456   0x00000002   PAD
    0x08001458   0x08001458   0x00000064   Code   RO          954    i.HAL_ETH_ReadPHYRegister  stm32h7xx_hal_eth.o
    0x080014bc   0x080014bc   0x00000002   Code   RO          955    i.HAL_ETH_RxCpltCallback  stm32h7xx_hal_eth.o
    0x080014be   0x080014be   0x00000018   Code   RO          958    i.HAL_ETH_SetMACConfig  stm32h7xx_hal_eth.o
    0x080014d6   0x080014d6   0x00000002   PAD
    0x080014d8   0x080014d8   0x00000078   Code   RO          960    i.HAL_ETH_SetMDIOClockRange  stm32h7xx_hal_eth.o
    0x08001550   0x08001550   0x0000007c   Code   RO          964    i.HAL_ETH_Start     stm32h7xx_hal_eth.o
    0x080015cc   0x080015cc   0x00000064   Code   RO          966    i.HAL_ETH_Stop      stm32h7xx_hal_eth.o
    0x08001630   0x08001630   0x000000c0   Code   RO          968    i.HAL_ETH_Transmit  stm32h7xx_hal_eth.o
    0x080016f0   0x080016f0   0x00000002   Code   RO          970    i.HAL_ETH_TxCpltCallback  stm32h7xx_hal_eth.o
    0x080016f2   0x080016f2   0x00000002   Code   RO          971    i.HAL_ETH_WakeUpCallback  stm32h7xx_hal_eth.o
    0x080016f4   0x080016f4   0x00000064   Code   RO          972    i.HAL_ETH_WritePHYRegister  stm32h7xx_hal_eth.o
    0x08001758   0x08001758   0x00000002   Code   RO         2417    i.HAL_GPIO_EXTI_Callback  stm32h7xx_hal_gpio.o
    0x0800175a   0x0800175a   0x00000018   Code   RO         2418    i.HAL_GPIO_EXTI_IRQHandler  stm32h7xx_hal_gpio.o
    0x08001772   0x08001772   0x00000002   PAD
    0x08001774   0x08001774   0x000001f4   Code   RO         2419    i.HAL_GPIO_Init     stm32h7xx_hal_gpio.o
    0x08001968   0x08001968   0x0000000c   Code   RO         3290    i.HAL_GetTick       stm32h7xx_hal.o
    0x08001974   0x08001974   0x00000010   Code   RO         3293    i.HAL_IncTick       stm32h7xx_hal.o
    0x08001984   0x08001984   0x0000001c   Code   RO         3294    i.HAL_Init          stm32h7xx_hal.o
    0x080019a0   0x080019a0   0x00000040   Code   RO         3295    i.HAL_InitTick      stm32h7xx_hal.o
    0x080019e0   0x080019e0   0x0000005c   Code   RO         1366    i.HAL_MPU_ConfigRegion  stm32h7xx_hal_cortex.o
    0x08001a3c   0x08001a3c   0x0000001c   Code   RO         1367    i.HAL_MPU_Disable   stm32h7xx_hal_cortex.o
    0x08001a58   0x08001a58   0x00000024   Code   RO         1368    i.HAL_MPU_Enable    stm32h7xx_hal_cortex.o
    0x08001a7c   0x08001a7c   0x0000001c   Code   RO          664    i.HAL_MspInit       stm32h7xx_hal_msp.o
    0x08001a98   0x08001a98   0x0000001a   Code   RO         1371    i.HAL_NVIC_EnableIRQ  stm32h7xx_hal_cortex.o
    0x08001ab2   0x08001ab2   0x00000002   PAD
    0x08001ab4   0x08001ab4   0x00000040   Code   RO         1377    i.HAL_NVIC_SetPriority  stm32h7xx_hal_cortex.o
    0x08001af4   0x08001af4   0x00000024   Code   RO         1378    i.HAL_NVIC_SetPriorityGrouping  stm32h7xx_hal_cortex.o
    0x08001b18   0x08001b18   0x00000034   Code   RO         2055    i.HAL_RCCEx_GetD1SysClockFreq  stm32h7xx_hal_rcc_ex.o
    0x08001b4c   0x08001b4c   0x0000002c   Code   RO         2056    i.HAL_RCCEx_GetD3PCLK1Freq  stm32h7xx_hal_rcc_ex.o
    0x08001b78   0x08001b78   0x00000120   Code   RO         2058    i.HAL_RCCEx_GetPLL2ClockFreq  stm32h7xx_hal_rcc_ex.o
    0x08001c98   0x08001c98   0x00000120   Code   RO         2059    i.HAL_RCCEx_GetPLL3ClockFreq  stm32h7xx_hal_rcc_ex.o
    0x08001db8   0x08001db8   0x000008b8   Code   RO         2063    i.HAL_RCCEx_PeriphCLKConfig  stm32h7xx_hal_rcc_ex.o
    0x08002670   0x08002670   0x000001dc   Code   RO         1948    i.HAL_RCC_ClockConfig  stm32h7xx_hal_rcc.o
    0x0800284c   0x0800284c   0x00000034   Code   RO         1952    i.HAL_RCC_GetHCLKFreq  stm32h7xx_hal_rcc.o
    0x08002880   0x08002880   0x0000002c   Code   RO         1954    i.HAL_RCC_GetPCLK1Freq  stm32h7xx_hal_rcc.o
    0x080028ac   0x080028ac   0x0000002c   Code   RO         1955    i.HAL_RCC_GetPCLK2Freq  stm32h7xx_hal_rcc.o
    0x080028d8   0x080028d8   0x0000012c   Code   RO         1956    i.HAL_RCC_GetSysClockFreq  stm32h7xx_hal_rcc.o
    0x08002a04   0x08002a04   0x000004a8   Code   RO         1959    i.HAL_RCC_OscConfig  stm32h7xx_hal_rcc.o
    0x08002eac   0x08002eac   0x00000014   Code   RO         3306    i.HAL_SYSCFG_ETHInterfaceSelect  stm32h7xx_hal.o
    0x08002ec0   0x08002ec0   0x00000026   Code   RO         1382    i.HAL_SYSTICK_Config  stm32h7xx_hal_cortex.o
    0x08002ee6   0x08002ee6   0x0000006a   Code   RO         1568    i.HAL_UART_Init     stm32h7xx_hal_uart.o
    0x08002f50   0x08002f50   0x00000068   Code   RO          529    i.HAL_UART_MspInit  usart.o
    0x08002fb8   0x08002fb8   0x000000b6   Code   RO         1576    i.HAL_UART_Transmit  stm32h7xx_hal_uart.o
    0x0800306e   0x0800306e   0x00000002   Code   RO          580    i.HardFault_Handler  stm32h7xx_it.o
    0x08003070   0x08003070   0x00000096   Code   RO          823    i.LAN8742_GetLinkState  lan8742.o
    0x08003106   0x08003106   0x000000d2   Code   RO          824    i.LAN8742_Init      lan8742.o
    0x080031d8   0x080031d8   0x0000002c   Code   RO          825    i.LAN8742_RegisterBusIO  lan8742.o
    0x08003204   0x08003204   0x00000084   Code   RO           14    i.MPU_Config        main.o
    0x08003288   0x08003288   0x000000a4   Code   RO          286    i.MX_GPIO_Init      gpio.o
    0x0800332c   0x0800332c   0x00000068   Code   RO          314    i.MX_LWIP_Init      lwip.o
    0x08003394   0x08003394   0x00000038   Code   RO          315    i.MX_LWIP_Process   lwip.o
    0x080033cc   0x080033cc   0x00000044   Code   RO          530    i.MX_USART1_UART_Init  usart.o
    0x08003410   0x08003410   0x00000002   Code   RO          581    i.MemManage_Handler  stm32h7xx_it.o
    0x08003412   0x08003412   0x00000002   Code   RO          582    i.NMI_Handler       stm32h7xx_it.o
    0x08003414   0x08003414   0x00000002   Code   RO          583    i.PendSV_Handler    stm32h7xx_it.o
    0x08003416   0x08003416   0x00000002   PAD
    0x08003418   0x08003418   0x000000fc   Code   RO         2066    i.RCCEx_PLL2_Config  stm32h7xx_hal_rcc_ex.o
    0x08003514   0x08003514   0x000000fc   Code   RO         2067    i.RCCEx_PLL3_Config  stm32h7xx_hal_rcc_ex.o
    0x08003610   0x08003610   0x00000044   Code   RO          392    i.SCB_CleanInvalidateDCache  ethernetif.o
    0x08003654   0x08003654   0x00000002   Code   RO          584    i.SVC_Handler       stm32h7xx_it.o
    0x08003656   0x08003656   0x00000004   Code   RO          585    i.SysTick_Handler   stm32h7xx_it.o
    0x0800365a   0x0800365a   0x00000002   PAD
    0x0800365c   0x0800365c   0x000000b4   Code   RO           15    i.SystemClock_Config  main.o
    0x08003710   0x08003710   0x00000088   Code   RO          689    i.SystemInit        system_stm32h7xx.o
    0x08003798   0x08003798   0x000000c8   Code   RO         1581    i.UART_AdvFeatureConfig  stm32h7xx_hal_uart.o
    0x08003860   0x08003860   0x0000005c   Code   RO         1582    i.UART_CheckIdleState  stm32h7xx_hal_uart.o
    0x080038bc   0x080038bc   0x000004e8   Code   RO         1596    i.UART_SetConfig    stm32h7xx_hal_uart.o
    0x08003da4   0x08003da4   0x00000064   Code   RO         1598    i.UART_WaitOnFlagUntilTimeout  stm32h7xx_hal_uart.o
    0x08003e08   0x08003e08   0x00000002   Code   RO          586    i.UsageFault_Handler  stm32h7xx_it.o
    0x08003e0a   0x08003e0a   0x00000002   PAD
    0x08003e0c   0x08003e0c   0x00000020   Code   RO         7341    i.__0printf$3       mc_w.l(printf3.o)
    0x08003e2c   0x08003e2c   0x00000022   Code   RO         1384    i.__NVIC_SetPriority  stm32h7xx_hal_cortex.o
    0x08003e4e   0x08003e4e   0x00000002   PAD
    0x08003e50   0x08003e50   0x00000008   Code   RO         7536    i.__aeabi_errno_addr  mc_w.l(errno.o)
    0x08003e58   0x08003e58   0x0000000e   Code   RO         7596    i.__scatterload_copy  mc_w.l(handlers.o)
    0x08003e66   0x08003e66   0x00000002   Code   RO         7597    i.__scatterload_null  mc_w.l(handlers.o)
    0x08003e68   0x08003e68   0x0000000e   Code   RO         7598    i.__scatterload_zeroinit  mc_w.l(handlers.o)
    0x08003e76   0x08003e76   0x00000002   PAD
    0x08003e78   0x08003e78   0x000001b8   Code   RO         7348    i._printf_core      mc_w.l(printf3.o)
    0x08004030   0x08004030   0x0000001c   Code   RO         6090    i.cyclic_timer      timeouts.o
    0x0800404c   0x0800404c   0x0000009c   Code   RO         6301    i.dhcp_arp_reply    dhcp.o
    0x080040e8   0x080040e8   0x00000184   Code   RO         6302    i.dhcp_bind         dhcp.o
    0x0800426c   0x0800426c   0x00000034   Code   RO         6303    i.dhcp_check        dhcp.o
    0x080042a0   0x080042a0   0x000000ac   Code   RO         6305    i.dhcp_coarse_tmr   dhcp.o
    0x0800434c   0x0800434c   0x000002c8   Code   RO         6306    i.dhcp_create_msg   dhcp.o
    0x08004614   0x08004614   0x000000b8   Code   RO         6307    i.dhcp_dec_pcb_refcount  dhcp.o
    0x080046cc   0x080046cc   0x00000088   Code   RO         6308    i.dhcp_decline      dhcp.o
    0x08004754   0x08004754   0x00000124   Code   RO         6309    i.dhcp_delete_msg   dhcp.o
    0x08004878   0x08004878   0x000000cc   Code   RO         6310    i.dhcp_discover     dhcp.o
    0x08004944   0x08004944   0x00000034   Code   RO         6311    i.dhcp_fine_tmr     dhcp.o
    0x08004978   0x08004978   0x00000064   Code   RO         6312    i.dhcp_handle_ack   dhcp.o
    0x080049dc   0x080049dc   0x000000ec   Code   RO         6313    i.dhcp_inc_pcb_refcount  dhcp.o
    0x08004ac8   0x08004ac8   0x00000030   Code   RO         6315    i.dhcp_network_changed  dhcp.o
    0x08004af8   0x08004af8   0x000000a4   Code   RO         6316    i.dhcp_option       dhcp.o
    0x08004b9c   0x08004b9c   0x000000c8   Code   RO         6317    i.dhcp_option_byte  dhcp.o
    0x08004c64   0x08004c64   0x00000100   Code   RO         6318    i.dhcp_option_long  dhcp.o
    0x08004d64   0x08004d64   0x000000a0   Code   RO         6319    i.dhcp_option_short  dhcp.o
    0x08004e04   0x08004e04   0x0000015c   Code   RO         6320    i.dhcp_option_trailer  dhcp.o
    0x08004f60   0x08004f60   0x00000388   Code   RO         6321    i.dhcp_parse_reply  dhcp.o
    0x080052e8   0x080052e8   0x000000b8   Code   RO         6322    i.dhcp_rebind       dhcp.o
    0x080053a0   0x080053a0   0x000000d4   Code   RO         6323    i.dhcp_reboot       dhcp.o
    0x08005474   0x08005474   0x000001b4   Code   RO         6324    i.dhcp_recv         dhcp.o
    0x08005628   0x08005628   0x000000a8   Code   RO         6325    i.dhcp_release      dhcp.o
    0x080056d0   0x080056d0   0x000000b8   Code   RO         6326    i.dhcp_renew        dhcp.o
    0x08005788   0x08005788   0x000000f8   Code   RO         6327    i.dhcp_select       dhcp.o
    0x08005880   0x08005880   0x00000010   Code   RO         6328    i.dhcp_set_state    dhcp.o
    0x08005890   0x08005890   0x00000164   Code   RO         6330    i.dhcp_start        dhcp.o
    0x080059f4   0x080059f4   0x000000d8   Code   RO         6331    i.dhcp_stop         dhcp.o
    0x08005acc   0x08005acc   0x0000001c   Code   RO         6332    i.dhcp_supplied_address  dhcp.o
    0x08005ae8   0x08005ae8   0x00000066   Code   RO         6333    i.dhcp_timeout      dhcp.o
    0x08005b4e   0x08005b4e   0x00000002   PAD
    0x08005b50   0x08005b50   0x0000009c   Code   RO         5129    i.do_memp_free_pool  memp.o
    0x08005bec   0x08005bec   0x000000a4   Code   RO         5130    i.do_memp_malloc_pool  memp.o
    0x08005c90   0x08005c90   0x00000030   Code   RO         6507    i.etharp_cleanup_netif  etharp.o
    0x08005cc0   0x08005cc0   0x00000258   Code   RO         6509    i.etharp_find_entry  etharp.o
    0x08005f18   0x08005f18   0x00000024   Code   RO         6510    i.etharp_free_entry  etharp.o
    0x08005f3c   0x08005f3c   0x00000118   Code   RO         6512    i.etharp_input      etharp.o
    0x08006054   0x08006054   0x000001a8   Code   RO         6513    i.etharp_output     etharp.o
    0x080061fc   0x080061fc   0x00000110   Code   RO         6514    i.etharp_output_to_arp_index  etharp.o
    0x0800630c   0x0800630c   0x000001d8   Code   RO         6515    i.etharp_query      etharp.o
    0x080064e4   0x080064e4   0x00000170   Code   RO         6516    i.etharp_raw        etharp.o
    0x08006654   0x08006654   0x0000000c   Code   RO         6517    i.etharp_request    etharp.o
    0x08006660   0x08006660   0x00000020   Code   RO         6518    i.etharp_request_dst  etharp.o
    0x08006680   0x08006680   0x00000060   Code   RO         6519    i.etharp_tmr        etharp.o
    0x080066e0   0x080066e0   0x0000011c   Code   RO         6520    i.etharp_update_arp_entry  etharp.o
    0x080067fc   0x080067fc   0x000000a0   Code   RO         4501    i.ethernet_input    ethernet.o
    0x0800689c   0x0800689c   0x0000008c   Code   RO          393    i.ethernet_link_check_state  ethernetif.o
    0x08006928   0x08006928   0x00000002   Code   RO          316    i.ethernet_link_status_updated  lwip.o
    0x0800692a   0x0800692a   0x00000002   PAD
    0x0800692c   0x0800692c   0x000000f8   Code   RO         4502    i.ethernet_output   ethernet.o
    0x08006a24   0x08006a24   0x00000088   Code   RO          394    i.ethernetif_init   ethernetif.o
    0x08006aac   0x08006aac   0x0000002c   Code   RO          395    i.ethernetif_input  ethernetif.o
    0x08006ad8   0x08006ad8   0x00000018   Code   RO          531    i.fputc             usart.o
    0x08006af0   0x08006af0   0x00000008   Code   RO         6607    i.icmp_dest_unreach  icmp.o
    0x08006af8   0x08006af8   0x000001e8   Code   RO         6608    i.icmp_input        icmp.o
    0x08006ce0   0x08006ce0   0x0000010c   Code   RO         6609    i.icmp_send_response  icmp.o
    0x08006dec   0x08006dec   0x00000008   Code   RO         6610    i.icmp_time_exceeded  icmp.o
    0x08006df4   0x08006df4   0x0000002e   Code   RO         6723    i.ip4_addr_isbroadcast_u32  ip4_addr.o
    0x08006e22   0x08006e22   0x00000002   PAD
    0x08006e24   0x08006e24   0x00000254   Code   RO         6789    i.ip4_frag          ip4_frag.o
    0x08007078   0x08007078   0x000001c0   Code   RO         6673    i.ip4_input         ip4.o
    0x08007238   0x08007238   0x0000001e   Code   RO         6675    i.ip4_output_if     ip4.o
    0x08007256   0x08007256   0x00000002   PAD
    0x08007258   0x08007258   0x00000170   Code   RO         6676    i.ip4_output_if_src  ip4.o
    0x080073c8   0x080073c8   0x000001b4   Code   RO         6790    i.ip4_reass         ip4_frag.o
    0x0800757c   0x0800757c   0x0000005c   Code   RO         6677    i.ip4_route         ip4.o
    0x080075d8   0x080075d8   0x00000090   Code   RO         6791    i.ip_frag_free_pbuf_custom_ref  ip4_frag.o
    0x08007668   0x08007668   0x00000260   Code   RO         6792    i.ip_reass_chain_frag_into_datagram_and_validate  ip4_frag.o
    0x080078c8   0x080078c8   0x000000bc   Code   RO         6793    i.ip_reass_dequeue_datagram  ip4_frag.o
    0x08007984   0x08007984   0x00000190   Code   RO         6794    i.ip_reass_free_complete_datagram  ip4_frag.o
    0x08007b14   0x08007b14   0x00000080   Code   RO         6795    i.ip_reass_remove_oldest_datagram  ip4_frag.o
    0x08007b94   0x08007b94   0x0000002c   Code   RO         6796    i.ip_reass_tmr      ip4_frag.o
    0x08007bc0   0x08007bc0   0x00000098   Code   RO         6797    i.ipfrag_free_pbuf_custom  ip4_frag.o
    0x08007c58   0x08007c58   0x00000124   Code   RO          396    i.low_level_init    ethernetif.o
    0x08007d7c   0x08007d7c   0x00000064   Code   RO          397    i.low_level_input   ethernetif.o
    0x08007de0   0x08007de0   0x00000064   Code   RO          398    i.low_level_output  ethernetif.o
    0x08007e44   0x08007e44   0x00000004   Code   RO         4814    i.lwip_htonl        def.o
    0x08007e48   0x08007e48   0x00000004   Code   RO         4815    i.lwip_htons        def.o
    0x08007e4c   0x08007e4c   0x0000001e   Code   RO         4967    i.lwip_init         init.o
    0x08007e6a   0x08007e6a   0x00000002   PAD
    0x08007e6c   0x08007e6c   0x00000120   Code   RO           16    i.main              main.o
    0x08007f8c   0x08007f8c   0x0000011c   Code   RO         5063    i.mem_free          mem.o
    0x080080a8   0x080080a8   0x00000034   Code   RO         5064    i.mem_init          mem.o
    0x080080dc   0x080080dc   0x000001fc   Code   RO         5065    i.mem_malloc        mem.o
    0x080082d8   0x080082d8   0x0000018c   Code   RO         5066    i.mem_trim          mem.o
    0x08008464   0x08008464   0x0000009c   Code   RO         5131    i.memp_free         memp.o
    0x08008500   0x08008500   0x00000020   Code   RO         5133    i.memp_init         memp.o
    0x08008520   0x08008520   0x0000002a   Code   RO         5134    i.memp_init_pool    memp.o
    0x0800854a   0x0800854a   0x00000002   PAD
    0x0800854c   0x0800854c   0x000000a4   Code   RO         5135    i.memp_malloc       memp.o
    0x080085f0   0x080085f0   0x000000e8   Code   RO         5260    i.netif_add         netif.o
    0x080086d8   0x080086d8   0x00000002   Code   RO         5262    i.netif_init        netif.o
    0x080086da   0x080086da   0x0000001a   Code   RO         5264    i.netif_issue_reports  netif.o
    0x080086f4   0x080086f4   0x00000048   Code   RO         5266    i.netif_set_addr    netif.o
    0x0800873c   0x0800873c   0x0000000c   Code   RO         5267    i.netif_set_default  netif.o
    0x08008748   0x08008748   0x0000002e   Code   RO         5268    i.netif_set_down    netif.o
    0x08008776   0x08008776   0x00000008   Code   RO         5269    i.netif_set_gw      netif.o
    0x0800877e   0x0800877e   0x00000002   PAD
    0x08008780   0x08008780   0x0000004c   Code   RO         5270    i.netif_set_ipaddr  netif.o
    0x080087cc   0x080087cc   0x00000008   Code   RO         5271    i.netif_set_link_callback  netif.o
    0x080087d4   0x080087d4   0x0000001a   Code   RO         5272    i.netif_set_link_down  netif.o
    0x080087ee   0x080087ee   0x0000003a   Code   RO         5273    i.netif_set_link_up  netif.o
    0x08008828   0x08008828   0x00000008   Code   RO         5274    i.netif_set_netmask  netif.o
    0x08008830   0x08008830   0x00000032   Code   RO         5276    i.netif_set_up      netif.o
    0x08008862   0x08008862   0x00000002   PAD
    0x08008864   0x08008864   0x00000364   Code   RO         5404    i.pbuf_alloc        pbuf.o
    0x08008bc8   0x08008bc8   0x000000e0   Code   RO         5405    i.pbuf_alloced_custom  pbuf.o
    0x08008ca8   0x08008ca8   0x00000130   Code   RO         5406    i.pbuf_cat          pbuf.o
    0x08008dd8   0x08008dd8   0x00000012   Code   RO         5407    i.pbuf_chain        pbuf.o
    0x08008dea   0x08008dea   0x00000012   Code   RO         5408    i.pbuf_clen         pbuf.o
    0x08008dfc   0x08008dfc   0x000001ec   Code   RO         5410    i.pbuf_copy         pbuf.o
    0x08008fe8   0x08008fe8   0x0000011c   Code   RO         5411    i.pbuf_copy_partial  pbuf.o
    0x08009104   0x08009104   0x00000168   Code   RO         5413    i.pbuf_free         pbuf.o
    0x0800926c   0x0800926c   0x00000014   Code   RO          399    i.pbuf_free_custom  ethernetif.o
    0x08009280   0x08009280   0x00000006   Code   RO         5415    i.pbuf_header       pbuf.o
    0x08009286   0x08009286   0x00000006   Code   RO         5416    i.pbuf_header_force  pbuf.o
    0x0800928c   0x0800928c   0x00000124   Code   RO         5417    i.pbuf_header_impl  pbuf.o
    0x080093b0   0x080093b0   0x00000198   Code   RO         5421    i.pbuf_realloc      pbuf.o
    0x08009548   0x08009548   0x0000008c   Code   RO         5422    i.pbuf_ref          pbuf.o
    0x080095d4   0x080095d4   0x0000017c   Code   RO         5067    i.plug_holes        mem.o
    0x08009750   0x08009750   0x00000048   Code   RO         6091    i.sys_check_timeouts  timeouts.o
    0x08009798   0x08009798   0x00000004   Code   RO          401    i.sys_now           ethernetif.o
    0x0800979c   0x0800979c   0x0000013c   Code   RO         6093    i.sys_timeout       timeouts.o
    0x080098d8   0x080098d8   0x00000034   Code   RO         6094    i.sys_timeouts_init  timeouts.o
    0x0800990c   0x0800990c   0x00000170   Code   RO         5625    i.tcp_abandon       tcp.o
    0x08009a7c   0x08009a7c   0x00000006   Code   RO         5626    i.tcp_abort         tcp.o
    0x08009a82   0x08009a82   0x0000000e   Code   RO         5627    i.tcp_accept        tcp.o
    0x08009a90   0x08009a90   0x0000000e   Code   RO         5628    i.tcp_accept_null   tcp.o
    0x08009a9e   0x08009a9e   0x00000002   PAD
    0x08009aa0   0x08009aa0   0x00000104   Code   RO         5629    i.tcp_alloc         tcp.o
    0x08009ba4   0x08009ba4   0x00000008   Code   RO         5630    i.tcp_arg           tcp.o
    0x08009bac   0x08009bac   0x00000124   Code   RO         5631    i.tcp_bind          tcp.o
    0x08009cd0   0x08009cd0   0x00000014   Code   RO         5632    i.tcp_close         tcp.o
    0x08009ce4   0x08009ce4   0x0000018c   Code   RO         5633    i.tcp_close_shutdown  tcp.o
    0x08009e70   0x08009e70   0x000000c4   Code   RO         5634    i.tcp_close_shutdown_fin  tcp.o
    0x08009f34   0x08009f34   0x00000120   Code   RO         5973    i.tcp_create_segment  tcp_out.o
    0x0800a054   0x0800a054   0x0000005c   Code   RO          726    i.tcp_echoserver_accept  tcp_echoserver.o
    0x0800a0b0   0x0800a0b0   0x00000040   Code   RO          727    i.tcp_echoserver_connection_close  tcp_echoserver.o
    0x0800a0f0   0x0800a0f0   0x0000000a   Code   RO          728    i.tcp_echoserver_error  tcp_echoserver.o
    0x0800a0fa   0x0800a0fa   0x00000002   PAD
    0x0800a0fc   0x0800a0fc   0x00000048   Code   RO          729    i.tcp_echoserver_init  tcp_echoserver.o
    0x0800a144   0x0800a144   0x00000030   Code   RO          730    i.tcp_echoserver_poll  tcp_echoserver.o
    0x0800a174   0x0800a174   0x00000150   Code   RO          731    i.tcp_echoserver_recv  tcp_echoserver.o
    0x0800a2c4   0x0800a2c4   0x0000004c   Code   RO          732    i.tcp_echoserver_send  tcp_echoserver.o
    0x0800a310   0x0800a310   0x00000022   Code   RO          733    i.tcp_echoserver_sent  tcp_echoserver.o
    0x0800a332   0x0800a332   0x00000022   Code   RO         5637    i.tcp_eff_send_mss_impl  tcp.o
    0x0800a354   0x0800a354   0x00000210   Code   RO         5974    i.tcp_enqueue_flags  tcp_out.o
    0x0800a564   0x0800a564   0x000000a4   Code   RO         5638    i.tcp_err           tcp.o
    0x0800a608   0x0800a608   0x0000006c   Code   RO         5639    i.tcp_fasttmr       tcp.o
    0x0800a674   0x0800a674   0x00000030   Code   RO         5894    i.tcp_getoptbyte    tcp_in.o
    0x0800a6a4   0x0800a6a4   0x00000002   Code   RO         5640    i.tcp_init          tcp.o
    0x0800a6a6   0x0800a6a6   0x00000002   PAD
    0x0800a6a8   0x0800a6a8   0x000005d8   Code   RO         5895    i.tcp_input         tcp_in.o
    0x0800ac80   0x0800ac80   0x00000040   Code   RO         5896    i.tcp_input_delayed_close  tcp_in.o
    0x0800acc0   0x0800acc0   0x00000052   Code   RO         5975    i.tcp_keepalive     tcp_out.o
    0x0800ad12   0x0800ad12   0x00000002   PAD
    0x0800ad14   0x0800ad14   0x000000bc   Code   RO         5641    i.tcp_kill_state    tcp.o
    0x0800add0   0x0800add0   0x000000cc   Code   RO         5642    i.tcp_listen_closed  tcp.o
    0x0800ae9c   0x0800ae9c   0x000000f4   Code   RO         5897    i.tcp_listen_input  tcp_in.o
    0x0800af90   0x0800af90   0x00000006   Code   RO         5643    i.tcp_listen_with_backlog  tcp.o
    0x0800af96   0x0800af96   0x00000002   PAD
    0x0800af98   0x0800af98   0x00000124   Code   RO         5644    i.tcp_listen_with_backlog_and_err  tcp.o
    0x0800b0bc   0x0800b0bc   0x0000004c   Code   RO         5645    i.tcp_netif_ip_addr_changed  tcp.o
    0x0800b108   0x0800b108   0x00000022   Code   RO         5646    i.tcp_netif_ip_addr_changed_pcblist  tcp.o
    0x0800b12a   0x0800b12a   0x00000006   Code   RO         5647    i.tcp_new           tcp.o
    0x0800b130   0x0800b130   0x0000005c   Code   RO         5649    i.tcp_new_port      tcp.o
    0x0800b18c   0x0800b18c   0x00000010   Code   RO         5650    i.tcp_next_iss      tcp.o
    0x0800b19c   0x0800b19c   0x000002d4   Code   RO         5976    i.tcp_output        tcp_out.o
    0x0800b470   0x0800b470   0x00000110   Code   RO         5977    i.tcp_output_alloc_header  tcp_out.o
    0x0800b580   0x0800b580   0x000000b0   Code   RO         5978    i.tcp_output_segment  tcp_out.o
    0x0800b630   0x0800b630   0x00000074   Code   RO         5898    i.tcp_parseopt      tcp_in.o
    0x0800b6a4   0x0800b6a4   0x000000d8   Code   RO         5979    i.tcp_pbuf_prealloc  tcp_out.o
    0x0800b77c   0x0800b77c   0x0000003a   Code   RO         5651    i.tcp_pcb_purge     tcp.o
    0x0800b7b6   0x0800b7b6   0x00000002   PAD
    0x0800b7b8   0x0800b7b8   0x00000108   Code   RO         5652    i.tcp_pcb_remove    tcp.o
    0x0800b8c0   0x0800b8c0   0x0000009c   Code   RO         5653    i.tcp_poll          tcp.o
    0x0800b95c   0x0800b95c   0x00000488   Code   RO         5899    i.tcp_process       tcp_in.o
    0x0800bde4   0x0800bde4   0x00000068   Code   RO         5654    i.tcp_process_refused_data  tcp.o
    0x0800be4c   0x0800be4c   0x00000678   Code   RO         5900    i.tcp_receive       tcp_in.o
    0x0800c4c4   0x0800c4c4   0x000000a0   Code   RO         5655    i.tcp_recv          tcp.o
    0x0800c564   0x0800c564   0x00000024   Code   RO         5656    i.tcp_recv_null     tcp.o
    0x0800c588   0x0800c588   0x00000110   Code   RO         5657    i.tcp_recved        tcp.o
    0x0800c698   0x0800c698   0x00000056   Code   RO         5980    i.tcp_rexmit        tcp_out.o
    0x0800c6ee   0x0800c6ee   0x00000058   Code   RO         5981    i.tcp_rexmit_fast   tcp_out.o
    0x0800c746   0x0800c746   0x00000030   Code   RO         5982    i.tcp_rexmit_rto    tcp_out.o
    0x0800c776   0x0800c776   0x00000002   PAD
    0x0800c778   0x0800c778   0x00000120   Code   RO         5983    i.tcp_rst           tcp_out.o
    0x0800c898   0x0800c898   0x0000001c   Code   RO         5658    i.tcp_seg_free      tcp.o
    0x0800c8b4   0x0800c8b4   0x00000012   Code   RO         5659    i.tcp_segs_free     tcp.o
    0x0800c8c6   0x0800c8c6   0x00000072   Code   RO         5984    i.tcp_send_empty_ack  tcp_out.o
    0x0800c938   0x0800c938   0x00000044   Code   RO         5985    i.tcp_send_fin      tcp_out.o
    0x0800c97c   0x0800c97c   0x000000a0   Code   RO         5660    i.tcp_sent          tcp.o
    0x0800ca1c   0x0800ca1c   0x00000004   Code   RO         5661    i.tcp_setprio       tcp.o
    0x0800ca20   0x0800ca20   0x000004bc   Code   RO         5663    i.tcp_slowtmr       tcp.o
    0x0800cedc   0x0800cedc   0x00000034   Code   RO         6097    i.tcp_timer_needed  timeouts.o
    0x0800cf10   0x0800cf10   0x00000068   Code   RO         5901    i.tcp_timewait_input  tcp_in.o
    0x0800cf78   0x0800cf78   0x00000020   Code   RO         5664    i.tcp_tmr           tcp.o
    0x0800cf98   0x0800cf98   0x00000010   Code   RO         5902    i.tcp_trigger_input_pcb_close  tcp_in.o
    0x0800cfa8   0x0800cfa8   0x000000c0   Code   RO         5666    i.tcp_update_rcv_ann_wnd  tcp.o
    0x0800d068   0x0800d068   0x00000690   Code   RO         5986    i.tcp_write         tcp_out.o
    0x0800d6f8   0x0800d6f8   0x00000140   Code   RO         5987    i.tcp_write_checks  tcp_out.o
    0x0800d838   0x0800d838   0x000000ae   Code   RO         5988    i.tcp_zero_window_probe  tcp_out.o
    0x0800d8e6   0x0800d8e6   0x00000002   PAD
    0x0800d8e8   0x0800d8e8   0x00000038   Code   RO         6098    i.tcpip_tcp_timer   timeouts.o
    0x0800d920   0x0800d920   0x000000b8   Code   RO         6170    i.udp_bind          udp.o
    0x0800d9d8   0x0800d9d8   0x00000050   Code   RO         6171    i.udp_connect       udp.o
    0x0800da28   0x0800da28   0x00000002   Code   RO         6173    i.udp_init          udp.o
    0x0800da2a   0x0800da2a   0x00000002   PAD
    0x0800da2c   0x0800da2c   0x0000019c   Code   RO         6174    i.udp_input         udp.o
    0x0800dbc8   0x0800dbc8   0x00000034   Code   RO         6175    i.udp_netif_ip_addr_changed  udp.o
    0x0800dbfc   0x0800dbfc   0x0000001a   Code   RO         6176    i.udp_new           udp.o
    0x0800dc16   0x0800dc16   0x00000006   Code   RO         6178    i.udp_recv          udp.o
    0x0800dc1c   0x0800dc1c   0x00000030   Code   RO         6179    i.udp_remove        udp.o
    0x0800dc4c   0x0800dc4c   0x00000036   Code   RO         6182    i.udp_sendto_if     udp.o
    0x0800dc82   0x0800dc82   0x00000002   PAD
    0x0800dc84   0x0800dc84   0x00000144   Code   RO         6183    i.udp_sendto_if_src  udp.o
    0x0800ddc8   0x0800ddc8   0x00000010   Data   RO          690    .constdata          system_stm32h7xx.o
    0x0800ddd8   0x0800ddd8   0x00000018   Data   RO         1599    .constdata          stm32h7xx_hal_uart.o
    0x0800ddf0   0x0800ddf0   0x00000006   Data   RO         4503    .constdata          ethernet.o
    0x0800ddf6   0x0800ddf6   0x00000006   Data   RO         4504    .constdata          ethernet.o
    0x0800ddfc   0x0800ddfc   0x0000000c   Data   RO         5146    .constdata          memp.o
    0x0800de08   0x0800de08   0x0000000c   Data   RO         5147    .constdata          memp.o
    0x0800de14   0x0800de14   0x0000000c   Data   RO         5148    .constdata          memp.o
    0x0800de20   0x0800de20   0x0000000c   Data   RO         5149    .constdata          memp.o
    0x0800de2c   0x0800de2c   0x0000000c   Data   RO         5150    .constdata          memp.o
    0x0800de38   0x0800de38   0x0000000c   Data   RO         5151    .constdata          memp.o
    0x0800de44   0x0800de44   0x0000000c   Data   RO         5152    .constdata          memp.o
    0x0800de50   0x0800de50   0x0000000c   Data   RO         5153    .constdata          memp.o
    0x0800de5c   0x0800de5c   0x0000000c   Data   RO         5154    .constdata          memp.o
    0x0800de68   0x0800de68   0x00000024   Data   RO         5155    .constdata          memp.o
    0x0800de8c   0x0800de8c   0x00000054   Data   RO         5667    .constdata          tcp.o
    0x0800dee0   0x0800dee0   0x00000028   Data   RO         6099    .constdata          timeouts.o
    0x0800df08   0x0800df08   0x00000004   Data   RO         6730    .constdata          ip4_addr.o
    0x0800df0c   0x0800df0c   0x00000004   Data   RO         6731    .constdata          ip4_addr.o
    0x0800df10   0x0800df10   0x00000081   Data   RO         7561    .constdata          mc_w.l(ctype_o.o)
    0x0800df91   0x0800df91   0x00000003   PAD
    0x0800df94   0x0800df94   0x00000004   Data   RO         7562    .constdata          mc_w.l(ctype_o.o)
    0x0800df98   0x0800df98   0x00000075   Data   RO         5668    .conststring        tcp.o
    0x0800e00d   0x0800e00d   0x00000003   PAD
    0x0800e010   0x0800e010   0x00000055   Data   RO         5989    .conststring        tcp_out.o
    0x0800e065   0x0800e065   0x00000003   PAD
    0x0800e068   0x0800e068   0x0000008c   Data   RO         6335    .conststring        dhcp.o
    0x0800e0f4   0x0800e0f4   0x00000041   Data   RO         6522    .conststring        etharp.o
    0x0800e135   0x0800e135   0x00000003   PAD
    0x0800e138   0x0800e138   0x00000020   Data   RO         7594    Region$$Table       anon$$obj.o


    Execution Region RW_IRAM2 (Exec base: 0x24000000, Load base: 0x0800e158, Size: 0x00003d10, Max: 0x00080000, ABSOLUTE)

    Exec Addr    Load Addr    Size         Type   Attr      Idx    E Section Name        Object

    0x24000000   0x0800e158   0x00000010   Data   RW          324    .data               lwip.o
    0x24000010   0x0800e168   0x00000018   Data   RW          406    .data               ethernetif.o
    0x24000028   0x0800e180   0x00000004   Data   RW          691    .data               system_stm32h7xx.o
    0x2400002c   0x0800e184   0x00000004   Data   RW          692    .data               system_stm32h7xx.o
    0x24000030   0x0800e188   0x00000004   Data   RW          734    .data               tcp_echoserver.o
    0x24000034   0x0800e18c   0x0000000c   Data   RW         3316    .data               stm32h7xx_hal.o
    0x24000040   0x0800e198   0x0000000c   Data   RW         5069    .data               mem.o
    0x2400004c   0x0800e1a4   0x00000004   Data   RW         5156    .data               memp.o
    0x24000050   0x0800e1a8   0x00000004   Data   RW         5157    .data               memp.o
    0x24000054   0x0800e1ac   0x00000004   Data   RW         5158    .data               memp.o
    0x24000058   0x0800e1b0   0x00000004   Data   RW         5159    .data               memp.o
    0x2400005c   0x0800e1b4   0x00000004   Data   RW         5160    .data               memp.o
    0x24000060   0x0800e1b8   0x00000004   Data   RW         5161    .data               memp.o
    0x24000064   0x0800e1bc   0x00000004   Data   RW         5162    .data               memp.o
    0x24000068   0x0800e1c0   0x00000004   Data   RW         5163    .data               memp.o
    0x2400006c   0x0800e1c4   0x00000004   Data   RW         5164    .data               memp.o
    0x24000070   0x0800e1c8   0x0000000c   Data   RW         5277    .data               netif.o
    0x2400007c   0x0800e1d4   0x00000020   Data   RW         5669    .data               tcp.o
    0x2400009c   0x0800e1f4   0x00000024   Data   RW         5904    .data               tcp_in.o
    0x240000c0   0x0800e218   0x0000000c   Data   RW         6100    .data               timeouts.o
    0x240000cc   0x0800e224   0x00000008   Data   RW         6184    .data               udp.o
    0x240000d4   0x0800e22c   0x00000014   Data   RW         6336    .data               dhcp.o
    0x240000e8   0x0800e240   0x00000001   Data   RW         6523    .data               etharp.o
    0x240000e9   0x0800e241   0x00000001   PAD
    0x240000ea   0x0800e242   0x00000002   Data   RW         6678    .data               ip4.o
    0x240000ec   0x0800e244   0x00000008   Data   RW         6798    .data               ip4_frag.o
    0x240000f4   0x0800e24c   0x00000004   Data   RW         7238    .data               mc_w.l(rand.o)
    0x240000f8   0x0800e250   0x00000004   Data   RW         7529    .data               mc_w.l(stdout.o)
    0x240000fc   0x0800e254   0x00000004   Data   RW         7539    .data               mc_w.l(errno.o)
    0x24000100        -       0x0000003c   Zero   RW          321    .bss                lwip.o
    0x2400013c        -       0x0000010c   Zero   RW          405    .bss                ethernetif.o
    0x24000248        -       0x00000080   Zero   RW          532    .bss                usart.o
    0x240002c8        -       0x00000018   Zero   RW         5031    .bss                ip.o
    0x240002e0        -       0x00000653   Zero   RW         5068    .bss                mem.o
    0x24000933        -       0x00000083   Zero   RW         5137    .bss                memp.o
    0x240009b6        -       0x000002e7   Zero   RW         5138    .bss                memp.o
    0x24000c9d        -       0x000000e3   Zero   RW         5139    .bss                memp.o
    0x24000d80        -       0x00000103   Zero   RW         5140    .bss                memp.o
    0x24000e83        -       0x000000a3   Zero   RW         5141    .bss                memp.o
    0x24000f26        -       0x0000016b   Zero   RW         5142    .bss                memp.o
    0x24001091        -       0x00000053   Zero   RW         5143    .bss                memp.o
    0x240010e4        -       0x00000103   Zero   RW         5144    .bss                memp.o
    0x240011e7        -       0x00002603   Zero   RW         5145    .bss                memp.o
    0x240037ea   0x0800e258   0x00000002   PAD
    0x240037ec        -       0x00000010   Zero   RW         5903    .bss                tcp_in.o
    0x240037fc        -       0x00000020   Zero   RW         6334    .bss                dhcp.o
    0x2400381c        -       0x000000f0   Zero   RW         6521    .bss                etharp.o
    0x2400390c   0x0800e258   0x00000004   PAD
    0x24003910        -       0x00000400   Zero   RW            1    STACK               startup_stm32h743xx.o



  Load Region LR$$.ARM.__AT_0x30040000 (Base: 0x30040000, Size: 0x00000000, Max: 0x00000060, ABSOLUTE)

    Execution Region ER$$.ARM.__AT_0x30040000 (Exec base: 0x30040000, Load base: 0x30040000, Size: 0x00000060, Max: 0x00000060, ABSOLUTE, UNINIT)

    Exec Addr    Load Addr    Size         Type   Attr      Idx    E Section Name        Object

    0x30040000        -       0x00000060   Zero   RW          402    .ARM.__AT_0x30040000  ethernetif.o



  Load Region LR$$.ARM.__AT_0x30040060 (Base: 0x30040060, Size: 0x00000000, Max: 0x00000060, ABSOLUTE)

    Execution Region ER$$.ARM.__AT_0x30040060 (Exec base: 0x30040060, Load base: 0x30040060, Size: 0x00000060, Max: 0x00000060, ABSOLUTE, UNINIT)

    Exec Addr    Load Addr    Size         Type   Attr      Idx    E Section Name        Object

    0x30040060        -       0x00000060   Zero   RW          403    .ARM.__AT_0x30040060  ethernetif.o



  Load Region LR$$.ARM.__AT_0x30040200 (Base: 0x30040200, Size: 0x00000000, Max: 0x000017e0, ABSOLUTE)

    Execution Region ER$$.ARM.__AT_0x30040200 (Exec base: 0x30040200, Load base: 0x30040200, Size: 0x000017e0, Max: 0x000017e0, ABSOLUTE, UNINIT)

    Exec Addr    Load Addr    Size         Type   Attr      Idx    E Section Name        Object

    0x30040200        -       0x000017e0   Zero   RW          404    .ARM.__AT_0x30040200  ethernetif.o


==============================================================================

Image component sizes


      Code (inc. data)   RO Data    RW Data    ZI Data      Debug   Object Name

         0          0          0          0          0       1680   auth.o
         8          0          0          0          0       1242   def.o
      6914       2642        140         20         32      32455   dhcp.o
         0          0          0          0          0        704   err.o
      2924       1172         65          1        240      13635   etharp.o
       408        156         12          0          0       2970   ethernet.o
      1188        182          0         24       6572      20575   ethernetif.o
       164         14          0          0          0       1111   gpio.o
       772        350          0          0          0       4802   icmp.o
        30          0          0          0          0       2124   init.o
         0          0          0          0         24       6477   ip.o
       938        182          0          2          0       5652   ip4.o
        46          0          8          0          0       7554   ip4_addr.o
      2696       1020          0          8          0      12350   ip4_frag.o
       404          0          0          0          0       3274   lan8742.o
       162         30          0         16         60       2716   lwip.o
       624        100          0          0          0    1245097   main.o
      1620        804          0         12       1619       6233   mem.o
       714        498        144         36      11959      12013   memp.o
       624        134          0         12          0      13171   netif.o
      3420       1816          0          0          0      14279   pbuf.o
         0          0          0          0          0       1172   slipif.o
        36          8        664          0       1024        904   startup_stm32h743xx.o
       140         26          0         12          0       4422   stm32h7xx_hal.o
       354         28          0          0          0      41269   stm32h7xx_hal_cortex.o
      4208        104          0          0          0      25374   stm32h7xx_hal_eth.o
       526         50          0          0          0       3420   stm32h7xx_hal_gpio.o
        28          6          0          0          0        918   stm32h7xx_hal_msp.o
      2108         78          0          0          0       6844   stm32h7xx_hal_rcc.o
      3408        108          0          0          0       8883   stm32h7xx_hal_rcc_ex.o
      1936        114         24          0          0      28465   stm32h7xx_hal_uart.o
        40          6          0          0          0       5746   stm32h7xx_it.o
       136         18         16          8          0       1506   system_stm32h7xx.o
      5492       2316        201         32          0      40677   tcp.o
       732        150          0          4          0      13869   tcp_echoserver.o
      4904       1116          0         36         16      19923   tcp_in.o
      5152       1722         85          0          0      28730   tcp_out.o
       576        216         40         12          0       6475   timeouts.o
      1188        280          0          8          0      11564   udp.o
       196         24          0          0        128       2526   usart.o

    ----------------------------------------------------------------------
     54870      15470       1440        244      21680    1662801   Object Totals
         0          0         32          0          0          0   (incl. Generated)
        54          0          9          1          6          0   (incl. Padding)

    ----------------------------------------------------------------------

      Code (inc. data)   RO Data    RW Data    ZI Data      Debug   Library Member Name

        28          0          0          0          0         68   _chval.o
       158          0          0          0          0         92   _strtoul.o
        26          0          0          0          0         80   atoi.o
         8          4        133          0          0         68   ctype_o.o
         0          0          0          0          0          0   entry.o
         0          0          0          0          0          0   entry10a.o
         0          0          0          0          0          0   entry11a.o
         8          4          0          0          0          0   entry2.o
         4          0          0          0          0          0   entry5.o
         0          0          0          0          0          0   entry7b.o
         0          0          0          0          0          0   entry8b.o
         8          4          0          0          0          0   entry9a.o
         8          4          0          4          0         68   errno.o
        30          0          0          0          0          0   handlers.o
        36          8          0          0          0         68   init.o
        30          0          0          0          0         68   llshl.o
        32          0          0          0          0         68   llushr.o
        26          0          0          0          0         80   memcmp.o
        36          0          0          0          0         68   memcpya.o
        36          0          0          0          0        108   memseta.o
       472         14          0          0          0        184   printf3.o
        36         10          0          4          0        136   rand.o
         0          0          0          4          0          0   stdout.o
       112          0          0          0          0         88   strtol.o
        44          0          0          0          0         80   uidiv.o
        98          0          0          0          0         92   uldiv.o

    ----------------------------------------------------------------------
      1242         48        136         12          0       1416   Library Totals
         6          0          3          0          0          0   (incl. Padding)

    ----------------------------------------------------------------------

      Code (inc. data)   RO Data    RW Data    ZI Data      Debug   Library Name

      1236         48        133         12          0       1416   mc_w.l

    ----------------------------------------------------------------------
      1242         48        136         12          0       1416   Library Totals

    ----------------------------------------------------------------------

==============================================================================


      Code (inc. data)   RO Data    RW Data    ZI Data      Debug   

     56112      15518       1576        256      21680    1635697   Grand Totals
     56112      15518       1576        256      21680    1635697   ELF Image Totals
     56112      15518       1576        256          0          0   ROM Totals

==============================================================================

    Total RO  Size (Code + RO Data)                57688 (  56.34kB)
    Total RW  Size (RW Data + ZI Data)             21936 (  21.42kB)
    Total ROM Size (Code + RO Data + RW Data)      57944 (  56.59kB)

==============================================================================

